###############################################################################
#
# IAR ELF Linker V8.50.1.245/W32 for ARM                  23/Nov/2022  00:03:47
# Copyright 2007-2020 IAR Systems AB.
#
#    Output file  =
#        C:\Repos\Projet-5e-Session\Centre-De-Tri\CentreDeTriS5\EWARM\CentreDeTriS5\Exe\CentreDeTriS5.out
#    Map file     =
#        C:\Repos\Projet-5e-Session\Centre-De-Tri\CentreDeTriS5\EWARM\CentreDeTriS5\List\CentreDeTriS5.map
#    Command line =
#        -f C:\Users\2040227\AppData\Local\Temp\EW9BFC.tmp
#        (C:\Repos\Projet-5e-Session\Centre-De-Tri\CentreDeTriS5\EWARM\CentreDeTriS5\Obj\interfaceT1.o
#        C:\Repos\Projet-5e-Session\Centre-De-Tri\CentreDeTriS5\EWARM\CentreDeTriS5\Obj\interfaceT2.o
#        C:\Repos\Projet-5e-Session\Centre-De-Tri\CentreDeTriS5\EWARM\CentreDeTriS5\Obj\interfaceT3.o
#        C:\Repos\Projet-5e-Session\Centre-De-Tri\CentreDeTriS5\EWARM\CentreDeTriS5\Obj\interfaceT4.o
#        C:\Repos\Projet-5e-Session\Centre-De-Tri\CentreDeTriS5\EWARM\CentreDeTriS5\Obj\interfaceUsine.o
#        C:\Repos\Projet-5e-Session\Centre-De-Tri\CentreDeTriS5\EWARM\CentreDeTriS5\Obj\main.o
#        C:\Repos\Projet-5e-Session\Centre-De-Tri\CentreDeTriS5\EWARM\CentreDeTriS5\Obj\piloteCAN1.o
#        C:\Repos\Projet-5e-Session\Centre-De-Tri\CentreDeTriS5\EWARM\CentreDeTriS5\Obj\piloteI2C.o
#        C:\Repos\Projet-5e-Session\Centre-De-Tri\CentreDeTriS5\EWARM\CentreDeTriS5\Obj\piloteIOB1.o
#        C:\Repos\Projet-5e-Session\Centre-De-Tri\CentreDeTriS5\EWARM\CentreDeTriS5\Obj\piloteIOT1.o
#        C:\Repos\Projet-5e-Session\Centre-De-Tri\CentreDeTriS5\EWARM\CentreDeTriS5\Obj\piloteIOT2.o
#        C:\Repos\Projet-5e-Session\Centre-De-Tri\CentreDeTriS5\EWARM\CentreDeTriS5\Obj\piloteIOT3.o
#        C:\Repos\Projet-5e-Session\Centre-De-Tri\CentreDeTriS5\EWARM\CentreDeTriS5\Obj\piloteIOT4.o
#        C:\Repos\Projet-5e-Session\Centre-De-Tri\CentreDeTriS5\EWARM\CentreDeTriS5\Obj\piloteTimer6Up.o
#        C:\Repos\Projet-5e-Session\Centre-De-Tri\CentreDeTriS5\EWARM\CentreDeTriS5\Obj\processusUsine.o
#        C:\Repos\Projet-5e-Session\Centre-De-Tri\CentreDeTriS5\EWARM\CentreDeTriS5\Obj\serviceBaseDeTemps.o
#        C:\Repos\Projet-5e-Session\Centre-De-Tri\CentreDeTriS5\EWARM\CentreDeTriS5\Obj\startup_stm32f407xx.o
#        C:\Repos\Projet-5e-Session\Centre-De-Tri\CentreDeTriS5\EWARM\CentreDeTriS5\Obj\stm32f4xx_hal.o
#        C:\Repos\Projet-5e-Session\Centre-De-Tri\CentreDeTriS5\EWARM\CentreDeTriS5\Obj\stm32f4xx_hal_can.o
#        C:\Repos\Projet-5e-Session\Centre-De-Tri\CentreDeTriS5\EWARM\CentreDeTriS5\Obj\stm32f4xx_hal_cortex.o
#        C:\Repos\Projet-5e-Session\Centre-De-Tri\CentreDeTriS5\EWARM\CentreDeTriS5\Obj\stm32f4xx_hal_dma.o
#        C:\Repos\Projet-5e-Session\Centre-De-Tri\CentreDeTriS5\EWARM\CentreDeTriS5\Obj\stm32f4xx_hal_dma_ex.o
#        C:\Repos\Projet-5e-Session\Centre-De-Tri\CentreDeTriS5\EWARM\CentreDeTriS5\Obj\stm32f4xx_hal_exti.o
#        C:\Repos\Projet-5e-Session\Centre-De-Tri\CentreDeTriS5\EWARM\CentreDeTriS5\Obj\stm32f4xx_hal_flash.o
#        C:\Repos\Projet-5e-Session\Centre-De-Tri\CentreDeTriS5\EWARM\CentreDeTriS5\Obj\stm32f4xx_hal_flash_ex.o
#        C:\Repos\Projet-5e-Session\Centre-De-Tri\CentreDeTriS5\EWARM\CentreDeTriS5\Obj\stm32f4xx_hal_flash_ramfunc.o
#        C:\Repos\Projet-5e-Session\Centre-De-Tri\CentreDeTriS5\EWARM\CentreDeTriS5\Obj\stm32f4xx_hal_gpio.o
#        C:\Repos\Projet-5e-Session\Centre-De-Tri\CentreDeTriS5\EWARM\CentreDeTriS5\Obj\stm32f4xx_hal_i2c.o
#        C:\Repos\Projet-5e-Session\Centre-De-Tri\CentreDeTriS5\EWARM\CentreDeTriS5\Obj\stm32f4xx_hal_i2c_ex.o
#        C:\Repos\Projet-5e-Session\Centre-De-Tri\CentreDeTriS5\EWARM\CentreDeTriS5\Obj\stm32f4xx_hal_msp.o
#        C:\Repos\Projet-5e-Session\Centre-De-Tri\CentreDeTriS5\EWARM\CentreDeTriS5\Obj\stm32f4xx_hal_pwr.o
#        C:\Repos\Projet-5e-Session\Centre-De-Tri\CentreDeTriS5\EWARM\CentreDeTriS5\Obj\stm32f4xx_hal_pwr_ex.o
#        C:\Repos\Projet-5e-Session\Centre-De-Tri\CentreDeTriS5\EWARM\CentreDeTriS5\Obj\stm32f4xx_hal_rcc.o
#        C:\Repos\Projet-5e-Session\Centre-De-Tri\CentreDeTriS5\EWARM\CentreDeTriS5\Obj\stm32f4xx_hal_rcc_ex.o
#        C:\Repos\Projet-5e-Session\Centre-De-Tri\CentreDeTriS5\EWARM\CentreDeTriS5\Obj\stm32f4xx_hal_tim.o
#        C:\Repos\Projet-5e-Session\Centre-De-Tri\CentreDeTriS5\EWARM\CentreDeTriS5\Obj\stm32f4xx_hal_tim_ex.o
#        C:\Repos\Projet-5e-Session\Centre-De-Tri\CentreDeTriS5\EWARM\CentreDeTriS5\Obj\stm32f4xx_hal_uart.o
#        C:\Repos\Projet-5e-Session\Centre-De-Tri\CentreDeTriS5\EWARM\CentreDeTriS5\Obj\stm32f4xx_it.o
#        C:\Repos\Projet-5e-Session\Centre-De-Tri\CentreDeTriS5\EWARM\CentreDeTriS5\Obj\system_stm32f4xx.o
#        --redirect _Printf=_PrintfFull --redirect _Scanf=_ScanfFull
#        --no_out_extension -o
#        C:\Repos\Projet-5e-Session\Centre-De-Tri\CentreDeTriS5\EWARM\CentreDeTriS5\Exe\CentreDeTriS5.out
#        --map
#        C:\Repos\Projet-5e-Session\Centre-De-Tri\CentreDeTriS5\EWARM\CentreDeTriS5\List\CentreDeTriS5.map
#        --config
#        C:\Repos\Projet-5e-Session\Centre-De-Tri\CentreDeTriS5\EWARM/stm32f407xx_flash.icf
#        --semihosting --entry __iar_program_start --vfe --text_out locale)
#
###############################################################################

*******************************************************************************
*** RUNTIME MODEL ATTRIBUTES
***

CppFlavor        = *
__CPP_Exceptions = Disabled
__CPP_Language   = C++14
__SystemLibrary  = DLib
__dlib_version   = 6


*******************************************************************************
*** HEAP SELECTION
***

The basic heap was selected because no calls to memory allocation
functions were found in the application outside of system library
functions, and there are calls to deallocation functions in the
application.


*******************************************************************************
*** PLACEMENT SUMMARY
***

"A0":  place at address 0x800'0000 { ro section .intvec };
"P1":  place in [from 0x800'0000 to 0x80f'ffff] { ro };
define block CSTACK with size = 1K, alignment = 8 { };
define block HEAP with size = 512, alignment = 8 { };
"P2":  place in [from 0x2000'0000 to 0x2001'ffff] {
          rw, block CSTACK, block HEAP };
initialize by copy { rw };

  Section            Kind         Address    Size  Object
  -------            ----         -------    ----  ------
"A0":                                       0x188
  .intvec            ro code   0x800'0000   0x188  startup_stm32f407xx.o [1]
                             - 0x800'0188   0x188

"P1":                                      0x23e4
  .text              ro code   0x800'0188   0x582  stm32f4xx_hal_i2c.o [1]
  .text              ro code   0x800'070a    0x3a  zero_init3.o [4]
  .text              ro code   0x800'0744   0x1c8  stm32f4xx_hal_msp.o [1]
  .text              ro code   0x800'090c   0x1bc  stm32f4xx_hal_rcc.o [1]
  .text              ro code   0x800'0ac8     0xc  stm32f4xx_hal.o [1]
  .text              ro code   0x800'0ad4    0xf0  stm32f4xx_hal_cortex.o [1]
  .text              ro code   0x800'0bc4    0x14  memset.o [4]
  .text              ro code   0x800'0bd8   0x1e4  stm32f4xx_hal_gpio.o [1]
  .text              ro code   0x800'0dbc    0x48  stm32f4xx_hal.o [1]
  .text              ro code   0x800'0e04   0x230  I64DivMod.o [4]
  .text              ro code   0x800'1034    0x66  ABImemset.o [4]
  .text              ro code   0x800'109a    0x2e  copy_init3.o [4]
  .text              ro code   0x800'10c8     0x2  I64DivZer.o [4]
  .rodata            const     0x800'10ca     0x1  unwind_debug.o [5]
  .text              ro code   0x800'10cc   0x44e  main.o [1]
  .text              ro code   0x800'151c    0x28  piloteTimer6Up.o [1]
  .text              ro code   0x800'1544     0x2  piloteIOB1.o [1]
  .text              ro code   0x800'1548    0x1c  piloteIOT1.o [1]
  .text              ro code   0x800'1564    0x1c  piloteIOT2.o [1]
  .text              ro code   0x800'1580    0x1c  piloteIOT3.o [1]
  .text              ro code   0x800'159c    0x1c  piloteIOT4.o [1]
  .text              ro code   0x800'15b8    0x48  serviceBaseDeTemps.o [1]
  .text              ro code   0x800'1600    0x12  interfaceT1.o [1]
  .text              ro code   0x800'1612    0x12  interfaceT2.o [1]
  .text              ro code   0x800'1624     0x6  interfaceT3.o [1]
  .text              ro code   0x800'162a     0x6  interfaceT4.o [1]
  .text              ro code   0x800'1630    0x6c  processusUsine.o [1]
  .text              ro code   0x800'169c    0x58  piloteCAN1.o [1]
  .text              ro code   0x800'16f4    0x34  stm32f4xx_hal.o [1]
  .text              ro code   0x800'1728   0x2e8  stm32f4xx_hal_rcc.o [1]
  .text              ro code   0x800'1a10   0x284  stm32f4xx_hal_can.o [1]
  .text              ro code   0x800'1c94   0x284  stm32f4xx_hal_tim.o [1]
  .text              ro code   0x800'1f18    0x40  stm32f4xx_hal_tim_ex.o [1]
  .text              ro code   0x800'1f58   0x2e0  stm32f4xx_hal_uart.o [1]
  .text              ro code   0x800'2238    0x1c  piloteI2C.o [1]
  .text              ro code   0x800'2254    0x40  interfaceUsine.o [1]
  .text              ro code   0x800'2294     0x2  stm32f4xx_hal_tim.o [1]
  .text              ro code   0x800'2296     0x2  stm32f4xx_hal_tim.o [1]
  .text              ro code   0x800'2298     0x2  stm32f4xx_hal_tim.o [1]
  .text              ro code   0x800'229a     0x2  stm32f4xx_hal_tim_ex.o [1]
  .text              ro code   0x800'229c     0x2  stm32f4xx_hal_tim.o [1]
  .text              ro code   0x800'229e     0x2  stm32f4xx_hal_tim_ex.o [1]
  .text              ro code   0x800'22a0    0x60  system_stm32f4xx.o [1]
  .text              ro code   0x800'2300    0x28  data_init.o [4]
  .text              ro code   0x800'2328    0x22  fpinit_M.o [3]
  .iar.init_table    const     0x800'234c    0x24  - Linker created -
  .text              ro code   0x800'2370    0x1e  cmain.o [4]
  .text              ro code   0x800'238e     0x4  low_level_init.o [2]
  .text              ro code   0x800'2392     0x4  exit.o [2]
  .text              ro code   0x800'2398     0xa  cexit.o [4]
  .text              ro code   0x800'23a4    0x14  exit.o [5]
  .text              ro code   0x800'23b8    0x10  startup_stm32f407xx.o [1]
  .text              ro code   0x800'23c8    0x10  stm32f4xx_hal.o [1]
  .text              ro code   0x800'23d8    0x10  stm32f4xx_it.o [1]
  Initializer bytes  const     0x800'23e8    0x10  <for P2-1>
  .text              ro code   0x800'23f8     0xc  cstartup_M.o [4]
  .rodata            const     0x800'2404     0x8  system_stm32f4xx.o [1]
  .text              ro code   0x800'240c     0x4  startup_stm32f407xx.o [1]
  .text              ro code   0x800'2410     0x4  startup_stm32f407xx.o [1]
  .text              ro code   0x800'2414     0x4  startup_stm32f407xx.o [1]
  .text              ro code   0x800'2418     0x4  startup_stm32f407xx.o [1]
  .text              ro code   0x800'241c     0x4  startup_stm32f407xx.o [1]
  .text              ro code   0x800'2420     0x4  startup_stm32f407xx.o [1]
  .text              ro code   0x800'2424     0x4  startup_stm32f407xx.o [1]
  .text              ro code   0x800'2428     0x4  startup_stm32f407xx.o [1]
  .text              ro code   0x800'242c     0x4  startup_stm32f407xx.o [1]
  .text              ro code   0x800'2430     0x4  startup_stm32f407xx.o [1]
  .text              ro code   0x800'2434     0x4  startup_stm32f407xx.o [1]
  .text              ro code   0x800'2438     0x4  startup_stm32f407xx.o [1]
  .text              ro code   0x800'243c     0x4  startup_stm32f407xx.o [1]
  .text              ro code   0x800'2440     0x4  startup_stm32f407xx.o [1]
  .text              ro code   0x800'2444     0x4  startup_stm32f407xx.o [1]
  .text              ro code   0x800'2448     0x4  startup_stm32f407xx.o [1]
  .text              ro code   0x800'244c     0x4  startup_stm32f407xx.o [1]
  .text              ro code   0x800'2450     0x4  startup_stm32f407xx.o [1]
  .text              ro code   0x800'2454     0x4  startup_stm32f407xx.o [1]
  .text              ro code   0x800'2458     0x4  startup_stm32f407xx.o [1]
  .text              ro code   0x800'245c     0x4  startup_stm32f407xx.o [1]
  .text              ro code   0x800'2460     0x4  startup_stm32f407xx.o [1]
  .text              ro code   0x800'2464     0x4  startup_stm32f407xx.o [1]
  .text              ro code   0x800'2468     0x4  startup_stm32f407xx.o [1]
  .text              ro code   0x800'246c     0x4  startup_stm32f407xx.o [1]
  .text              ro code   0x800'2470     0x4  startup_stm32f407xx.o [1]
  .text              ro code   0x800'2474     0x4  startup_stm32f407xx.o [1]
  .text              ro code   0x800'2478     0x4  startup_stm32f407xx.o [1]
  .text              ro code   0x800'247c     0x4  startup_stm32f407xx.o [1]
  .text              ro code   0x800'2480     0x4  startup_stm32f407xx.o [1]
  .text              ro code   0x800'2484     0x4  startup_stm32f407xx.o [1]
  .text              ro code   0x800'2488     0x4  startup_stm32f407xx.o [1]
  .text              ro code   0x800'248c     0x4  startup_stm32f407xx.o [1]
  .text              ro code   0x800'2490     0x4  startup_stm32f407xx.o [1]
  .text              ro code   0x800'2494     0x4  startup_stm32f407xx.o [1]
  .text              ro code   0x800'2498     0x4  startup_stm32f407xx.o [1]
  .text              ro code   0x800'249c     0x4  startup_stm32f407xx.o [1]
  .text              ro code   0x800'24a0     0x4  startup_stm32f407xx.o [1]
  .text              ro code   0x800'24a4     0x4  startup_stm32f407xx.o [1]
  .text              ro code   0x800'24a8     0x4  startup_stm32f407xx.o [1]
  .text              ro code   0x800'24ac     0x4  startup_stm32f407xx.o [1]
  .text              ro code   0x800'24b0     0x4  startup_stm32f407xx.o [1]
  .text              ro code   0x800'24b4     0x4  startup_stm32f407xx.o [1]
  .text              ro code   0x800'24b8     0x4  startup_stm32f407xx.o [1]
  .text              ro code   0x800'24bc     0x4  startup_stm32f407xx.o [1]
  .text              ro code   0x800'24c0     0x4  startup_stm32f407xx.o [1]
  .text              ro code   0x800'24c4     0x4  startup_stm32f407xx.o [1]
  .text              ro code   0x800'24c8     0x4  startup_stm32f407xx.o [1]
  .text              ro code   0x800'24cc     0x4  startup_stm32f407xx.o [1]
  .text              ro code   0x800'24d0     0x4  startup_stm32f407xx.o [1]
  .text              ro code   0x800'24d4     0x4  startup_stm32f407xx.o [1]
  .text              ro code   0x800'24d8     0x4  startup_stm32f407xx.o [1]
  .text              ro code   0x800'24dc     0x4  startup_stm32f407xx.o [1]
  .text              ro code   0x800'24e0     0x4  startup_stm32f407xx.o [1]
  .text              ro code   0x800'24e4     0x4  startup_stm32f407xx.o [1]
  .text              ro code   0x800'24e8     0x4  startup_stm32f407xx.o [1]
  .text              ro code   0x800'24ec     0x4  startup_stm32f407xx.o [1]
  .text              ro code   0x800'24f0     0x4  startup_stm32f407xx.o [1]
  .text              ro code   0x800'24f4     0x4  startup_stm32f407xx.o [1]
  .text              ro code   0x800'24f8     0x4  startup_stm32f407xx.o [1]
  .text              ro code   0x800'24fc     0x4  startup_stm32f407xx.o [1]
  .text              ro code   0x800'2500     0x4  startup_stm32f407xx.o [1]
  .text              ro code   0x800'2504     0x4  startup_stm32f407xx.o [1]
  .text              ro code   0x800'2508     0x4  startup_stm32f407xx.o [1]
  .text              ro code   0x800'250c     0x4  startup_stm32f407xx.o [1]
  .text              ro code   0x800'2510     0x4  startup_stm32f407xx.o [1]
  .text              ro code   0x800'2514     0x4  startup_stm32f407xx.o [1]
  .text              ro code   0x800'2518     0x4  startup_stm32f407xx.o [1]
  .text              ro code   0x800'251c     0x4  startup_stm32f407xx.o [1]
  .text              ro code   0x800'2520     0x4  startup_stm32f407xx.o [1]
  .text              ro code   0x800'2524     0x4  startup_stm32f407xx.o [1]
  .text              ro code   0x800'2528     0x4  startup_stm32f407xx.o [1]
  .text              ro code   0x800'252c     0x4  startup_stm32f407xx.o [1]
  .text              ro code   0x800'2530     0x4  startup_stm32f407xx.o [1]
  .text              ro code   0x800'2534     0x4  startup_stm32f407xx.o [1]
  .text              ro code   0x800'2538     0x4  startup_stm32f407xx.o [1]
  .text              ro code   0x800'253c     0x4  startup_stm32f407xx.o [1]
  .text              ro code   0x800'2540     0x4  startup_stm32f407xx.o [1]
  .text              ro code   0x800'2544     0x4  startup_stm32f407xx.o [1]
  .text              ro code   0x800'2548     0x4  startup_stm32f407xx.o [1]
  .text              ro code   0x800'254c     0x4  startup_stm32f407xx.o [1]
  .text              ro code   0x800'2550     0x4  startup_stm32f407xx.o [1]
  .text              ro code   0x800'2554     0x4  startup_stm32f407xx.o [1]
  .text              ro code   0x800'2558     0x4  startup_stm32f407xx.o [1]
  .text              ro code   0x800'255c     0x4  startup_stm32f407xx.o [1]
  .text              ro code   0x800'2560     0x4  startup_stm32f407xx.o [1]
  .text              ro code   0x800'2564     0x4  startup_stm32f407xx.o [1]
  .text              ro code   0x800'2568     0x4  startup_stm32f407xx.o [1]
  .rodata            const     0x800'256c     0x0  zero_init3.o [4]
  .rodata            const     0x800'256c     0x0  copy_init3.o [4]
                             - 0x800'256c  0x23e4

"P2", part 1 of 3:                           0x10
  P2-1                        0x2000'0000    0x10  <Init block>
    .data            inited   0x2000'0000     0xc  stm32f4xx_hal.o [1]
    .data            inited   0x2000'000c     0x4  system_stm32f4xx.o [1]
                            - 0x2000'0010    0x10

"P2", part 2 of 3:                          0x26c
  .bss               zero     0x2000'0010   0x110  interfaceUsine.o [1]
  .bss               zero     0x2000'0120    0x54  main.o [1]
  .bss               zero     0x2000'0174    0x44  piloteCAN1.o [1]
  .bss               zero     0x2000'01b8    0x40  main.o [1]
  .bss               zero     0x2000'01f8    0x40  main.o [1]
  .bss               zero     0x2000'0238    0x28  main.o [1]
  .bss               zero     0x2000'0260     0x8  interfaceUsine.o [1]
  .bss               zero     0x2000'0268     0x8  processusUsine.o [1]
  .bss               zero     0x2000'0270     0x8  serviceBaseDeTemps.o [1]
  .bss               zero     0x2000'0278     0x4  piloteTimer6Up.o [1]
                            - 0x2000'027c   0x26c

"P2", part 3 of 3:                          0x400
  CSTACK                      0x2000'0280   0x400  <Block>
    CSTACK           uninit   0x2000'0280   0x400  <Block tail>
                            - 0x2000'0680   0x400

Unused ranges:

         From           To      Size
         ----           --      ----
   0x800'256c   0x80f'ffff  0xf'da94
  0x2000'027c  0x2000'027f       0x4
  0x2000'0680  0x2001'ffff  0x1'f980


*******************************************************************************
*** INIT TABLE
***

          Address      Size
          -------      ----
Zero (__iar_zero_init3)
    1 destination range, total size 0x26c:
          0x2000'0010  0x26c

Copy (__iar_copy_init3)
    1 source range, total size 0x10:
           0x800'23e8   0x10
    1 destination range, total size 0x10:
          0x2000'0000   0x10



*******************************************************************************
*** MODULE SUMMARY
***

    Module                  ro code  ro data  rw data
    ------                  -------  -------  -------
command line/config:
    -------------------------------------------------
    Total:

C:\Repos\Projet-5e-Session\Centre-De-Tri\CentreDeTriS5\EWARM\CentreDeTriS5\Obj: [1]
    interfaceT1.o                18
    interfaceT2.o                18
    interfaceT3.o                 6
    interfaceT4.o                 6
    interfaceUsine.o             64               280
    main.o                    1'102               252
    piloteCAN1.o                 88                68
    piloteI2C.o                  28
    piloteIOB1.o                  2
    piloteIOT1.o                 28
    piloteIOT2.o                 28
    piloteIOT3.o                 28
    piloteIOT4.o                 28
    piloteTimer6Up.o             40                 4
    processusUsine.o            108                 8
    serviceBaseDeTemps.o         72                 8
    startup_stm32f407xx.o       760
    stm32f4xx_hal.o             152       12       12
    stm32f4xx_hal_can.o         644
    stm32f4xx_hal_cortex.o      240
    stm32f4xx_hal_gpio.o        484
    stm32f4xx_hal_i2c.o       1'410
    stm32f4xx_hal_msp.o         456
    stm32f4xx_hal_rcc.o       1'188
    stm32f4xx_hal_tim.o         652
    stm32f4xx_hal_tim_ex.o       68
    stm32f4xx_hal_uart.o        736
    stm32f4xx_it.o               16
    system_stm32f4xx.o           96       12        4
    -------------------------------------------------
    Total:                    8'566       24      636

dl7M_tln.a: [2]
    exit.o                        4
    low_level_init.o              4
    -------------------------------------------------
    Total:                        8

m7M_tls.a: [3]
    fpinit_M.o                   34
    -------------------------------------------------
    Total:                       34

rt7M_tl.a: [4]
    ABImemset.o                 102
    I64DivMod.o                 560
    I64DivZer.o                   2
    cexit.o                      10
    cmain.o                      30
    copy_init3.o                 46
    cstartup_M.o                 12
    data_init.o                  40
    memset.o                     20
    zero_init3.o                 58
    -------------------------------------------------
    Total:                      880

shb_l.a: [5]
    exit.o                       20
    unwind_debug.o                         1
    -------------------------------------------------
    Total:                       20        1

    Gaps                          9        2
    Linker created                        36    1'024
-----------------------------------------------------
    Grand Total:              9'517       63    1'660


*******************************************************************************
*** ENTRY LIST
***

Entry                       Address   Size  Type      Object
-----                       -------   ----  ----      ------
.iar.init_table$$Base    0x800'234c          --   Gb  - Linker created -
.iar.init_table$$Limit   0x800'2370          --   Gb  - Linker created -
?main                    0x800'2371         Code  Gb  cmain.o [4]
AHBPrescTable            0x800'22f0   0x10  Data  Gb  system_stm32f4xx.o [1]
APBPrescTable            0x800'2404    0x8  Data  Gb  system_stm32f4xx.o [1]
CSTACK$$Base            0x2000'0280          --   Gb  - Linker created -
CSTACK$$Limit           0x2000'0680          --   Gb  - Linker created -
Error_Handler            0x800'1519    0x2  Code  Gb  main.o [1]
HAL_CAN_ConfigFilter     0x800'1b43   0xf0  Code  Gb  stm32f4xx_hal_can.o [1]
HAL_CAN_Init             0x800'1a11  0x132  Code  Gb  stm32f4xx_hal_can.o [1]
HAL_CAN_MspInit          0x800'077d   0x66  Code  Gb  stm32f4xx_hal_msp.o [1]
HAL_CAN_Start            0x800'1c33   0x58  Code  Gb  stm32f4xx_hal_can.o [1]
HAL_GPIO_Init            0x800'0bd9  0x1a8  Code  Gb  stm32f4xx_hal_gpio.o [1]
HAL_GPIO_WritePin        0x800'0d81    0xe  Code  Gb  stm32f4xx_hal_gpio.o [1]
HAL_GetTick              0x800'0ac9    0xc  Code  Wk  stm32f4xx_hal.o [1]
HAL_I2C_Init             0x800'0189  0x166  Code  Gb  stm32f4xx_hal_i2c.o [1]
HAL_I2C_Master_Transmit
                         0x800'02ef  0x13c  Code  Gb  stm32f4xx_hal_i2c.o [1]
HAL_I2C_MspInit          0x800'07e3   0x68  Code  Gb  stm32f4xx_hal_msp.o [1]
HAL_IncTick              0x800'23c9   0x10  Code  Wk  stm32f4xx_hal.o [1]
HAL_Init                 0x800'16f5   0x30  Code  Gb  stm32f4xx_hal.o [1]
HAL_InitTick             0x800'0dbd   0x48  Code  Wk  stm32f4xx_hal.o [1]
HAL_MspInit              0x800'0745   0x38  Code  Gb  stm32f4xx_hal_msp.o [1]
HAL_NVIC_EnableIRQ       0x800'0ba7    0x2  Code  Gb  stm32f4xx_hal_cortex.o [1]
HAL_NVIC_SetPriority     0x800'0b89   0x1e  Code  Gb  stm32f4xx_hal_cortex.o [1]
HAL_NVIC_SetPriorityGrouping
                         0x800'0b87    0x2  Code  Gb  stm32f4xx_hal_cortex.o [1]
HAL_RCC_ClockConfig      0x800'090d  0x10e  Code  Gb  stm32f4xx_hal_rcc.o [1]
HAL_RCC_GetHCLKFreq      0x800'0a1b    0x6  Code  Gb  stm32f4xx_hal_rcc.o [1]
HAL_RCC_GetPCLK1Freq     0x800'0a21   0x16  Code  Gb  stm32f4xx_hal_rcc.o [1]
HAL_RCC_GetPCLK2Freq     0x800'0a37   0x16  Code  Gb  stm32f4xx_hal_rcc.o [1]
HAL_RCC_OscConfig        0x800'1729  0x2e8  Code  Wk  stm32f4xx_hal_rcc.o [1]
HAL_SYSTICK_Config       0x800'0ba9    0x2  Code  Gb  stm32f4xx_hal_cortex.o [1]
HAL_TIMEx_BreakCallback
                         0x800'229b    0x2  Code  Wk  stm32f4xx_hal_tim_ex.o [1]
HAL_TIMEx_CommutCallback
                         0x800'229f    0x2  Code  Wk  stm32f4xx_hal_tim_ex.o [1]
HAL_TIMEx_MasterConfigSynchronization
                         0x800'1f19   0x40  Code  Gb  stm32f4xx_hal_tim_ex.o [1]
HAL_TIM_Base_Init        0x800'1c95   0x32  Code  Gb  stm32f4xx_hal_tim.o [1]
HAL_TIM_Base_MspInit     0x800'084b   0x38  Code  Gb  stm32f4xx_hal_msp.o [1]
HAL_TIM_Base_Start_IT    0x800'1cc7   0x22  Code  Gb  stm32f4xx_hal_tim.o [1]
HAL_TIM_IRQHandler       0x800'1ce9  0x152  Code  Gb  stm32f4xx_hal_tim.o [1]
HAL_TIM_PeriodElapsedCallback
                         0x800'151d    0xe  Code  Gb  piloteTimer6Up.o [1]
HAL_UART_Init            0x800'1f59   0x5e  Code  Gb  stm32f4xx_hal_uart.o [1]
HAL_UART_MspInit         0x800'0883   0x66  Code  Gb  stm32f4xx_hal_msp.o [1]
Region$$Table$$Base      0x800'234c          --   Gb  - Linker created -
Region$$Table$$Limit     0x800'2370          --   Gb  - Linker created -
SysTick_Handler          0x800'23d9    0x4  Code  Gb  stm32f4xx_it.o [1]
SystemClock_Config()     0x800'113b   0xa6  Code  Gb  main.o [1]
SystemCoreClock         0x2000'000c    0x4  Data  Gb  system_stm32f4xx.o [1]
SystemInit               0x800'22a1   0x3a  Code  Gb  system_stm32f4xx.o [1]
TIM6_DAC_IRQHandler      0x800'23dd    0x6  Code  Gb  stm32f4xx_it.o [1]
TIM_Base_SetConfig       0x800'1e3b   0xb0  Code  Gb  stm32f4xx_hal_tim.o [1]
[local to main_c]::MX_CAN1_Init()
                         0x800'11e1   0x34  Code  Lc  main.o [1]
[local to main_c]::MX_GPIO_Init()
                         0x800'12c3  0x20c  Code  Lc  main.o [1]
[local to main_c]::MX_I2C1_Init()
                         0x800'1215   0x34  Code  Lc  main.o [1]
[local to main_c]::MX_TIM6_Init()
                         0x800'1249   0x4a  Code  Lc  main.o [1]
[local to main_c]::MX_USART2_UART_Init()
                         0x800'1293   0x30  Code  Lc  main.o [1]
[local to stm32f4xx_hal_cortex_c]::NVIC_EncodePriority(unsigned int, unsigned int, unsigned int)
                         0x800'0b29   0x36  Code  Lc  stm32f4xx_hal_cortex.o [1]
[local to stm32f4xx_hal_cortex_c]::SysTick_Config(unsigned int)
                         0x800'0b5f   0x28  Code  Lc  stm32f4xx_hal_cortex.o [1]
[local to stm32f4xx_hal_cortex_c]::__NVIC_EnableIRQ(IRQn_Type)
                         0x800'0af9   0x16  Code  Lc  stm32f4xx_hal_cortex.o [1]
[local to stm32f4xx_hal_cortex_c]::__NVIC_GetPriorityGrouping()
                         0x800'0aef    0xa  Code  Lc  stm32f4xx_hal_cortex.o [1]
[local to stm32f4xx_hal_cortex_c]::__NVIC_SetPriority(IRQn_Type, unsigned int)
                         0x800'0b0f   0x1a  Code  Lc  stm32f4xx_hal_cortex.o [1]
[local to stm32f4xx_hal_cortex_c]::__NVIC_SetPriorityGrouping(unsigned int)
                         0x800'0ad5   0x1a  Code  Lc  stm32f4xx_hal_cortex.o [1]
[local to stm32f4xx_hal_i2c_c]::I2C_IsAcknowledgeFailed(__I2C_HandleTypeDef *)
                         0x800'06db   0x30  Code  Lc  stm32f4xx_hal_i2c.o [1]
[local to stm32f4xx_hal_i2c_c]::I2C_MasterRequestWrite(__I2C_HandleTypeDef *, unsigned short, unsigned int, unsigned int)
                         0x800'044d   0xa2  Code  Lc  stm32f4xx_hal_i2c.o [1]
[local to stm32f4xx_hal_i2c_c]::I2C_WaitOnBTFFlagUntilTimeout(__I2C_HandleTypeDef *, unsigned int, unsigned int)
                         0x800'0685   0x56  Code  Lc  stm32f4xx_hal_i2c.o [1]
[local to stm32f4xx_hal_i2c_c]::I2C_WaitOnFlagUntilTimeout(__I2C_HandleTypeDef *, unsigned int, FlagStatus, unsigned int, unsigned int)
                         0x800'04fd   0x84  Code  Lc  stm32f4xx_hal_i2c.o [1]
[local to stm32f4xx_hal_i2c_c]::I2C_WaitOnMasterAddressFlagUntilTimeout(__I2C_HandleTypeDef *, unsigned int, unsigned int, unsigned int)
                         0x800'0581   0xae  Code  Lc  stm32f4xx_hal_i2c.o [1]
[local to stm32f4xx_hal_i2c_c]::I2C_WaitOnTXEFlagUntilTimeout(__I2C_HandleTypeDef *, unsigned int, unsigned int)
                         0x800'062f   0x56  Code  Lc  stm32f4xx_hal_i2c.o [1]
[local to stm32f4xx_hal_uart_c]::UART_SetConfig(__UART_HandleTypeDef *)
                         0x800'1fb7  0x274  Code  Lc  stm32f4xx_hal_uart.o [1]
__aeabi_ldiv0            0x800'10c9         Code  Gb  I64DivZer.o [4]
__aeabi_memset           0x800'1035         Code  Gb  ABImemset.o [4]
__aeabi_uldivmod         0x800'0e05         Code  Gb  I64DivMod.o [4]
__cmain                  0x800'2371         Code  Gb  cmain.o [4]
__exit                   0x800'23a5   0x14  Code  Gb  exit.o [5]
__iar_Memset             0x800'1035         Code  Gb  ABImemset.o [4]
__iar_Memset_word        0x800'103d         Code  Gb  ABImemset.o [4]
__iar_copy_init3         0x800'109b   0x2e  Code  Gb  copy_init3.o [4]
__iar_data_init3         0x800'2301   0x28  Code  Gb  data_init.o [4]
__iar_debug_exceptions   0x800'10ca    0x1  Data  Gb  unwind_debug.o [5]
__iar_init_vfp           0x800'2329         Code  Gb  fpinit_M.o [3]
__iar_program_start      0x800'23f9         Code  Gb  cstartup_M.o [4]
__iar_zero_init3         0x800'070b   0x3a  Code  Gb  zero_init3.o [4]
__low_level_init         0x800'238f    0x4  Code  Gb  low_level_init.o [2]
__vector_table           0x800'0000         Data  Gb  startup_stm32f407xx.o [1]
_call_main               0x800'237d         Code  Gb  cmain.o [4]
_exit                    0x800'2399         Code  Gb  cexit.o [4]
_main                    0x800'238b         Code  Gb  cmain.o [4]
elementsDuCentreDeTri   0x2000'0010  0x110  Data  Gb  interfaceUsine.o [1]
exit                     0x800'2393    0x4  Code  Gb  exit.o [2]
hcan1                   0x2000'0238   0x28  Data  Gb  main.o [1]
hi2c1                   0x2000'0120   0x54  Data  Gb  main.o [1]
htim6                   0x2000'01b8   0x40  Data  Gb  main.o [1]
huart2                  0x2000'01f8   0x40  Data  Gb  main.o [1]
interfaceT1_allume()     0x800'1601    0x6  Code  Gb  interfaceT1.o [1]
interfaceT1_eteint()     0x800'1607    0x6  Code  Gb  interfaceT1.o [1]
interfaceT1_initialise()
                         0x800'160d    0x6  Code  Gb  interfaceT1.o [1]
interfaceT2_allume()     0x800'1613    0x6  Code  Gb  interfaceT2.o [1]
interfaceT2_eteint()     0x800'1619    0x6  Code  Gb  interfaceT2.o [1]
interfaceT2_initialise()
                         0x800'161f    0x6  Code  Gb  interfaceT2.o [1]
interfaceT3_initialise()
                         0x800'1625    0x6  Code  Gb  interfaceT3.o [1]
interfaceT4_initialise()
                         0x800'162b    0x6  Code  Gb  interfaceT4.o [1]
interfaceUsine_EcritUnElement(unsigned char, bool)
                         0x800'2255   0x36  Code  Gb  interfaceUsine.o [1]
main                     0x800'1113   0x28  Code  Gb  main.o [1]
main_initialiseApresLeHAL()
                         0x800'1103    0xe  Code  Gb  main.o [1]
main_initialiseAvantLeHAL()
                         0x800'10cd   0x36  Code  Gb  main.o [1]
memset                   0x800'0bc5   0x14  Code  Gb  memset.o [4]
neFaitRien               0x800'1111    0x2  Code  Gb  main.o [1]
piloteCAN1_CasierPostal
                        0x2000'01b4    0x4  Data  Gb  piloteCAN1.o [1]
piloteCAN1_filtre       0x2000'018c   0x28  Data  Gb  piloteCAN1.o [1]
piloteCAN1_initialise()
                         0x800'169d   0x50  Code  Gb  piloteCAN1.o [1]
piloteCAN1_transmission
                        0x2000'0174   0x18  Data  Gb  piloteCAN1.o [1]
piloteI2C_Transmit(unsigned char, unsigned char)
                         0x800'2239   0x16  Code  Gb  piloteI2C.o [1]
piloteIOB1_initialise()
                         0x800'1545    0x2  Code  Gb  piloteIOB1.o [1]
piloteIOT1_initialise()
                         0x800'1555    0xc  Code  Gb  piloteIOT1.o [1]
piloteIOT1_metLaSortieA(unsigned char)
                         0x800'1549    0xc  Code  Gb  piloteIOT1.o [1]
piloteIOT2_initialise()
                         0x800'1571    0xc  Code  Gb  piloteIOT2.o [1]
piloteIOT2_metLaSortieA(unsigned char)
                         0x800'1565    0xc  Code  Gb  piloteIOT2.o [1]
piloteIOT3_initialise()
                         0x800'158d    0xc  Code  Gb  piloteIOT3.o [1]
piloteIOT3_metLaSortieA(unsigned char)
                         0x800'1581    0xc  Code  Gb  piloteIOT3.o [1]
piloteIOT4_initialise()
                         0x800'15a9    0xc  Code  Gb  piloteIOT4.o [1]
piloteIOT4_metLaSortieA(unsigned char)
                         0x800'159d    0xc  Code  Gb  piloteIOT4.o [1]
piloteTimer6Up_execute  0x2000'0278    0x4  Data  Gb  piloteTimer6Up.o [1]
piloteTimer6Up_initialise()
                         0x800'1531    0x8  Code  Gb  piloteTimer6Up.o [1]
piloteTimer6Up_permetLesInterruptions()
                         0x800'152b    0x6  Code  Gb  piloteTimer6Up.o [1]
processusUsine_gere()    0x800'1631   0x58  Code  Gb  processusUsine.o [1]
processusUsine_gere()::compte1sec
                        0x2000'026c    0x4  Data  Lc  processusUsine.o [1]
processusUsine_gere()::flagLight
                        0x2000'0268    0x1  Data  Lc  processusUsine.o [1]
processusUsine_initialise()
                         0x800'1689    0x8  Code  Gb  processusUsine.o [1]
serviceBaseDeTemps_execute
                        0x2000'0270    0x8  Data  Gb  serviceBaseDeTemps.o [1]
serviceBaseDeTemps_gere()
                         0x800'15b9   0x1a  Code  Gb  serviceBaseDeTemps.o [1]
serviceBaseDeTemps_initialise()
                         0x800'15d3   0x1e  Code  Gb  serviceBaseDeTemps.o [1]
unionCartesI2CUsine     0x2000'0260    0x8  Data  Gb  interfaceUsine.o [1]
uwTick                  0x2000'0004    0x4  Data  Gb  stm32f4xx_hal.o [1]
uwTickFreq              0x2000'0000    0x1  Data  Gb  stm32f4xx_hal.o [1]
uwTickPrio              0x2000'0008    0x4  Data  Gb  stm32f4xx_hal.o [1]


[1] = C:\Repos\Projet-5e-Session\Centre-De-Tri\CentreDeTriS5\EWARM\CentreDeTriS5\Obj
[2] = dl7M_tln.a
[3] = m7M_tls.a
[4] = rt7M_tl.a
[5] = shb_l.a

  9'517 bytes of readonly  code memory
     63 bytes of readonly  data memory
  1'660 bytes of readwrite data memory

Errors: none
Warnings: none
