###############################################################################
#
# IAR ELF Linker V8.50.1.245/W32 for ARM                  13/Dec/2022  15:05:33
# Copyright 2007-2020 IAR Systems AB.
#
#    Output file  =
#        C:\Repos\Projet-5e-Session\Centre-De-Tri\CentreDeTriS5\EWARM\CentreDeTriS5\Exe\CentreDeTriS5.out
#    Map file     =
#        C:\Repos\Projet-5e-Session\Centre-De-Tri\CentreDeTriS5\EWARM\CentreDeTriS5\List\CentreDeTriS5.map
#    Command line =
#        -f C:\Users\2040227\AppData\Local\Temp\EWD137.tmp
#        (C:\Repos\Projet-5e-Session\Centre-De-Tri\CentreDeTriS5\EWARM\CentreDeTriS5\Obj\BRS_Lcd_Font.o
#        C:\Repos\Projet-5e-Session\Centre-De-Tri\CentreDeTriS5\EWARM\CentreDeTriS5\Obj\interfaceB1.o
#        C:\Repos\Projet-5e-Session\Centre-De-Tri\CentreDeTriS5\EWARM\CentreDeTriS5\Obj\interfaceCAN1.o
#        C:\Repos\Projet-5e-Session\Centre-De-Tri\CentreDeTriS5\EWARM\CentreDeTriS5\Obj\interfaceColonne.o
#        C:\Repos\Projet-5e-Session\Centre-De-Tri\CentreDeTriS5\EWARM\CentreDeTriS5\Obj\interfaceLcd.o
#        C:\Repos\Projet-5e-Session\Centre-De-Tri\CentreDeTriS5\EWARM\CentreDeTriS5\Obj\interfacePont.o
#        C:\Repos\Projet-5e-Session\Centre-De-Tri\CentreDeTriS5\EWARM\CentreDeTriS5\Obj\interfaceStepMoteur.o
#        C:\Repos\Projet-5e-Session\Centre-De-Tri\CentreDeTriS5\EWARM\CentreDeTriS5\Obj\interfaceT1.o
#        C:\Repos\Projet-5e-Session\Centre-De-Tri\CentreDeTriS5\EWARM\CentreDeTriS5\Obj\interfaceT2.o
#        C:\Repos\Projet-5e-Session\Centre-De-Tri\CentreDeTriS5\EWARM\CentreDeTriS5\Obj\interfaceT3.o
#        C:\Repos\Projet-5e-Session\Centre-De-Tri\CentreDeTriS5\EWARM\CentreDeTriS5\Obj\interfaceT4.o
#        C:\Repos\Projet-5e-Session\Centre-De-Tri\CentreDeTriS5\EWARM\CentreDeTriS5\Obj\interfaceUsine.o
#        C:\Repos\Projet-5e-Session\Centre-De-Tri\CentreDeTriS5\EWARM\CentreDeTriS5\Obj\IO_BUS.o
#        C:\Repos\Projet-5e-Session\Centre-De-Tri\CentreDeTriS5\EWARM\CentreDeTriS5\Obj\main.o
#        C:\Repos\Projet-5e-Session\Centre-De-Tri\CentreDeTriS5\EWARM\CentreDeTriS5\Obj\piloteCAN1.o
#        C:\Repos\Projet-5e-Session\Centre-De-Tri\CentreDeTriS5\EWARM\CentreDeTriS5\Obj\piloteColonne.o
#        C:\Repos\Projet-5e-Session\Centre-De-Tri\CentreDeTriS5\EWARM\CentreDeTriS5\Obj\piloteI2C.o
#        C:\Repos\Projet-5e-Session\Centre-De-Tri\CentreDeTriS5\EWARM\CentreDeTriS5\Obj\piloteIOB1.o
#        C:\Repos\Projet-5e-Session\Centre-De-Tri\CentreDeTriS5\EWARM\CentreDeTriS5\Obj\piloteIOT1.o
#        C:\Repos\Projet-5e-Session\Centre-De-Tri\CentreDeTriS5\EWARM\CentreDeTriS5\Obj\piloteIOT2.o
#        C:\Repos\Projet-5e-Session\Centre-De-Tri\CentreDeTriS5\EWARM\CentreDeTriS5\Obj\piloteIOT3.o
#        C:\Repos\Projet-5e-Session\Centre-De-Tri\CentreDeTriS5\EWARM\CentreDeTriS5\Obj\piloteIOT4.o
#        C:\Repos\Projet-5e-Session\Centre-De-Tri\CentreDeTriS5\EWARM\CentreDeTriS5\Obj\piloteLcd.o
#        C:\Repos\Projet-5e-Session\Centre-De-Tri\CentreDeTriS5\EWARM\CentreDeTriS5\Obj\piloteStepMoteur.o
#        C:\Repos\Projet-5e-Session\Centre-De-Tri\CentreDeTriS5\EWARM\CentreDeTriS5\Obj\piloteTimer6Up.o
#        C:\Repos\Projet-5e-Session\Centre-De-Tri\CentreDeTriS5\EWARM\CentreDeTriS5\Obj\processusUsine.o
#        C:\Repos\Projet-5e-Session\Centre-De-Tri\CentreDeTriS5\EWARM\CentreDeTriS5\Obj\serviceBaseDeTemps.o
#        C:\Repos\Projet-5e-Session\Centre-De-Tri\CentreDeTriS5\EWARM\CentreDeTriS5\Obj\ServiceCommunication.o
#        C:\Repos\Projet-5e-Session\Centre-De-Tri\CentreDeTriS5\EWARM\CentreDeTriS5\Obj\startup_stm32f407xx.o
#        C:\Repos\Projet-5e-Session\Centre-De-Tri\CentreDeTriS5\EWARM\CentreDeTriS5\Obj\stm32f4xx_hal.o
#        C:\Repos\Projet-5e-Session\Centre-De-Tri\CentreDeTriS5\EWARM\CentreDeTriS5\Obj\stm32f4xx_hal_can.o
#        C:\Repos\Projet-5e-Session\Centre-De-Tri\CentreDeTriS5\EWARM\CentreDeTriS5\Obj\stm32f4xx_hal_cortex.o
#        C:\Repos\Projet-5e-Session\Centre-De-Tri\CentreDeTriS5\EWARM\CentreDeTriS5\Obj\stm32f4xx_hal_dma.o
#        C:\Repos\Projet-5e-Session\Centre-De-Tri\CentreDeTriS5\EWARM\CentreDeTriS5\Obj\stm32f4xx_hal_dma_ex.o
#        C:\Repos\Projet-5e-Session\Centre-De-Tri\CentreDeTriS5\EWARM\CentreDeTriS5\Obj\stm32f4xx_hal_exti.o
#        C:\Repos\Projet-5e-Session\Centre-De-Tri\CentreDeTriS5\EWARM\CentreDeTriS5\Obj\stm32f4xx_hal_flash.o
#        C:\Repos\Projet-5e-Session\Centre-De-Tri\CentreDeTriS5\EWARM\CentreDeTriS5\Obj\stm32f4xx_hal_flash_ex.o
#        C:\Repos\Projet-5e-Session\Centre-De-Tri\CentreDeTriS5\EWARM\CentreDeTriS5\Obj\stm32f4xx_hal_flash_ramfunc.o
#        C:\Repos\Projet-5e-Session\Centre-De-Tri\CentreDeTriS5\EWARM\CentreDeTriS5\Obj\stm32f4xx_hal_gpio.o
#        C:\Repos\Projet-5e-Session\Centre-De-Tri\CentreDeTriS5\EWARM\CentreDeTriS5\Obj\stm32f4xx_hal_i2c.o
#        C:\Repos\Projet-5e-Session\Centre-De-Tri\CentreDeTriS5\EWARM\CentreDeTriS5\Obj\stm32f4xx_hal_i2c_ex.o
#        C:\Repos\Projet-5e-Session\Centre-De-Tri\CentreDeTriS5\EWARM\CentreDeTriS5\Obj\stm32f4xx_hal_msp.o
#        C:\Repos\Projet-5e-Session\Centre-De-Tri\CentreDeTriS5\EWARM\CentreDeTriS5\Obj\stm32f4xx_hal_pwr.o
#        C:\Repos\Projet-5e-Session\Centre-De-Tri\CentreDeTriS5\EWARM\CentreDeTriS5\Obj\stm32f4xx_hal_pwr_ex.o
#        C:\Repos\Projet-5e-Session\Centre-De-Tri\CentreDeTriS5\EWARM\CentreDeTriS5\Obj\stm32f4xx_hal_rcc.o
#        C:\Repos\Projet-5e-Session\Centre-De-Tri\CentreDeTriS5\EWARM\CentreDeTriS5\Obj\stm32f4xx_hal_rcc_ex.o
#        C:\Repos\Projet-5e-Session\Centre-De-Tri\CentreDeTriS5\EWARM\CentreDeTriS5\Obj\stm32f4xx_hal_tim.o
#        C:\Repos\Projet-5e-Session\Centre-De-Tri\CentreDeTriS5\EWARM\CentreDeTriS5\Obj\stm32f4xx_hal_tim_ex.o
#        C:\Repos\Projet-5e-Session\Centre-De-Tri\CentreDeTriS5\EWARM\CentreDeTriS5\Obj\stm32f4xx_hal_uart.o
#        C:\Repos\Projet-5e-Session\Centre-De-Tri\CentreDeTriS5\EWARM\CentreDeTriS5\Obj\stm32f4xx_it.o
#        C:\Repos\Projet-5e-Session\Centre-De-Tri\CentreDeTriS5\EWARM\CentreDeTriS5\Obj\system_stm32f4xx.o
#        --redirect _Printf=_PrintfFull --redirect _Scanf=_ScanfFull
#        --no_out_extension -o
#        C:\Repos\Projet-5e-Session\Centre-De-Tri\CentreDeTriS5\EWARM\CentreDeTriS5\Exe\CentreDeTriS5.out
#        --map
#        C:\Repos\Projet-5e-Session\Centre-De-Tri\CentreDeTriS5\EWARM\CentreDeTriS5\List\CentreDeTriS5.map
#        --config
#        C:\Repos\Projet-5e-Session\Centre-De-Tri\CentreDeTriS5\EWARM/stm32f407xx_flash.icf
#        --semihosting --entry __iar_program_start --vfe --text_out locale)
#
###############################################################################

*******************************************************************************
*** RUNTIME MODEL ATTRIBUTES
***

CppFlavor        = *
__CPP_Exceptions = Disabled
__CPP_Language   = C++14
__SystemLibrary  = DLib
__dlib_version   = 6


*******************************************************************************
*** HEAP SELECTION
***

The basic heap was selected because no calls to memory allocation
functions were found in the application outside of system library
functions, and there are calls to deallocation functions in the
application.


*******************************************************************************
*** PLACEMENT SUMMARY
***

"A0":  place at address 0x800'0000 { ro section .intvec };
"P1":  place in [from 0x800'0000 to 0x80f'ffff] { ro };
define block CSTACK with size = 4K, alignment = 8 { };
define block HEAP with size = 4'352, alignment = 8 { };
"P2":  place in [from 0x2000'0000 to 0x2001'ffff] {
          rw, block CSTACK, block HEAP };
initialize by copy { rw };

  Section            Kind         Address    Size  Object
  -------            ----         -------    ----  ------
"A0":                                       0x188
  .intvec            ro code   0x800'0000   0x188  startup_stm32f407xx.o [1]
                             - 0x800'0188   0x188

"P1":                                      0x7ec4
  .text              ro code   0x800'0188  0x177c  processusUsine.o [1]
  .text              ro code   0x800'1904   0x758  main.o [1]
  .text              ro code   0x800'205c   0x128  interfaceColonne.o [1]
  .text              ro code   0x800'2184   0x3e0  interfaceUsine.o [1]
  .text              ro code   0x800'2564   0xf1c  ServiceCommunication.o [1]
  .text              ro code   0x800'3480   0x1f4  stm32f4xx_hal_gpio.o [1]
  .text              ro code   0x800'3674   0x150  interfaceStepMoteur.o [1]
  .text              ro code   0x800'37c4   0x270  interfacePont.o [1]
  .text              ro code   0x800'3a34    0x28  piloteTimer6Up.o [1]
  .text              ro code   0x800'3a5c    0x48  serviceBaseDeTemps.o [1]
  .text              ro code   0x800'3aa4     0xe  piloteIOB1.o [1]
  .text              ro code   0x800'3ab2    0x3a  zero_init3.o [4]
  .text              ro code   0x800'3aec    0x1c  piloteIOT1.o [1]
  .text              ro code   0x800'3b08    0x1c  piloteIOT2.o [1]
  .text              ro code   0x800'3b24    0x1c  piloteIOT3.o [1]
  .text              ro code   0x800'3b40    0x1c  piloteIOT4.o [1]
  .text              ro code   0x800'3b5c     0xc  interfaceT1.o [1]
  .text              ro code   0x800'3b68     0xc  interfaceT2.o [1]
  .text              ro code   0x800'3b74     0x6  interfaceT3.o [1]
  .text              ro code   0x800'3b7a    0x12  interfaceT4.o [1]
  .text              ro code   0x800'3b8c    0x70  interfaceB1.o [1]
  .text              ro code   0x800'3bfc    0x9c  piloteCAN1.o [1]
  .text              ro code   0x800'3c98   0x3fc  piloteLcd.o [1]
  .text              ro code   0x800'4094   0x4c4  interfaceLcd.o [1]
  .text              ro code   0x800'4558    0x34  stm32f4xx_hal.o [1]
  .text              ro code   0x800'458c    0x3a  ABImemset48.o [4]
  .rodata            const     0x800'45c6     0x1  unwind_debug.o [5]
  .text              ro code   0x800'45c8   0x2e8  stm32f4xx_hal_rcc.o [1]
  .text              ro code   0x800'48b0   0x1bc  stm32f4xx_hal_rcc.o [1]
  .text              ro code   0x800'4a6c   0x4a0  stm32f4xx_hal_can.o [1]
  .text              ro code   0x800'4f0c   0x97c  stm32f4xx_hal_i2c.o [1]
  .text              ro code   0x800'5888   0x284  stm32f4xx_hal_tim.o [1]
  .text              ro code   0x800'5b0c    0x40  stm32f4xx_hal_tim_ex.o [1]
  .text              ro code   0x800'5b4c   0x2e0  stm32f4xx_hal_uart.o [1]
  .text              ro code   0x800'5e2c    0x64  piloteColonne.o [1]
  .text              ro code   0x800'5e90    0x30  piloteI2C.o [1]
  .text              ro code   0x800'5ec0     0xc  interfaceCAN1.o [1]
  .text              ro code   0x800'5ecc    0x70  piloteStepMoteur.o [1]
  .text              ro code   0x800'5f3c   0x598  IO_BUS.o [1]
  .text              ro code   0x800'64d4    0x2e  DblCmpGe.o [3]
  .text              ro code   0x800'6504    0x2e  DblCmpLe.o [3]
  .text              ro code   0x800'6534    0x3a  DblToS32.o [3]
  .text              ro code   0x800'6570    0xe2  DblSub.o [3]
  .text              ro code   0x800'6654   0x1a2  DblMul.o [3]
  .text              ro code   0x800'67f8   0x17a  DblAdd.o [3]
  .text              ro code   0x800'6974   0x102  sqrt.o [3]
  .text              ro code   0x800'6a78   0x246  DblDiv.o [3]
  .text              ro code   0x800'6cc0    0x1a  U32ToDbl.o [3]
  .text              ro code   0x800'6cdc    0x66  ceil.o [3]
  .text              ro code   0x800'6d44    0x22  S32ToDbl.o [3]
  .text              ro code   0x800'6d68    0xf0  stm32f4xx_hal_cortex.o [1]
  .text              ro code   0x800'6e58    0x48  stm32f4xx_hal.o [1]
  .text              ro code   0x800'6ea0   0x1c8  stm32f4xx_hal_msp.o [1]
  .text              ro code   0x800'7068     0xc  stm32f4xx_hal.o [1]
  .text              ro code   0x800'7074   0x230  I64DivMod.o [4]
  .text              ro code   0x800'72a4     0x2  stm32f4xx_hal_tim.o [1]
  .text              ro code   0x800'72a6     0x2  stm32f4xx_hal_tim.o [1]
  .text              ro code   0x800'72a8     0x2  stm32f4xx_hal_tim.o [1]
  .text              ro code   0x800'72aa     0x2  stm32f4xx_hal_tim_ex.o [1]
  .text              ro code   0x800'72ac     0x2  stm32f4xx_hal_tim.o [1]
  .text              ro code   0x800'72ae     0x2  stm32f4xx_hal_tim_ex.o [1]
  .text              ro code   0x800'72b0     0x2  I64DivZer.o [4]
  .rodata            const     0x800'72b4   0x1b0  processusUsine.o [1]
  .rodata            const     0x800'7464    0x7c  processusUsine.o [1]
  .text              ro code   0x800'74e0    0x78  lz77_init_single.o [4]
  .text              ro code   0x800'7558    0x60  system_stm32f4xx.o [1]
  .rodata            const     0x800'75b8    0x58  processusUsine.o [1]
  .rodata            const     0x800'7610    0x50  processusUsine.o [1]
  .rodata            const     0x800'7660    0x4c  processusUsine.o [1]
  .rodata            const     0x800'76ac    0x4c  processusUsine.o [1]
  .rodata            const     0x800'76f8    0x48  processusUsine.o [1]
  .rodata            const     0x800'7740    0x2c  processusUsine.o [1]
  .rodata            const     0x800'776c    0x2c  processusUsine.o [1]
  .rodata            const     0x800'7798    0x2c  processusUsine.o [1]
  .rodata            const     0x800'77c4    0x28  processusUsine.o [1]
  .rodata            const     0x800'77ec    0x28  processusUsine.o [1]
  .rodata            const     0x800'7814    0x28  processusUsine.o [1]
  .rodata            const     0x800'783c    0x28  processusUsine.o [1]
  .text              ro code   0x800'7864    0x28  data_init.o [4]
  .rodata            const     0x800'788c    0x24  processusUsine.o [1]
  .rodata            const     0x800'78b0    0x24  processusUsine.o [1]
  .rodata            const     0x800'78d4    0x24  processusUsine.o [1]
  .rodata            const     0x800'78f8    0x24  processusUsine.o [1]
  .rodata            const     0x800'791c    0x24  processusUsine.o [1]
  .text              ro code   0x800'7940    0x22  fpinit_M.o [3]
  .iar.init_table    const     0x800'7964    0x20  - Linker created -
  .text              ro code   0x800'7984    0x1e  cmain.o [4]
  .text              ro code   0x800'79a2     0x4  low_level_init.o [2]
  .text              ro code   0x800'79a6     0x4  exit.o [2]
  .text              ro code   0x800'79ac     0xa  cexit.o [4]
  .text              ro code   0x800'79b8    0x14  exit.o [5]
  .text              ro code   0x800'79cc    0x10  startup_stm32f407xx.o [1]
  .text              ro code   0x800'79dc    0x10  stm32f4xx_hal.o [1]
  .text              ro code   0x800'79ec    0x10  stm32f4xx_it.o [1]
  .text              ro code   0x800'79fc     0xc  cstartup_M.o [4]
  .rodata            const     0x800'7a08     0x8  system_stm32f4xx.o [1]
  .text              ro code   0x800'7a10     0x4  startup_stm32f407xx.o [1]
  .text              ro code   0x800'7a14     0x4  startup_stm32f407xx.o [1]
  .text              ro code   0x800'7a18     0x4  startup_stm32f407xx.o [1]
  .text              ro code   0x800'7a1c     0x4  startup_stm32f407xx.o [1]
  .text              ro code   0x800'7a20     0x4  startup_stm32f407xx.o [1]
  .text              ro code   0x800'7a24     0x4  startup_stm32f407xx.o [1]
  .text              ro code   0x800'7a28     0x4  startup_stm32f407xx.o [1]
  .text              ro code   0x800'7a2c     0x4  startup_stm32f407xx.o [1]
  .text              ro code   0x800'7a30     0x4  startup_stm32f407xx.o [1]
  .text              ro code   0x800'7a34     0x4  startup_stm32f407xx.o [1]
  .text              ro code   0x800'7a38     0x4  startup_stm32f407xx.o [1]
  .text              ro code   0x800'7a3c     0x4  startup_stm32f407xx.o [1]
  .text              ro code   0x800'7a40     0x4  startup_stm32f407xx.o [1]
  .text              ro code   0x800'7a44     0x4  startup_stm32f407xx.o [1]
  .text              ro code   0x800'7a48     0x4  startup_stm32f407xx.o [1]
  .text              ro code   0x800'7a4c     0x4  startup_stm32f407xx.o [1]
  .text              ro code   0x800'7a50     0x4  startup_stm32f407xx.o [1]
  .text              ro code   0x800'7a54     0x4  startup_stm32f407xx.o [1]
  .text              ro code   0x800'7a58     0x4  startup_stm32f407xx.o [1]
  .text              ro code   0x800'7a5c     0x4  startup_stm32f407xx.o [1]
  .text              ro code   0x800'7a60     0x4  startup_stm32f407xx.o [1]
  .text              ro code   0x800'7a64     0x4  startup_stm32f407xx.o [1]
  .text              ro code   0x800'7a68     0x4  startup_stm32f407xx.o [1]
  .text              ro code   0x800'7a6c     0x4  startup_stm32f407xx.o [1]
  .text              ro code   0x800'7a70     0x4  startup_stm32f407xx.o [1]
  .text              ro code   0x800'7a74     0x4  startup_stm32f407xx.o [1]
  .text              ro code   0x800'7a78     0x4  startup_stm32f407xx.o [1]
  .text              ro code   0x800'7a7c     0x4  startup_stm32f407xx.o [1]
  .text              ro code   0x800'7a80     0x4  startup_stm32f407xx.o [1]
  .text              ro code   0x800'7a84     0x4  startup_stm32f407xx.o [1]
  .text              ro code   0x800'7a88     0x4  startup_stm32f407xx.o [1]
  .text              ro code   0x800'7a8c     0x4  startup_stm32f407xx.o [1]
  .text              ro code   0x800'7a90     0x4  startup_stm32f407xx.o [1]
  .text              ro code   0x800'7a94     0x4  startup_stm32f407xx.o [1]
  .text              ro code   0x800'7a98     0x4  startup_stm32f407xx.o [1]
  .text              ro code   0x800'7a9c     0x4  startup_stm32f407xx.o [1]
  .text              ro code   0x800'7aa0     0x4  startup_stm32f407xx.o [1]
  .text              ro code   0x800'7aa4     0x4  startup_stm32f407xx.o [1]
  .text              ro code   0x800'7aa8     0x4  startup_stm32f407xx.o [1]
  .text              ro code   0x800'7aac     0x4  startup_stm32f407xx.o [1]
  .text              ro code   0x800'7ab0     0x4  startup_stm32f407xx.o [1]
  .text              ro code   0x800'7ab4     0x4  startup_stm32f407xx.o [1]
  .text              ro code   0x800'7ab8     0x4  startup_stm32f407xx.o [1]
  .text              ro code   0x800'7abc     0x4  startup_stm32f407xx.o [1]
  .text              ro code   0x800'7ac0     0x4  startup_stm32f407xx.o [1]
  .text              ro code   0x800'7ac4     0x4  startup_stm32f407xx.o [1]
  .text              ro code   0x800'7ac8     0x4  startup_stm32f407xx.o [1]
  .text              ro code   0x800'7acc     0x4  startup_stm32f407xx.o [1]
  .text              ro code   0x800'7ad0     0x4  startup_stm32f407xx.o [1]
  .text              ro code   0x800'7ad4     0x4  startup_stm32f407xx.o [1]
  .text              ro code   0x800'7ad8     0x4  startup_stm32f407xx.o [1]
  .text              ro code   0x800'7adc     0x4  startup_stm32f407xx.o [1]
  .text              ro code   0x800'7ae0     0x4  startup_stm32f407xx.o [1]
  .text              ro code   0x800'7ae4     0x4  startup_stm32f407xx.o [1]
  .text              ro code   0x800'7ae8     0x4  startup_stm32f407xx.o [1]
  .text              ro code   0x800'7aec     0x4  startup_stm32f407xx.o [1]
  .text              ro code   0x800'7af0     0x4  startup_stm32f407xx.o [1]
  .text              ro code   0x800'7af4     0x4  startup_stm32f407xx.o [1]
  .text              ro code   0x800'7af8     0x4  startup_stm32f407xx.o [1]
  .text              ro code   0x800'7afc     0x4  startup_stm32f407xx.o [1]
  .text              ro code   0x800'7b00     0x4  startup_stm32f407xx.o [1]
  .text              ro code   0x800'7b04     0x4  startup_stm32f407xx.o [1]
  .text              ro code   0x800'7b08     0x4  startup_stm32f407xx.o [1]
  .text              ro code   0x800'7b0c     0x4  startup_stm32f407xx.o [1]
  .text              ro code   0x800'7b10     0x4  startup_stm32f407xx.o [1]
  .text              ro code   0x800'7b14     0x4  startup_stm32f407xx.o [1]
  .text              ro code   0x800'7b18     0x4  startup_stm32f407xx.o [1]
  .text              ro code   0x800'7b1c     0x4  startup_stm32f407xx.o [1]
  .text              ro code   0x800'7b20     0x4  startup_stm32f407xx.o [1]
  .text              ro code   0x800'7b24     0x4  startup_stm32f407xx.o [1]
  .text              ro code   0x800'7b28     0x4  startup_stm32f407xx.o [1]
  .text              ro code   0x800'7b2c     0x4  startup_stm32f407xx.o [1]
  .text              ro code   0x800'7b30     0x4  startup_stm32f407xx.o [1]
  .text              ro code   0x800'7b34     0x4  startup_stm32f407xx.o [1]
  .text              ro code   0x800'7b38     0x4  startup_stm32f407xx.o [1]
  .text              ro code   0x800'7b3c     0x4  startup_stm32f407xx.o [1]
  .text              ro code   0x800'7b40     0x4  startup_stm32f407xx.o [1]
  .text              ro code   0x800'7b44     0x4  startup_stm32f407xx.o [1]
  .text              ro code   0x800'7b48     0x4  startup_stm32f407xx.o [1]
  .text              ro code   0x800'7b4c     0x4  startup_stm32f407xx.o [1]
  .text              ro code   0x800'7b50     0x4  startup_stm32f407xx.o [1]
  .text              ro code   0x800'7b54     0x4  startup_stm32f407xx.o [1]
  .text              ro code   0x800'7b58     0x4  startup_stm32f407xx.o [1]
  .text              ro code   0x800'7b5c     0x4  startup_stm32f407xx.o [1]
  .text              ro code   0x800'7b60     0x4  startup_stm32f407xx.o [1]
  .text              ro code   0x800'7b64     0x4  startup_stm32f407xx.o [1]
  .text              ro code   0x800'7b68     0x4  startup_stm32f407xx.o [1]
  .text              ro code   0x800'7b6c     0x4  startup_stm32f407xx.o [1]
  .rodata            const     0x800'7b70     0x0  zero_init3.o [4]
  .rodata            const     0x800'7b70     0x0  lz77_init_single.o [4]
  Initializer bytes  const     0x800'7b70   0x4dc  <for P2-1>
                             - 0x800'804c  0x7ec4

"P2", part 1 of 3:                          0x594
  P2-1                        0x2000'0000   0x594  <Init block>
    .data            inited   0x2000'0000    0x30  interfaceStepMoteur.o [1]
    .data            inited   0x2000'0030    0xc4  piloteLcd.o [1]
    .data            inited   0x2000'00f4   0x1e8  piloteLcd.o [1]
    .data            inited   0x2000'02dc   0x2a8  piloteLcd.o [1]
    .data            inited   0x2000'0584     0xc  stm32f4xx_hal.o [1]
    .data            inited   0x2000'0590     0x4  system_stm32f4xx.o [1]
                            - 0x2000'0594   0x594

"P2", part 2 of 3:                          0x868
  .bss               zero     0x2000'0594   0x400  piloteLcd.o [1]
  .bss               zero     0x2000'0994   0x110  interfaceUsine.o [1]
  .bss               zero     0x2000'0aa4    0x64  processusUsine.o [1]
  .bss               zero     0x2000'0b08    0x58  ServiceCommunication.o [1]
  .bss               zero     0x2000'0b60    0x54  main.o [1]
  .bss               zero     0x2000'0bb4    0x44  piloteCAN1.o [1]
  .bss               zero     0x2000'0bf8    0x40  main.o [1]
  .bss               zero     0x2000'0c38    0x40  main.o [1]
  .bss               zero     0x2000'0c78    0x28  main.o [1]
  .bss               zero     0x2000'0ca0    0x28  main.o [1]
  .bss               zero     0x2000'0cc8    0x28  ServiceCommunication.o [1]
  .bss               zero     0x2000'0cf0    0x20  serviceBaseDeTemps.o [1]
  .bss               zero     0x2000'0d10    0x1c  piloteCAN1.o [1]
  .bss               zero     0x2000'0d2c    0x18  main.o [1]
  .bss               zero     0x2000'0d44    0x18  ServiceCommunication.o [1]
  .bss               zero     0x2000'0d5c    0x18  ServiceCommunication.o [1]
  .bss               zero     0x2000'0d74    0x18  ServiceCommunication.o [1]
  .bss               zero     0x2000'0d8c    0x14  main.o [1]
  .bss               zero     0x2000'0da0    0x10  interfaceUsine.o [1]
  .bss               zero     0x2000'0db0     0xc  interfaceB1.o [1]
  .bss               zero     0x2000'0dbc     0xc  interfaceUsine.o [1]
  .bss               zero     0x2000'0dc8     0x8  interfaceColonne.o [1]
  .bss               zero     0x2000'0dd0     0x8  interfacePont.o [1]
  .bss               zero     0x2000'0dd8     0x8  ServiceCommunication.o [1]
  .bss               zero     0x2000'0de0     0x4  interfaceUsine.o [1]
  .bss               zero     0x2000'0de4     0x4  interfaceUsine.o [1]
  .bss               zero     0x2000'0de8     0x4  piloteTimer6Up.o [1]
  .bss               zero     0x2000'0dec     0x4  processusUsine.o [1]
  .bss               zero     0x2000'0df0     0x4  processusUsine.o [1]
  .bss               zero     0x2000'0df4     0x4  processusUsine.o [1]
  .bss               zero     0x2000'0df8     0x1  interfaceStepMoteur.o [1]
  .bss               zero     0x2000'0df9     0x1  interfaceStepMoteur.o [1]
                            - 0x2000'0dfa   0x866

"P2", part 3 of 3:                         0x1000
  CSTACK                      0x2000'0e00  0x1000  <Block>
    CSTACK           uninit   0x2000'0e00  0x1000  <Block tail>
                            - 0x2000'1e00  0x1000

Unused ranges:

         From           To      Size
         ----           --      ----
   0x800'804c   0x80f'ffff  0xf'7fb4
  0x2000'0dfc  0x2000'0dff       0x4
  0x2000'1e00  0x2001'ffff  0x1'e200


*******************************************************************************
*** INIT TABLE
***

          Address      Size
          -------      ----
Zero (__iar_zero_init3)
    1 destination range, total size 0x866:
          0x2000'0594  0x866

Copy/lz77 (__iar_lz77_init_single3)
    1 source range, total size 0x4dc (87% of destination):
           0x800'7b70  0x4dc
    1 destination range, total size 0x594:
          0x2000'0000  0x594



*******************************************************************************
*** MODULE SUMMARY
***

    Module                  ro code  ro data  rw data
    ------                  -------  -------  -------
command line/config:
    -------------------------------------------------
    Total:

C:\Repos\Projet-5e-Session\Centre-De-Tri\CentreDeTriS5\EWARM\CentreDeTriS5\Obj: [1]
    IO_BUS.o                  1'432
    ServiceCommunication.o    3'868               208
    interfaceB1.o               112                12
    interfaceCAN1.o              12
    interfaceColonne.o          296                 8
    interfaceLcd.o            1'220
    interfacePont.o             624                 8
    interfaceStepMoteur.o       336       41       50
    interfaceT1.o                12
    interfaceT2.o                12
    interfaceT3.o                 6
    interfaceT4.o                18
    interfaceUsine.o            992               308
    main.o                    1'880               336
    piloteCAN1.o                156                96
    piloteColonne.o             100
    piloteI2C.o                  48
    piloteIOB1.o                 14
    piloteIOT1.o                 28
    piloteIOT2.o                 28
    piloteIOT3.o                 28
    piloteIOT4.o                 28
    piloteLcd.o               1'020    1'189    2'388
    piloteStepMoteur.o          112
    piloteTimer6Up.o             40                 4
    processusUsine.o          6'012    1'420      112
    serviceBaseDeTemps.o         72                32
    startup_stm32f407xx.o       760
    stm32f4xx_hal.o             152       10       12
    stm32f4xx_hal_can.o       1'184
    stm32f4xx_hal_cortex.o      240
    stm32f4xx_hal_gpio.o        500
    stm32f4xx_hal_i2c.o       2'428
    stm32f4xx_hal_msp.o         456
    stm32f4xx_hal_rcc.o       1'188
    stm32f4xx_hal_tim.o         652
    stm32f4xx_hal_tim_ex.o       68
    stm32f4xx_hal_uart.o        736
    stm32f4xx_it.o               16
    system_stm32f4xx.o           96       12        4
    -------------------------------------------------
    Total:                   26'982    2'672    3'578

dl7M_tlf.a: [2]
    exit.o                        4
    low_level_init.o              4
    -------------------------------------------------
    Total:                        8

m7M_tls.a: [3]
    DblAdd.o                    378
    DblCmpGe.o                   46
    DblCmpLe.o                   46
    DblDiv.o                    582
    DblMul.o                    418
    DblSub.o                    226
    DblToS32.o                   58
    S32ToDbl.o                   34
    U32ToDbl.o                   26
    ceil.o                      102
    fpinit_M.o                   34
    sqrt.o                      258
    -------------------------------------------------
    Total:                    2'208

rt7M_tl.a: [4]
    ABImemset48.o                58
    I64DivMod.o                 560
    I64DivZer.o                   2
    cexit.o                      10
    cmain.o                      30
    cstartup_M.o                 12
    data_init.o                  40
    lz77_init_single.o          120
    zero_init3.o                 58
    -------------------------------------------------
    Total:                      890

shb_l.a: [5]
    exit.o                       20
    unwind_debug.o                         1
    -------------------------------------------------
    Total:                       20        1

    Gaps                         27        4
    Linker created                        32    4'096
-----------------------------------------------------
    Grand Total:             30'135    2'709    7'674


*******************************************************************************
*** ENTRY LIST
***

Entry                       Address   Size  Type      Object
-----                       -------   ----  ----      ------
.iar.init_table$$Base    0x800'7964          --   Gb  - Linker created -
.iar.init_table$$Limit   0x800'7984          --   Gb  - Linker created -
?main                    0x800'7985         Code  Gb  cmain.o [4]
AHBPrescTable            0x800'75a8   0x10  Data  Gb  system_stm32f4xx.o [1]
APBPrescTable            0x800'7a08    0x8  Data  Gb  system_stm32f4xx.o [1]
BRS_CurrentlyDrawnOnLCD
                        0x2000'0594  0x400  Data  Gb  piloteLcd.o [1]
CB_QueueDataInBuffer(unsigned char *, unsigned char, unsigned char *, unsigned char)
                         0x800'25bd   0x28  Code  Gb  ServiceCommunication.o [1]
CB_UpdateBuffer(unsigned char *, unsigned char)
                         0x800'2579   0x44  Code  Gb  ServiceCommunication.o [1]
CSTACK$$Base            0x2000'0e00          --   Gb  - Linker created -
CSTACK$$Limit           0x2000'1e00          --   Gb  - Linker created -
CheckIfUnused(unsigned char *, unsigned char)
                         0x800'2d91    0xa  Code  Gb  ServiceCommunication.o [1]
CircularCommandsBuffer  0x2000'0d74   0x18  Data  Gb  ServiceCommunication.o [1]
CircularValuesBuffer    0x2000'0d5c    0xc  Data  Gb  ServiceCommunication.o [1]
Commands                0x2000'0d44   0x18  Data  Gb  ServiceCommunication.o [1]
Error_Handler            0x800'1f85   0x1a  Code  Gb  main.o [1]
HAL_CAN_AddTxMessage     0x800'4cf1   0xd8  Code  Gb  stm32f4xx_hal_can.o [1]
HAL_CAN_ConfigFilter     0x800'4b9f   0xf0  Code  Gb  stm32f4xx_hal_can.o [1]
HAL_CAN_GetRxFifoFillLevel
                         0x800'4ee7   0x26  Code  Gb  stm32f4xx_hal_can.o [1]
HAL_CAN_GetRxMessage     0x800'4dc9  0x11e  Code  Gb  stm32f4xx_hal_can.o [1]
HAL_CAN_Init             0x800'4a6d  0x132  Code  Gb  stm32f4xx_hal_can.o [1]
HAL_CAN_MspInit          0x800'6ed9   0x66  Code  Gb  stm32f4xx_hal_msp.o [1]
HAL_CAN_Start            0x800'4c8f   0x58  Code  Gb  stm32f4xx_hal_can.o [1]
HAL_GPIO_Init            0x800'3481  0x1a8  Code  Gb  stm32f4xx_hal_gpio.o [1]
HAL_GPIO_ReadPin         0x800'3629   0x10  Code  Gb  stm32f4xx_hal_gpio.o [1]
HAL_GPIO_WritePin        0x800'3639    0xe  Code  Gb  stm32f4xx_hal_gpio.o [1]
HAL_GetTick              0x800'7069    0xc  Code  Wk  stm32f4xx_hal.o [1]
HAL_I2C_Init             0x800'4f0d  0x166  Code  Gb  stm32f4xx_hal_i2c.o [1]
HAL_I2C_Master_Receive   0x800'51af  0x28e  Code  Gb  stm32f4xx_hal_i2c.o [1]
HAL_I2C_Master_Transmit
                         0x800'5073  0x13c  Code  Gb  stm32f4xx_hal_i2c.o [1]
HAL_I2C_MspInit          0x800'6f3f   0x68  Code  Gb  stm32f4xx_hal_msp.o [1]
HAL_IncTick              0x800'79dd   0x10  Code  Wk  stm32f4xx_hal.o [1]
HAL_Init                 0x800'4559   0x30  Code  Gb  stm32f4xx_hal.o [1]
HAL_InitTick             0x800'6e59   0x48  Code  Wk  stm32f4xx_hal.o [1]
HAL_MspInit              0x800'6ea1   0x38  Code  Gb  stm32f4xx_hal_msp.o [1]
HAL_NVIC_EnableIRQ       0x800'6e3b    0x2  Code  Gb  stm32f4xx_hal_cortex.o [1]
HAL_NVIC_SetPriority     0x800'6e1d   0x1e  Code  Gb  stm32f4xx_hal_cortex.o [1]
HAL_NVIC_SetPriorityGrouping
                         0x800'6e1b    0x2  Code  Gb  stm32f4xx_hal_cortex.o [1]
HAL_RCC_ClockConfig      0x800'48b1  0x10e  Code  Gb  stm32f4xx_hal_rcc.o [1]
HAL_RCC_GetHCLKFreq      0x800'49bf    0x6  Code  Gb  stm32f4xx_hal_rcc.o [1]
HAL_RCC_GetPCLK1Freq     0x800'49c5   0x16  Code  Gb  stm32f4xx_hal_rcc.o [1]
HAL_RCC_GetPCLK2Freq     0x800'49db   0x16  Code  Gb  stm32f4xx_hal_rcc.o [1]
HAL_RCC_OscConfig        0x800'45c9  0x2e8  Code  Wk  stm32f4xx_hal_rcc.o [1]
HAL_SYSTICK_Config       0x800'6e3d    0x2  Code  Gb  stm32f4xx_hal_cortex.o [1]
HAL_TIMEx_BreakCallback
                         0x800'72ab    0x2  Code  Wk  stm32f4xx_hal_tim_ex.o [1]
HAL_TIMEx_CommutCallback
                         0x800'72af    0x2  Code  Wk  stm32f4xx_hal_tim_ex.o [1]
HAL_TIMEx_MasterConfigSynchronization
                         0x800'5b0d   0x40  Code  Gb  stm32f4xx_hal_tim_ex.o [1]
HAL_TIM_Base_Init        0x800'5889   0x32  Code  Gb  stm32f4xx_hal_tim.o [1]
HAL_TIM_Base_MspInit     0x800'6fa7   0x38  Code  Gb  stm32f4xx_hal_msp.o [1]
HAL_TIM_Base_Start_IT    0x800'58bb   0x22  Code  Gb  stm32f4xx_hal_tim.o [1]
HAL_TIM_IRQHandler       0x800'58dd  0x152  Code  Gb  stm32f4xx_hal_tim.o [1]
HAL_TIM_PeriodElapsedCallback
                         0x800'3a35    0xe  Code  Gb  piloteTimer6Up.o [1]
HAL_UART_Init            0x800'5b4d   0x5e  Code  Gb  stm32f4xx_hal_uart.o [1]
HAL_UART_MspInit         0x800'6fdf   0x66  Code  Gb  stm32f4xx_hal_msp.o [1]
Modes                   0x2000'0cd8    0x8  Data  Gb  ServiceCommunication.o [1]
ModuleData              0x2000'0b08   0x58  Data  Gb  ServiceCommunication.o [1]
ModuleData_SetAll_ReceivedCommands(unsigned char)
                         0x800'2f69   0xee  Code  Gb  ServiceCommunication.o [1]
ModuleData_SetAll_SentCommands(unsigned char)
                         0x800'3061   0xee  Code  Gb  ServiceCommunication.o [1]
ModuleData_SetAll_StatesReceived(unsigned char)
                         0x800'3203   0x9e  Code  Gb  ServiceCommunication.o [1]
ModuleData_SetAll_ValuesReceived(unsigned char)
                         0x800'31a1   0x62  Code  Gb  ServiceCommunication.o [1]
ModuleData_SetAll_ValuesToSend(unsigned char)
                         0x800'314f   0x52  Code  Gb  ServiceCommunication.o [1]
ModuleData_SetDiscColor(unsigned char)
                         0x800'2d9b  0x1ca  Code  Gb  ServiceCommunication.o [1]
Parse_CanBusReceptions(unsigned char *)
                         0x800'29f5  0x35c  Code  Gb  ServiceCommunication.o [1]
Parse_CanBusReceptions(unsigned char *)::oldReceivedMode
                        0x2000'0ce2    0x1  Data  Lc  ServiceCommunication.o [1]
Parse_Interrupts()       0x800'2d51   0x40  Code  Gb  ServiceCommunication.o [1]
Parse_ModuleDataForTransmission()
                         0x800'2813  0x1e2  Code  Gb  ServiceCommunication.o [1]
Region$$Table$$Base      0x800'7964          --   Gb  - Linker created -
Region$$Table$$Limit     0x800'7984          --   Gb  - Linker created -
ServiceCommunication_RXParsingHandler()
                         0x800'32a5   0x26  Code  Gb  ServiceCommunication.o [1]
ServiceCommunication_TXParsingHandler()
                         0x800'32d1   0x3a  Code  Gb  ServiceCommunication.o [1]
ServiceCommunication_TXParsingHandler()::sent
                        0x2000'0ce3    0x1  Data  Lc  ServiceCommunication.o [1]
ServiceCommunication_initialise()
                         0x800'3311  0x144  Code  Gb  ServiceCommunication.o [1]
States                  0x2000'0cc8   0x10  Data  Gb  ServiceCommunication.o [1]
SysTick_Handler          0x800'79ed    0x4  Code  Gb  stm32f4xx_it.o [1]
SystemClock_Config()     0x800'1b37   0xaa  Code  Gb  main.o [1]
SystemCoreClock         0x2000'0590    0x4  Data  Gb  system_stm32f4xx.o [1]
SystemInit               0x800'7559   0x3a  Code  Gb  system_stm32f4xx.o [1]
TIM6_DAC_IRQHandler      0x800'79f1    0x6  Code  Gb  stm32f4xx_it.o [1]
TIM_Base_SetConfig       0x800'5a2f   0xb0  Code  Gb  stm32f4xx_hal_tim.o [1]
TX_BuildCANBuffer(unsigned char *)
                         0x800'27df   0x34  Code  Gb  ServiceCommunication.o [1]
TX_PutCommandQueueInBuffer(unsigned char *)
                         0x800'2695  0x14a  Code  Gb  ServiceCommunication.o [1]
TX_PutValueQueueInBuffer(unsigned char *)
                         0x800'25e5   0xae  Code  Gb  ServiceCommunication.o [1]
Utils_SetAll_Buffer(unsigned char *, unsigned char, unsigned char)
                         0x800'2565   0x14  Code  Gb  ServiceCommunication.o [1]
Values                  0x2000'0d68    0xc  Data  Gb  ServiceCommunication.o [1]
[local to main_c]::MX_CAN1_Init()
                         0x800'1be1   0x3c  Code  Lc  main.o [1]
[local to main_c]::MX_GPIO_Init()
                         0x800'1ccf  0x25e  Code  Lc  main.o [1]
[local to main_c]::MX_I2C1_Init()
                         0x800'1c1d   0x38  Code  Lc  main.o [1]
[local to main_c]::MX_TIM6_Init()
                         0x800'1c55   0x4a  Code  Lc  main.o [1]
[local to main_c]::MX_USART2_UART_Init()
                         0x800'1c9f   0x30  Code  Lc  main.o [1]
[local to stm32f4xx_hal_cortex_c]::NVIC_EncodePriority(unsigned int, unsigned int, unsigned int)
                         0x800'6dbd   0x36  Code  Lc  stm32f4xx_hal_cortex.o [1]
[local to stm32f4xx_hal_cortex_c]::SysTick_Config(unsigned int)
                         0x800'6df3   0x28  Code  Lc  stm32f4xx_hal_cortex.o [1]
[local to stm32f4xx_hal_cortex_c]::__NVIC_EnableIRQ(IRQn_Type)
                         0x800'6d8d   0x16  Code  Lc  stm32f4xx_hal_cortex.o [1]
[local to stm32f4xx_hal_cortex_c]::__NVIC_GetPriorityGrouping()
                         0x800'6d83    0xa  Code  Lc  stm32f4xx_hal_cortex.o [1]
[local to stm32f4xx_hal_cortex_c]::__NVIC_SetPriority(IRQn_Type, unsigned int)
                         0x800'6da3   0x1a  Code  Lc  stm32f4xx_hal_cortex.o [1]
[local to stm32f4xx_hal_cortex_c]::__NVIC_SetPriorityGrouping(unsigned int)
                         0x800'6d69   0x1a  Code  Lc  stm32f4xx_hal_cortex.o [1]
[local to stm32f4xx_hal_i2c_c]::I2C_IsAcknowledgeFailed(__I2C_HandleTypeDef *)
                         0x800'5859   0x30  Code  Lc  stm32f4xx_hal_i2c.o [1]
[local to stm32f4xx_hal_i2c_c]::I2C_MasterRequestRead(__I2C_HandleTypeDef *, unsigned short, unsigned int, unsigned int)
                         0x800'5503  0x102  Code  Lc  stm32f4xx_hal_i2c.o [1]
[local to stm32f4xx_hal_i2c_c]::I2C_MasterRequestWrite(__I2C_HandleTypeDef *, unsigned short, unsigned int, unsigned int)
                         0x800'5461   0xa2  Code  Lc  stm32f4xx_hal_i2c.o [1]
[local to stm32f4xx_hal_i2c_c]::I2C_WaitOnBTFFlagUntilTimeout(__I2C_HandleTypeDef *, unsigned int, unsigned int)
                         0x800'5799   0x56  Code  Lc  stm32f4xx_hal_i2c.o [1]
[local to stm32f4xx_hal_i2c_c]::I2C_WaitOnFlagUntilTimeout(__I2C_HandleTypeDef *, unsigned int, FlagStatus, unsigned int, unsigned int)
                         0x800'5611   0x84  Code  Lc  stm32f4xx_hal_i2c.o [1]
[local to stm32f4xx_hal_i2c_c]::I2C_WaitOnMasterAddressFlagUntilTimeout(__I2C_HandleTypeDef *, unsigned int, unsigned int, unsigned int)
                         0x800'5695   0xae  Code  Lc  stm32f4xx_hal_i2c.o [1]
[local to stm32f4xx_hal_i2c_c]::I2C_WaitOnRXNEFlagUntilTimeout(__I2C_HandleTypeDef *, unsigned int, unsigned int)
                         0x800'57ef   0x6a  Code  Lc  stm32f4xx_hal_i2c.o [1]
[local to stm32f4xx_hal_i2c_c]::I2C_WaitOnTXEFlagUntilTimeout(__I2C_HandleTypeDef *, unsigned int, unsigned int)
                         0x800'5743   0x56  Code  Lc  stm32f4xx_hal_i2c.o [1]
[local to stm32f4xx_hal_uart_c]::UART_SetConfig(__UART_HandleTypeDef *)
                         0x800'5bab  0x274  Code  Lc  stm32f4xx_hal_uart.o [1]
__aeabi_cdcmple          0x800'6505         Code  Gb  DblCmpLe.o [3]
__aeabi_cdrcmple         0x800'64d5         Code  Gb  DblCmpGe.o [3]
__aeabi_d2iz             0x800'6535         Code  Gb  DblToS32.o [3]
__aeabi_dadd             0x800'67f9         Code  Gb  DblAdd.o [3]
__aeabi_ddiv             0x800'6a79         Code  Gb  DblDiv.o [3]
__aeabi_dmul             0x800'6655         Code  Gb  DblMul.o [3]
__aeabi_dsub             0x800'6571         Code  Gb  DblSub.o [3]
__aeabi_i2d              0x800'6d45         Code  Gb  S32ToDbl.o [3]
__aeabi_ldiv0            0x800'72b1         Code  Gb  I64DivZer.o [4]
__aeabi_memset4          0x800'458d         Code  Gb  ABImemset48.o [4]
__aeabi_memset8          0x800'458d         Code  Gb  ABImemset48.o [4]
__aeabi_ui2d             0x800'6cc1         Code  Gb  U32ToDbl.o [3]
__aeabi_uldivmod         0x800'7075         Code  Gb  I64DivMod.o [4]
__cmain                  0x800'7985         Code  Gb  cmain.o [4]
__exit                   0x800'79b9   0x14  Code  Gb  exit.o [5]
__iar_Memset4_word       0x800'4595         Code  Gb  ABImemset48.o [4]
__iar_Memset8_word       0x800'4595         Code  Gb  ABImemset48.o [4]
__iar_ceil64             0x800'6ced         Code  Gb  ceil.o [3]
__iar_dadd               0x800'6581         Code  Gb  DblSub.o [3]
__iar_data_init3         0x800'7865   0x28  Code  Gb  data_init.o [4]
__iar_debug_exceptions   0x800'45c6    0x1  Data  Gb  unwind_debug.o [5]
__iar_dsub               0x800'6809         Code  Gb  DblAdd.o [3]
__iar_dsubStart          0x800'681b         Code  Gb  DblAdd.o [3]
__iar_init_vfp           0x800'7941         Code  Gb  fpinit_M.o [3]
__iar_lz77_init_single3
                         0x800'74e1   0x78  Code  Gb  lz77_init_single.o [4]
__iar_program_start      0x800'79fd         Code  Gb  cstartup_M.o [4]
__iar_sqrt64             0x800'6985         Code  Gb  sqrt.o [3]
__iar_vfp___iar_ceil64   0x800'6cdd         Code  Gb  ceil.o [3]
__iar_vfp___iar_sqrt64   0x800'6975         Code  Gb  sqrt.o [3]
__iar_vfp_ceil           0x800'6cdd         Code  Gb  ceil.o [3]
__iar_vfp_ceill          0x800'6cdd         Code  Gb  ceil.o [3]
__iar_vfp_sqrt           0x800'6975         Code  Gb  sqrt.o [3]
__iar_vfp_sqrtl          0x800'6975         Code  Gb  sqrt.o [3]
__iar_zero_init3         0x800'3ab3   0x3a  Code  Gb  zero_init3.o [4]
__low_level_init         0x800'79a3    0x4  Code  Gb  low_level_init.o [2]
__vector_table           0x800'0000         Data  Gb  startup_stm32f407xx.o [1]
_call_main               0x800'7991         Code  Gb  cmain.o [4]
_exit                    0x800'79ad         Code  Gb  cexit.o [4]
_main                    0x800'799f         Code  Gb  cmain.o [4]
bFlagUpdateEtatEcran    0x2000'0d41    0x1  Data  Gb  main.o [1]
bFlagUpdateMessageEcran
                        0x2000'0d40    0x1  Data  Gb  main.o [1]
bFlagUpdateModeEcran    0x2000'0d42    0x1  Data  Gb  main.o [1]
ceil                     0x800'6ced         Code  Gb  ceil.o [3]
ceill                    0x800'6ced         Code  Gb  ceil.o [3]
compteurAntiRebond      0x2000'0db8    0x4  Data  Gb  interfaceB1.o [1]
compteurAvantLecture    0x2000'0db4    0x4  Data  Gb  interfaceB1.o [1]
currentSlot             0x2000'0ce1    0x1  Data  Gb  ServiceCommunication.o [1]
delaiModeDeTest(bool)    0x800'1519   0x24  Code  Gb  processusUsine.o [1]
delaiModeDeTest(bool)::iCompteurDelaiTest
                        0x2000'0dec    0x4  Data  Lc  processusUsine.o [1]
elementsDuCentreDeTri   0x2000'0994  0x110  Data  Gb  interfaceUsine.o [1]
etatEcran               0x2000'0d2c   0x14  Data  Gb  main.o [1]
etatJaune               0x2000'0dca    0x1  Data  Gb  interfaceColonne.o [1]
etatRouge               0x2000'0dc8    0x1  Data  Gb  interfaceColonne.o [1]
etatTraitementRequetePont
                        0x2000'0dbf    0x1  Data  Gb  interfaceUsine.o [1]
etatVert                0x2000'0dc9    0x1  Data  Gb  interfaceColonne.o [1]
exit                     0x800'79a7    0x4  Code  Gb  exit.o [2]
flagTexteFini           0x2000'0d43    0x1  Data  Gb  main.o [1]
gereLeBoutonRouge()      0x800'2237   0x4e  Code  Gb  interfaceUsine.o [1]
gereLeBoutonRouge()::compteurAntiRebondR
                        0x2000'0de7    0x1  Data  Lc  interfaceUsine.o [1]
gereLeBoutonRouge()::compteurAvantLectureR
                        0x2000'0de6    0x1  Data  Lc  interfaceUsine.o [1]
gereLeBoutonVert()       0x800'21e7   0x50  Code  Gb  interfaceUsine.o [1]
gereLeBoutonVert()::compteurAntiRebondV
                        0x2000'0de3    0x1  Data  Lc  interfaceUsine.o [1]
gereLeBoutonVert()::compteurAvantLectureV
                        0x2000'0de2    0x1  Data  Lc  interfaceUsine.o [1]
gereLePont()             0x800'2285  0x10c  Code  Gb  interfaceUsine.o [1]
gereLePont()::compteurDelaiPont
                        0x2000'0dc4    0x4  Data  Lc  interfaceUsine.o [1]
gereLePont()::flagDelaiPont
                        0x2000'0dc0    0x1  Data  Lc  interfaceUsine.o [1]
hcan1                   0x2000'0c78   0x28  Data  Gb  main.o [1]
hi2c1                   0x2000'0b60   0x54  Data  Gb  main.o [1]
htim6                   0x2000'0bf8   0x40  Data  Gb  main.o [1]
huart2                  0x2000'0c38   0x40  Data  Gb  main.o [1]
interfaceB1             0x2000'0db0    0x4  Data  Gb  interfaceB1.o [1]
interfaceB1_gere()       0x800'3b8d   0x4a  Code  Gb  interfaceB1.o [1]
interfaceB1_initialise()
                         0x800'3bd7   0x1a  Code  Gb  interfaceB1.o [1]
interfaceCAN1_litUnMessageRecu(unsigned char *)
                         0x800'5ec5    0x4  Code  Gb  interfaceCAN1.o [1]
interfaceCAN1_messageDisponible()
                         0x800'5ec1    0x4  Code  Gb  interfaceCAN1.o [1]
interfaceCAN1_transmetDesDonnes(unsigned int, unsigned char *, unsigned char)
                         0x800'5ec9    0x4  Code  Gb  interfaceCAN1.o [1]
interfaceColonne_allume(unsigned char)
                         0x800'20c3   0x32  Code  Gb  interfaceColonne.o [1]
interfaceColonne_clignote(unsigned char)
                         0x800'2127   0x26  Code  Gb  interfaceColonne.o [1]
interfaceColonne_compteur
                        0x2000'0dcc    0x4  Data  Gb  interfaceColonne.o [1]
interfaceColonne_eteint(unsigned char)
                         0x800'20f5   0x32  Code  Gb  interfaceColonne.o [1]
interfaceColonne_gere()
                         0x800'205d   0x66  Code  Gb  interfaceColonne.o [1]
interfaceColonne_initialise()
                         0x800'214d   0x2a  Code  Gb  interfaceColonne.o [1]
interfaceLcd_Clear_Swipe(unsigned char)
                         0x800'42c1  0x276  Code  Gb  interfaceLcd.o [1]
interfaceLcd_Draw_Line(double, double, double, double, bool)
                         0x800'4117  0x126  Code  Gb  interfaceLcd.o [1]
interfaceLcd_Draw_Pixel(double, double, bool)
                         0x800'4095   0x82  Code  Gb  interfaceLcd.o [1]
interfaceLcd_Draw_Shape_RectF(unsigned char, unsigned char, unsigned char, unsigned char, bool)
                         0x800'423d   0x82  Code  Gb  interfaceLcd.o [1]
interfacePont_AckStart()
                         0x800'39f5    0x6  Code  Gb  interfacePont.o [1]
interfacePont_Error()    0x800'3a0f    0x2  Code  Gb  interfacePont.o [1]
interfacePont_MotionComplete()
                         0x800'39fb   0x14  Code  Gb  interfacePont.o [1]
interfacePont_Position0()
                         0x800'37c5   0x7a  Code  Gb  interfacePont.o [1]
interfacePont_Position1()
                         0x800'383f   0x7a  Code  Gb  interfacePont.o [1]
interfacePont_Position2()
                         0x800'38b9   0x76  Code  Gb  interfacePont.o [1]
interfacePont_ReadyForOperation()
                         0x800'39ef    0x6  Code  Gb  interfacePont.o [1]
interfacePont_fini()     0x800'39c1   0x10  Code  Gb  interfacePont.o [1]
interfacePont_gere()     0x800'392f   0x82  Code  Gb  interfacePont.o [1]
interfacePont_gere()::ucCompteurTemps
                        0x2000'0dd4    0x4  Data  Lc  interfacePont.o [1]
interfacePont_initialise()
                         0x800'3a11   0x18  Code  Gb  interfacePont.o [1]
interfacePont_pos0()     0x800'39b1    0x8  Code  Gb  interfacePont.o [1]
interfacePont_pos2()     0x800'39b9    0x8  Code  Gb  interfacePont.o [1]
interfaceStepMoteur_gere()
                         0x800'3675   0x52  Code  Gb  interfaceStepMoteur.o [1]
interfaceStepMoteur_home()
                         0x800'36c7   0xae  Code  Gb  interfaceStepMoteur.o [1]
interfaceStepMoteur_home()::compteStepAscenseur
                        0x2000'002c    0x4  Data  Lc  interfaceStepMoteur.o [1]
interfaceStepMoteur_home()::compteTemps
                        0x2000'0028    0x4  Data  Lc  interfaceStepMoteur.o [1]
interfaceStepMoteur_initialise()
                         0x800'3799    0xe  Code  Gb  interfaceStepMoteur.o [1]
interfaceStepMoteur_requete(unsigned char)
                         0x800'3775   0x24  Code  Gb  interfaceStepMoteur.o [1]
interfaceT1_eteint()     0x800'3b5d    0x6  Code  Gb  interfaceT1.o [1]
interfaceT1_initialise()
                         0x800'3b63    0x6  Code  Gb  interfaceT1.o [1]
interfaceT2_eteint()     0x800'3b69    0x6  Code  Gb  interfaceT2.o [1]
interfaceT2_initialise()
                         0x800'3b6f    0x6  Code  Gb  interfaceT2.o [1]
interfaceT3_initialise()
                         0x800'3b75    0x6  Code  Gb  interfaceT3.o [1]
interfaceT4_allume()     0x800'3b7b    0x6  Code  Gb  interfaceT4.o [1]
interfaceT4_eteint()     0x800'3b81    0x6  Code  Gb  interfaceT4.o [1]
interfaceT4_initialise()
                         0x800'3b87    0x6  Code  Gb  interfaceT4.o [1]
interfaceUsine_BR       0x2000'0de4    0x2  Data  Gb  interfaceUsine.o [1]
interfaceUsine_BV       0x2000'0de0    0x2  Data  Gb  interfaceUsine.o [1]
interfaceUsine_EcritUnElement(unsigned char, bool)
                         0x800'23e9   0x36  Code  Gb  interfaceUsine.o [1]
interfaceUsine_EtatPont()
                         0x800'23b7    0x6  Code  Gb  interfaceUsine.o [1]
interfaceUsine_Initialise()
                         0x800'2429  0x11c  Code  Gb  interfaceUsine.o [1]
interfaceUsine_LitADC()
                         0x800'23e3    0x6  Code  Gb  interfaceUsine.o [1]
interfaceUsine_LitUnElement(unsigned char)
                         0x800'23bd   0x26  Code  Gb  interfaceUsine.o [1]
interfaceUsine_PositionPont()
                         0x800'23b1    0x6  Code  Gb  interfaceUsine.o [1]
interfaceUsine_RequetePont(unsigned char)
                         0x800'2391   0x20  Code  Gb  interfaceUsine.o [1]
interfaceUsine_Reset()   0x800'241f    0xa  Code  Gb  interfaceUsine.o [1]
interfaceUsine_gere()    0x800'2185   0x62  Code  Gb  interfaceUsine.o [1]
interfaceUsine_gere()::compteurDeTransmission
                        0x2000'0dac    0x4  Data  Lc  interfaceUsine.o [1]
interruptCount          0x2000'0ce4    0x4  Data  Gb  ServiceCommunication.o [1]
jam                     0x2000'0df9    0x1  Data  Gb  interfaceStepMoteur.o [1]
main                     0x800'1969  0x1ce  Code  Gb  main.o [1]
main_initialiseApresLeHAL()
                         0x800'1947   0x20  Code  Gb  main.o [1]
main_initialiseAvantLeHAL()
                         0x800'1905   0x42  Code  Gb  main.o [1]
messageEcran            0x2000'0ca0   0x28  Data  Gb  main.o [1]
modeDeTests_activeEjecteur()
                         0x800'11b5   0x62  Code  Gb  processusUsine.o [1]
modeDeTests_activeEjecteur()::compteurTempsTimeout
                        0x2000'0aec    0x4  Data  Lc  processusUsine.o [1]
modeDeTests_activeLaVentouse()
                         0x800'12a1   0x30  Code  Gb  processusUsine.o [1]
modeDeTests_activeLeVerinDuMagasin()
                         0x800'0f91   0x44  Code  Gb  processusUsine.o [1]
modeDeTests_activeLeVerinDuMagasin()::compteurTempsEjectionBloc
                        0x2000'0adc    0x4  Data  Lc  processusUsine.o [1]
modeDeTests_activeleConvoyeur()
                         0x800'1139   0x30  Code  Gb  processusUsine.o [1]
modeDeTests_attFinInitPont()
                         0x800'1429   0x50  Code  Gb  processusUsine.o [1]
modeDeTests_attFinInitPont()::compteurTempsInitPont
                        0x2000'0afc    0x4  Data  Lc  processusUsine.o [1]
modeDeTests_deplaceLaVentouse()
                         0x800'1489   0x46  Code  Gb  processusUsine.o [1]
modeDeTests_deplaceLaVentouse()::compteurTempsTimeout
                        0x2000'0b00    0x4  Data  Lc  processusUsine.o [1]
modeDeTests_desactiveEjecteur()
                         0x800'1221   0x7c  Code  Gb  processusUsine.o [1]
modeDeTests_desactiveEjecteur()::compteurTempsTimeout
                        0x2000'0af0    0x4  Data  Lc  processusUsine.o [1]
modeDeTests_desactiveLaVentouse()
                         0x800'12d5   0x48  Code  Gb  processusUsine.o [1]
modeDeTests_desactiveLeConvoyeur()
                         0x800'116d   0x48  Code  Gb  processusUsine.o [1]
modeDeTests_desactiveLeVerinDuMagasin()
                         0x800'0fd9   0x6e  Code  Gb  processusUsine.o [1]
modeDeTests_desactiveLeVerinDuMagasin()::compteurTempsTimeout
                        0x2000'0ae0    0x4  Data  Lc  processusUsine.o [1]
modeDeTests_descendElevateur()
                         0x800'10bd   0x7c  Code  Gb  processusUsine.o [1]
modeDeTests_descendElevateur()::compteurTempsTimeout
                        0x2000'0ae8    0x4  Data  Lc  processusUsine.o [1]
modeDeTests_descendLaVentouse()
                         0x800'1325   0x62  Code  Gb  processusUsine.o [1]
modeDeTests_descendLaVentouse()::compteurTempsTimeout
                        0x2000'0af4    0x4  Data  Lc  processusUsine.o [1]
modeDeTests_monteElevateur()
                         0x800'1051   0x62  Code  Gb  processusUsine.o [1]
modeDeTests_monteElevateur()::compteurTempsTimeout
                        0x2000'0ae4    0x4  Data  Lc  processusUsine.o [1]
modeDeTests_monteLaVentouse()
                         0x800'1399   0x84  Code  Gb  processusUsine.o [1]
modeDeTests_monteLaVentouse()::compteurTempsTimeout
                        0x2000'0af8    0x4  Data  Lc  processusUsine.o [1]
modeDeTests_replaceLaventouse()
                         0x800'14d1   0x48  Code  Gb  processusUsine.o [1]
modeDeTests_replaceLaventouse()::compteurTempsTimeout
                        0x2000'0b04    0x4  Data  Lc  processusUsine.o [1]
modeDeTests_testeLaColonneLumineuse()
                         0x800'0ef5   0x54  Code  Gb  processusUsine.o [1]
modeDeTests_testeLaColonneLumineuse()::compteurDelai
                        0x2000'0ad8    0x4  Data  Lc  processusUsine.o [1]
modeDeTests_testeLesEntrees()
                         0x800'0f4d   0x3a  Code  Gb  processusUsine.o [1]
modeEcran               0x2000'0d8c   0x14  Data  Gb  main.o [1]
modeOperation_attendAscenseurBas()
                         0x800'0d45   0x4e  Code  Gb  processusUsine.o [1]
modeOperation_attendAscenseurBas()::delai
                        0x2000'0ad4    0x4  Data  Lc  processusUsine.o [1]
modeOperation_attendBlocAspire()
                         0x800'0b31   0x3a  Code  Gb  processusUsine.o [1]
modeOperation_attendBlocChute()
                         0x800'0a81   0x66  Code  Gb  processusUsine.o [1]
modeOperation_attendBlocChute()::compteurDelaiVentouseBas
                        0x2000'0ac8    0x4  Data  Lc  processusUsine.o [1]
modeOperation_attendBlocChute()::compteurTempsAttendChute
                        0x2000'0ac4    0x4  Data  Lc  processusUsine.o [1]
modeOperation_attendElevateurEnHaut()
                         0x800'095d   0xa6  Code  Gb  processusUsine.o [1]
modeOperation_attendElevateurEnHaut()::compteurDelaiTpsADC
                        0x2000'0abc    0x4  Data  Lc  processusUsine.o [1]
modeOperation_attendElevateurEnHaut()::compteurTempsElevateurEnHaut
                        0x2000'0ac0    0x4  Data  Lc  processusUsine.o [1]
modeOperation_attendFinInitialisation()
                         0x800'0649   0xc6  Code  Gb  processusUsine.o [1]
modeOperation_attendFinInitialisation()::compteurTempsInitialisation
                        0x2000'0ab0    0x4  Data  Lc  processusUsine.o [1]
modeOperation_attendFinJetteBloc()
                         0x800'0c99   0xa2  Code  Gb  processusUsine.o [1]
modeOperation_attendFinJetteBloc()::delaiRestart
                        0x2000'0ad0    0x4  Data  Lc  processusUsine.o [1]
modeOperation_attendFinJetteBloc()::flagSequenceFinie
                        0x2000'0aa5    0x1  Data  Lc  processusUsine.o [1]
modeOperation_attendPontPos0()
                         0x800'0ae9   0x46  Code  Gb  processusUsine.o [1]
modeOperation_attendVentouseHaut()
                         0x800'0b6d   0x8a  Code  Gb  processusUsine.o [1]
modeOperation_attendVentouseHaut()::compteurTempsMouvement
                        0x2000'0acc    0x4  Data  Lc  processusUsine.o [1]
modeOperation_detecteLeBloc()
                         0x800'0781  0x18c  Code  Gb  processusUsine.o [1]
modeOperation_detecteLeBloc()::compteurTempsDetectionBloc
                        0x2000'0ab8    0x4  Data  Lc  processusUsine.o [1]
modeOperation_ejecteUnBloc()
                         0x800'0a05   0x7c  Code  Gb  processusUsine.o [1]
modeOperation_execute   0x2000'0aa8    0x4  Data  Gb  processusUsine.o [1]
modeOperation_lanceInitialisation()
                         0x800'05e5   0x5e  Code  Gb  processusUsine.o [1]
modeOperation_monteElevateur()
                         0x800'090d   0x4e  Code  Gb  processusUsine.o [1]
modeOperation_pousseUnBloc()
                         0x800'0711   0x6e  Code  Gb  processusUsine.o [1]
modeOperation_pousseUnBloc()::compteurTempsEjectionBloc
                        0x2000'0ab4    0x4  Data  Lc  processusUsine.o [1]
modeOperation_vaALAscenseur()
                         0x800'0c45   0x2e  Code  Gb  processusUsine.o [1]
modeOperation_vaALaFosse()
                         0x800'0c09   0x3a  Code  Gb  processusUsine.o [1]
modeTest_clignote()      0x800'1541   0x2e  Code  Gb  processusUsine.o [1]
modeTest_clignote()::compteurTpsClignote
                        0x2000'0df0    0x4  Data  Lc  processusUsine.o [1]
modeTest_execute        0x2000'0aac    0x4  Data  Gb  processusUsine.o [1]
neFaitRien               0x800'1967    0x2  Code  Gb  main.o [1]
overallStep             0x2000'0024    0x4  Data  Gb  interfaceStepMoteur.o [1]
piloteCAN1_CasierPostal
                        0x2000'0bf4    0x4  Data  Gb  piloteCAN1.o [1]
piloteCAN1_filtre       0x2000'0bcc   0x28  Data  Gb  piloteCAN1.o [1]
piloteCAN1_initialise()
                         0x800'3c3b   0x50  Code  Gb  piloteCAN1.o [1]
piloteCAN1_litUnMessageRecu(unsigned char *)
                         0x800'3c05   0x16  Code  Gb  piloteCAN1.o [1]
piloteCAN1_messageDisponible()
                         0x800'3bfd    0x8  Code  Gb  piloteCAN1.o [1]
piloteCAN1_reception    0x2000'0d10   0x1c  Data  Gb  piloteCAN1.o [1]
piloteCAN1_transmetDesDonnes(unsigned int, unsigned char *, unsigned char)
                         0x800'3c1b   0x20  Code  Gb  piloteCAN1.o [1]
piloteCAN1_transmission
                        0x2000'0bb4   0x18  Data  Gb  piloteCAN1.o [1]
piloteColonne_allume(unsigned char)
                         0x800'5e5b   0x2e  Code  Gb  piloteColonne.o [1]
piloteColonne_eteint(unsigned char)
                         0x800'5e2d   0x2e  Code  Gb  piloteColonne.o [1]
piloteI2C_Receive(unsigned char, unsigned char *)
                         0x800'5ea7   0x14  Code  Gb  piloteI2C.o [1]
piloteI2C_Transmit(unsigned char, unsigned char)
                         0x800'5e91   0x16  Code  Gb  piloteI2C.o [1]
piloteIOB1_initialise()
                         0x800'3ab1    0x2  Code  Gb  piloteIOB1.o [1]
piloteIOB1_litLEntree()
                         0x800'3aa5    0x8  Code  Gb  piloteIOB1.o [1]
piloteIOT1_initialise()
                         0x800'3af9    0xc  Code  Gb  piloteIOT1.o [1]
piloteIOT1_metLaSortieA(unsigned char)
                         0x800'3aed    0xc  Code  Gb  piloteIOT1.o [1]
piloteIOT2_initialise()
                         0x800'3b15    0xc  Code  Gb  piloteIOT2.o [1]
piloteIOT2_metLaSortieA(unsigned char)
                         0x800'3b09    0xc  Code  Gb  piloteIOT2.o [1]
piloteIOT3_initialise()
                         0x800'3b31    0xc  Code  Gb  piloteIOT3.o [1]
piloteIOT3_metLaSortieA(unsigned char)
                         0x800'3b25    0xc  Code  Gb  piloteIOT3.o [1]
piloteIOT4_initialise()
                         0x800'3b4d    0xc  Code  Gb  piloteIOT4.o [1]
piloteIOT4_metLaSortieA(unsigned char)
                         0x800'3b41    0xc  Code  Gb  piloteIOT4.o [1]
piloteStepMoteur_EcritSortie(unsigned char, bool)
                         0x800'5ecd   0x66  Code  Gb  piloteStepMoteur.o [1]
piloteTimer6Up_execute  0x2000'0de8    0x4  Data  Gb  piloteTimer6Up.o [1]
piloteTimer6Up_initialise()
                         0x800'3a49    0x8  Code  Gb  piloteTimer6Up.o [1]
piloteTimer6Up_permetLesInterruptions()
                         0x800'3a43    0x6  Code  Gb  piloteTimer6Up.o [1]
position                0x2000'0020    0x1  Data  Gb  interfaceStepMoteur.o [1]
positionVoulue          0x2000'0df8    0x1  Data  Gb  interfaceStepMoteur.o [1]
processusUsine_arret()   0x800'0da5   0x4a  Code  Gb  processusUsine.o [1]
processusUsine_attente()
                         0x800'0189   0xf4  Code  Gb  processusUsine.o [1]
processusUsine_erreur()
                         0x800'1575   0x4a  Code  Gb  processusUsine.o [1]
processusUsine_erreur()::compteurClignote
                        0x2000'0df4    0x4  Data  Lc  processusUsine.o [1]
processusUsine_initialise()
                         0x800'16fd    0xe  Code  Gb  processusUsine.o [1]
processusUsine_operation()
                         0x800'0289  0x35c  Code  Gb  processusUsine.o [1]
processusUsine_tests()   0x800'0dfd   0xf8  Code  Gb  processusUsine.o [1]
resetIOPositions()       0x800'39d1   0x1e  Code  Gb  interfacePont.o [1]
serviceBaseDeTemps_execute
                        0x2000'0cf0   0x20  Data  Gb  serviceBaseDeTemps.o [1]
serviceBaseDeTemps_gere()
                         0x800'3a5d   0x1a  Code  Gb  serviceBaseDeTemps.o [1]
serviceBaseDeTemps_initialise()
                         0x800'3a77   0x1e  Code  Gb  serviceBaseDeTemps.o [1]
serviceCommunication_ErrorState
                        0x2000'0ce0    0x1  Data  Gb  ServiceCommunication.o [1]
sqrt                     0x800'6985         Code  Gb  sqrt.o [3]
sqrtl                    0x800'6985         Code  Gb  sqrt.o [3]
tabStepMoteur           0x2000'0000   0x20  Data  Gb  interfaceStepMoteur.o [1]
temporaryCANTXBuffer    0x2000'0ce8    0x8  Data  Gb  ServiceCommunication.o [1]
temporaryModuleBuffer   0x2000'0dd8    0x8  Data  Gb  ServiceCommunication.o [1]
ucEtat                  0x2000'0dd2    0x1  Data  Gb  interfacePont.o [1]
ucEtatPont              0x2000'0dbc    0x1  Data  Gb  interfaceUsine.o [1]
ucFontSystem3x6         0x2000'0030   0xc4  Data  Gb  piloteLcd.o [1]
ucFontSystem5x8         0x2000'00f4  0x1e8  Data  Gb  piloteLcd.o [1]
ucFontSystem7x8         0x2000'02dc  0x2a8  Data  Gb  piloteLcd.o [1]
ucInputGLcd(unsigned char)
                         0x800'3c99   0x30  Code  Gb  piloteLcd.o [1]
ucPosition              0x2000'0dd0    0x1  Data  Gb  interfacePont.o [1]
ucPostitonPont          0x2000'0dbd    0x1  Data  Gb  interfaceUsine.o [1]
ucReadIO(unsigned char, unsigned char, unsigned char)
                         0x800'5f7d  0x25a  Code  Gb  IO_BUS.o [1]
ucRequetePont           0x2000'0dbe    0x1  Data  Gb  interfaceUsine.o [1]
ucResultatDeplacement   0x2000'0dd1    0x1  Data  Gb  interfacePont.o [1]
ucTypeDeBloc            0x2000'0aa4    0x1  Data  Gb  processusUsine.o [1]
unionCartesI2CUsine     0x2000'0da0    0x8  Data  Gb  interfaceUsine.o [1]
updateDiscColor()        0x800'1631   0xcc  Code  Gb  processusUsine.o [1]
updateEtatEcran          0x800'1f4b   0x1c  Code  Gb  main.o [1]
updateMessageEcran       0x800'1f2d   0x1e  Code  Gb  main.o [1]
updateModeEcran          0x800'1f67   0x1e  Code  Gb  main.o [1]
uwTick                  0x2000'0588    0x4  Data  Gb  stm32f4xx_hal.o [1]
uwTickFreq              0x2000'0584    0x1  Data  Gb  stm32f4xx_hal.o [1]
uwTickPrio              0x2000'058c    0x4  Data  Gb  stm32f4xx_hal.o [1]
vClearPixelGLcd(unsigned char, unsigned char)
                         0x800'3e33   0xc6  Code  Gb  piloteLcd.o [1]
vData_IN()               0x800'5f3d   0x1e  Code  Gb  IO_BUS.o [1]
vData_OUT()              0x800'5f5b   0x22  Code  Gb  IO_BUS.o [1]
vInitGLcd()              0x800'3cff   0x78  Code  Gb  piloteLcd.o [1]
vOutputGLcd(unsigned char, unsigned char)
                         0x800'3cc9   0x36  Code  Gb  piloteLcd.o [1]
vPutCharGLcd(unsigned char, unsigned char, unsigned char, unsigned char)
                         0x800'3ef9  0x11c  Code  Gb  piloteLcd.o [1]
vPutPixelGLcd(unsigned char, unsigned char)
                         0x800'3d77   0xbc  Code  Gb  piloteLcd.o [1]
vPutStringGLcd(char const *, signed char, unsigned char)
                         0x800'4015   0x6e  Code  Gb  piloteLcd.o [1]
vWriteIO(unsigned char, unsigned char, unsigned char, unsigned char)
                         0x800'61d9  0x2f0  Code  Gb  IO_BUS.o [1]
valeurDuADC             0x2000'0da8    0x1  Data  Gb  interfaceUsine.o [1]


[1] = C:\Repos\Projet-5e-Session\Centre-De-Tri\CentreDeTriS5\EWARM\CentreDeTriS5\Obj
[2] = dl7M_tlf.a
[3] = m7M_tls.a
[4] = rt7M_tl.a
[5] = shb_l.a

  30'135 bytes of readonly  code memory
   2'709 bytes of readonly  data memory
   7'674 bytes of readwrite data memory

Errors: none
Warnings: none
