###############################################################################
#
# IAR ELF Linker V8.50.1.245/W32 for ARM                  28/Nov/2022  14:59:03
# Copyright 2007-2020 IAR Systems AB.
#
#    Output file  =
#        C:\Repos\Projet-5e-Session\Centre-De-Tri\CentreDeTriS5\EWARM\CentreDeTriS5\Exe\CentreDeTriS5.out
#    Map file     =
#        C:\Repos\Projet-5e-Session\Centre-De-Tri\CentreDeTriS5\EWARM\CentreDeTriS5\List\CentreDeTriS5.map
#    Command line =
#        -f C:\Users\2040227\AppData\Local\Temp\EWDA8C.tmp
#        (C:\Repos\Projet-5e-Session\Centre-De-Tri\CentreDeTriS5\EWARM\CentreDeTriS5\Obj\interfaceT1.o
#        C:\Repos\Projet-5e-Session\Centre-De-Tri\CentreDeTriS5\EWARM\CentreDeTriS5\Obj\interfaceT2.o
#        C:\Repos\Projet-5e-Session\Centre-De-Tri\CentreDeTriS5\EWARM\CentreDeTriS5\Obj\interfaceT3.o
#        C:\Repos\Projet-5e-Session\Centre-De-Tri\CentreDeTriS5\EWARM\CentreDeTriS5\Obj\interfaceT4.o
#        C:\Repos\Projet-5e-Session\Centre-De-Tri\CentreDeTriS5\EWARM\CentreDeTriS5\Obj\interfaceUsine.o
#        C:\Repos\Projet-5e-Session\Centre-De-Tri\CentreDeTriS5\EWARM\CentreDeTriS5\Obj\main.o
#        C:\Repos\Projet-5e-Session\Centre-De-Tri\CentreDeTriS5\EWARM\CentreDeTriS5\Obj\piloteCAN1.o
#        C:\Repos\Projet-5e-Session\Centre-De-Tri\CentreDeTriS5\EWARM\CentreDeTriS5\Obj\piloteI2C.o
#        C:\Repos\Projet-5e-Session\Centre-De-Tri\CentreDeTriS5\EWARM\CentreDeTriS5\Obj\piloteIOB1.o
#        C:\Repos\Projet-5e-Session\Centre-De-Tri\CentreDeTriS5\EWARM\CentreDeTriS5\Obj\piloteIOT1.o
#        C:\Repos\Projet-5e-Session\Centre-De-Tri\CentreDeTriS5\EWARM\CentreDeTriS5\Obj\piloteIOT2.o
#        C:\Repos\Projet-5e-Session\Centre-De-Tri\CentreDeTriS5\EWARM\CentreDeTriS5\Obj\piloteIOT3.o
#        C:\Repos\Projet-5e-Session\Centre-De-Tri\CentreDeTriS5\EWARM\CentreDeTriS5\Obj\piloteIOT4.o
#        C:\Repos\Projet-5e-Session\Centre-De-Tri\CentreDeTriS5\EWARM\CentreDeTriS5\Obj\piloteTimer6Up.o
#        C:\Repos\Projet-5e-Session\Centre-De-Tri\CentreDeTriS5\EWARM\CentreDeTriS5\Obj\processusUsine.o
#        C:\Repos\Projet-5e-Session\Centre-De-Tri\CentreDeTriS5\EWARM\CentreDeTriS5\Obj\serviceBaseDeTemps.o
#        C:\Repos\Projet-5e-Session\Centre-De-Tri\CentreDeTriS5\EWARM\CentreDeTriS5\Obj\startup_stm32f407xx.o
#        C:\Repos\Projet-5e-Session\Centre-De-Tri\CentreDeTriS5\EWARM\CentreDeTriS5\Obj\stm32f4xx_hal.o
#        C:\Repos\Projet-5e-Session\Centre-De-Tri\CentreDeTriS5\EWARM\CentreDeTriS5\Obj\stm32f4xx_hal_can.o
#        C:\Repos\Projet-5e-Session\Centre-De-Tri\CentreDeTriS5\EWARM\CentreDeTriS5\Obj\stm32f4xx_hal_cortex.o
#        C:\Repos\Projet-5e-Session\Centre-De-Tri\CentreDeTriS5\EWARM\CentreDeTriS5\Obj\stm32f4xx_hal_dma.o
#        C:\Repos\Projet-5e-Session\Centre-De-Tri\CentreDeTriS5\EWARM\CentreDeTriS5\Obj\stm32f4xx_hal_dma_ex.o
#        C:\Repos\Projet-5e-Session\Centre-De-Tri\CentreDeTriS5\EWARM\CentreDeTriS5\Obj\stm32f4xx_hal_exti.o
#        C:\Repos\Projet-5e-Session\Centre-De-Tri\CentreDeTriS5\EWARM\CentreDeTriS5\Obj\stm32f4xx_hal_flash.o
#        C:\Repos\Projet-5e-Session\Centre-De-Tri\CentreDeTriS5\EWARM\CentreDeTriS5\Obj\stm32f4xx_hal_flash_ex.o
#        C:\Repos\Projet-5e-Session\Centre-De-Tri\CentreDeTriS5\EWARM\CentreDeTriS5\Obj\stm32f4xx_hal_flash_ramfunc.o
#        C:\Repos\Projet-5e-Session\Centre-De-Tri\CentreDeTriS5\EWARM\CentreDeTriS5\Obj\stm32f4xx_hal_gpio.o
#        C:\Repos\Projet-5e-Session\Centre-De-Tri\CentreDeTriS5\EWARM\CentreDeTriS5\Obj\stm32f4xx_hal_i2c.o
#        C:\Repos\Projet-5e-Session\Centre-De-Tri\CentreDeTriS5\EWARM\CentreDeTriS5\Obj\stm32f4xx_hal_i2c_ex.o
#        C:\Repos\Projet-5e-Session\Centre-De-Tri\CentreDeTriS5\EWARM\CentreDeTriS5\Obj\stm32f4xx_hal_msp.o
#        C:\Repos\Projet-5e-Session\Centre-De-Tri\CentreDeTriS5\EWARM\CentreDeTriS5\Obj\stm32f4xx_hal_pwr.o
#        C:\Repos\Projet-5e-Session\Centre-De-Tri\CentreDeTriS5\EWARM\CentreDeTriS5\Obj\stm32f4xx_hal_pwr_ex.o
#        C:\Repos\Projet-5e-Session\Centre-De-Tri\CentreDeTriS5\EWARM\CentreDeTriS5\Obj\stm32f4xx_hal_rcc.o
#        C:\Repos\Projet-5e-Session\Centre-De-Tri\CentreDeTriS5\EWARM\CentreDeTriS5\Obj\stm32f4xx_hal_rcc_ex.o
#        C:\Repos\Projet-5e-Session\Centre-De-Tri\CentreDeTriS5\EWARM\CentreDeTriS5\Obj\stm32f4xx_hal_tim.o
#        C:\Repos\Projet-5e-Session\Centre-De-Tri\CentreDeTriS5\EWARM\CentreDeTriS5\Obj\stm32f4xx_hal_tim_ex.o
#        C:\Repos\Projet-5e-Session\Centre-De-Tri\CentreDeTriS5\EWARM\CentreDeTriS5\Obj\stm32f4xx_hal_uart.o
#        C:\Repos\Projet-5e-Session\Centre-De-Tri\CentreDeTriS5\EWARM\CentreDeTriS5\Obj\stm32f4xx_it.o
#        C:\Repos\Projet-5e-Session\Centre-De-Tri\CentreDeTriS5\EWARM\CentreDeTriS5\Obj\system_stm32f4xx.o
#        --redirect _Printf=_PrintfFull --redirect _Scanf=_ScanfFull
#        --no_out_extension -o
#        C:\Repos\Projet-5e-Session\Centre-De-Tri\CentreDeTriS5\EWARM\CentreDeTriS5\Exe\CentreDeTriS5.out
#        --map
#        C:\Repos\Projet-5e-Session\Centre-De-Tri\CentreDeTriS5\EWARM\CentreDeTriS5\List\CentreDeTriS5.map
#        --config
#        C:\Repos\Projet-5e-Session\Centre-De-Tri\CentreDeTriS5\EWARM/stm32f407xx_flash.icf
#        --semihosting --entry __iar_program_start --vfe --text_out locale)
#
###############################################################################

*******************************************************************************
*** RUNTIME MODEL ATTRIBUTES
***

CppFlavor        = *
__CPP_Exceptions = Disabled
__CPP_Language   = C++14
__SystemLibrary  = DLib
__dlib_version   = 6


*******************************************************************************
*** HEAP SELECTION
***

The basic heap was selected because no calls to memory allocation
functions were found in the application outside of system library
functions, and there are calls to deallocation functions in the
application.


*******************************************************************************
*** PLACEMENT SUMMARY
***

"A0":  place at address 0x800'0000 { ro section .intvec };
"P1":  place in [from 0x800'0000 to 0x80f'ffff] { ro };
define block CSTACK with size = 1K, alignment = 8 { };
define block HEAP with size = 512, alignment = 8 { };
"P2":  place in [from 0x2000'0000 to 0x2001'ffff] {
          rw, block CSTACK, block HEAP };
initialize by copy { rw };

  Section            Kind         Address    Size  Object
  -------            ----         -------    ----  ------
"A0":                                       0x188
  .intvec            ro code   0x800'0000   0x188  startup_stm32f407xx.o [1]
                             - 0x800'0188   0x188

"P1":                                      0x34c0
  .text              ro code   0x800'0188   0xad2  stm32f4xx_hal_i2c.o [1]
  .text              ro code   0x800'0c5a    0x3a  zero_init3.o [4]
  .text              ro code   0x800'0c94   0x1d4  stm32f4xx_hal_msp.o [1]
  .text              ro code   0x800'0e68   0x224  stm32f4xx_hal_rcc.o [1]
  .text              ro code   0x800'108c     0xc  stm32f4xx_hal.o [1]
  .text              ro code   0x800'1098   0x158  stm32f4xx_hal_cortex.o [1]
  .text              ro code   0x800'11f0    0x14  memset.o [4]
  .text              ro code   0x800'1204   0x264  stm32f4xx_hal_gpio.o [1]
  .text              ro code   0x800'1468    0x4c  stm32f4xx_hal.o [1]
  .text              ro code   0x800'14b4   0x230  I64DivMod.o [4]
  .text              ro code   0x800'16e4    0x66  ABImemset.o [4]
  .text              ro code   0x800'174a    0x2e  copy_init3.o [4]
  .text              ro code   0x800'1778     0x2  I64DivZer.o [4]
  .rodata            const     0x800'177a     0x1  unwind_debug.o [5]
  .text              ro code   0x800'177c   0x48a  main.o [1]
  .text              ro code   0x800'1c08    0x30  piloteTimer6Up.o [1]
  .text              ro code   0x800'1c38     0x2  piloteIOB1.o [1]
  .text              ro code   0x800'1c3c    0x28  piloteIOT1.o [1]
  .text              ro code   0x800'1c64    0x28  piloteIOT2.o [1]
  .text              ro code   0x800'1c8c    0x28  piloteIOT3.o [1]
  .text              ro code   0x800'1cb4    0x28  piloteIOT4.o [1]
  .text              ro code   0x800'1cdc    0x50  serviceBaseDeTemps.o [1]
  .text              ro code   0x800'1d2c     0xa  interfaceT1.o [1]
  .text              ro code   0x800'1d36     0xa  interfaceT2.o [1]
  .text              ro code   0x800'1d40    0x14  interfaceT3.o [1]
  .text              ro code   0x800'1d54    0x1e  interfaceT4.o [1]
  .text              ro code   0x800'1d74   0x408  processusUsine.o [1]
  .text              ro code   0x800'217c   0x40c  interfaceUsine.o [1]
  .text              ro code   0x800'2588    0x6c  piloteCAN1.o [1]
  .text              ro code   0x800'25f4    0x34  stm32f4xx_hal.o [1]
  .text              ro code   0x800'2628   0x380  stm32f4xx_hal_rcc.o [1]
  .text              ro code   0x800'29a8   0x2f4  stm32f4xx_hal_can.o [1]
  .text              ro code   0x800'2c9c   0x2c4  stm32f4xx_hal_tim.o [1]
  .text              ro code   0x800'2f60    0x4e  stm32f4xx_hal_tim_ex.o [1]
  .text              ro code   0x800'2fb0   0x368  stm32f4xx_hal_uart.o [1]
  .text              ro code   0x800'3318    0x3c  piloteI2C.o [1]
  .text              ro code   0x800'3354     0x2  stm32f4xx_hal_tim.o [1]
  .text              ro code   0x800'3356     0x2  stm32f4xx_hal_tim.o [1]
  .text              ro code   0x800'3358     0x2  stm32f4xx_hal_tim.o [1]
  .text              ro code   0x800'335a     0x2  stm32f4xx_hal_tim_ex.o [1]
  .text              ro code   0x800'335c     0x2  stm32f4xx_hal_tim.o [1]
  .text              ro code   0x800'335e     0x2  stm32f4xx_hal_tim_ex.o [1]
  .text              ro code   0x800'3360    0x60  system_stm32f4xx.o [1]
  .text              ro code   0x800'33c0    0x28  data_init.o [4]
  .text              ro code   0x800'33e8    0x22  fpinit_M.o [3]
  .iar.init_table    const     0x800'340c    0x24  - Linker created -
  .text              ro code   0x800'3430    0x1e  cmain.o [4]
  .text              ro code   0x800'344e     0x4  low_level_init.o [2]
  .text              ro code   0x800'3452     0x4  exit.o [2]
  .text              ro code   0x800'3458     0xa  cexit.o [4]
  .text              ro code   0x800'3464    0x14  exit.o [5]
  .text              ro code   0x800'3478    0x18  stm32f4xx_hal.o [1]
  .text              ro code   0x800'3490    0x18  stm32f4xx_it.o [1]
  .rodata            const     0x800'34a8    0x10  system_stm32f4xx.o [1]
  .text              ro code   0x800'34b8    0x10  startup_stm32f407xx.o [1]
  .text              ro code   0x800'34c8     0xc  cstartup_M.o [4]
  Initializer bytes  const     0x800'34d4     0xc  <for P2-1>
  .rodata            const     0x800'34e0     0x8  system_stm32f4xx.o [1]
  .text              ro code   0x800'34e8     0x4  startup_stm32f407xx.o [1]
  .text              ro code   0x800'34ec     0x4  startup_stm32f407xx.o [1]
  .text              ro code   0x800'34f0     0x4  startup_stm32f407xx.o [1]
  .text              ro code   0x800'34f4     0x4  startup_stm32f407xx.o [1]
  .text              ro code   0x800'34f8     0x4  startup_stm32f407xx.o [1]
  .text              ro code   0x800'34fc     0x4  startup_stm32f407xx.o [1]
  .text              ro code   0x800'3500     0x4  startup_stm32f407xx.o [1]
  .text              ro code   0x800'3504     0x4  startup_stm32f407xx.o [1]
  .text              ro code   0x800'3508     0x4  startup_stm32f407xx.o [1]
  .text              ro code   0x800'350c     0x4  startup_stm32f407xx.o [1]
  .text              ro code   0x800'3510     0x4  startup_stm32f407xx.o [1]
  .text              ro code   0x800'3514     0x4  startup_stm32f407xx.o [1]
  .text              ro code   0x800'3518     0x4  startup_stm32f407xx.o [1]
  .text              ro code   0x800'351c     0x4  startup_stm32f407xx.o [1]
  .text              ro code   0x800'3520     0x4  startup_stm32f407xx.o [1]
  .text              ro code   0x800'3524     0x4  startup_stm32f407xx.o [1]
  .text              ro code   0x800'3528     0x4  startup_stm32f407xx.o [1]
  .text              ro code   0x800'352c     0x4  startup_stm32f407xx.o [1]
  .text              ro code   0x800'3530     0x4  startup_stm32f407xx.o [1]
  .text              ro code   0x800'3534     0x4  startup_stm32f407xx.o [1]
  .text              ro code   0x800'3538     0x4  startup_stm32f407xx.o [1]
  .text              ro code   0x800'353c     0x4  startup_stm32f407xx.o [1]
  .text              ro code   0x800'3540     0x4  startup_stm32f407xx.o [1]
  .text              ro code   0x800'3544     0x4  startup_stm32f407xx.o [1]
  .text              ro code   0x800'3548     0x4  startup_stm32f407xx.o [1]
  .text              ro code   0x800'354c     0x4  startup_stm32f407xx.o [1]
  .text              ro code   0x800'3550     0x4  startup_stm32f407xx.o [1]
  .text              ro code   0x800'3554     0x4  startup_stm32f407xx.o [1]
  .text              ro code   0x800'3558     0x4  startup_stm32f407xx.o [1]
  .text              ro code   0x800'355c     0x4  startup_stm32f407xx.o [1]
  .text              ro code   0x800'3560     0x4  startup_stm32f407xx.o [1]
  .text              ro code   0x800'3564     0x4  startup_stm32f407xx.o [1]
  .text              ro code   0x800'3568     0x4  startup_stm32f407xx.o [1]
  .text              ro code   0x800'356c     0x4  startup_stm32f407xx.o [1]
  .text              ro code   0x800'3570     0x4  startup_stm32f407xx.o [1]
  .text              ro code   0x800'3574     0x4  startup_stm32f407xx.o [1]
  .text              ro code   0x800'3578     0x4  startup_stm32f407xx.o [1]
  .text              ro code   0x800'357c     0x4  startup_stm32f407xx.o [1]
  .text              ro code   0x800'3580     0x4  startup_stm32f407xx.o [1]
  .text              ro code   0x800'3584     0x4  startup_stm32f407xx.o [1]
  .text              ro code   0x800'3588     0x4  startup_stm32f407xx.o [1]
  .text              ro code   0x800'358c     0x4  startup_stm32f407xx.o [1]
  .text              ro code   0x800'3590     0x4  startup_stm32f407xx.o [1]
  .text              ro code   0x800'3594     0x4  startup_stm32f407xx.o [1]
  .text              ro code   0x800'3598     0x4  startup_stm32f407xx.o [1]
  .text              ro code   0x800'359c     0x4  startup_stm32f407xx.o [1]
  .text              ro code   0x800'35a0     0x4  startup_stm32f407xx.o [1]
  .text              ro code   0x800'35a4     0x4  startup_stm32f407xx.o [1]
  .text              ro code   0x800'35a8     0x4  startup_stm32f407xx.o [1]
  .text              ro code   0x800'35ac     0x4  startup_stm32f407xx.o [1]
  .text              ro code   0x800'35b0     0x4  startup_stm32f407xx.o [1]
  .text              ro code   0x800'35b4     0x4  startup_stm32f407xx.o [1]
  .text              ro code   0x800'35b8     0x4  startup_stm32f407xx.o [1]
  .text              ro code   0x800'35bc     0x4  startup_stm32f407xx.o [1]
  .text              ro code   0x800'35c0     0x4  startup_stm32f407xx.o [1]
  .text              ro code   0x800'35c4     0x4  startup_stm32f407xx.o [1]
  .text              ro code   0x800'35c8     0x4  startup_stm32f407xx.o [1]
  .text              ro code   0x800'35cc     0x4  startup_stm32f407xx.o [1]
  .text              ro code   0x800'35d0     0x4  startup_stm32f407xx.o [1]
  .text              ro code   0x800'35d4     0x4  startup_stm32f407xx.o [1]
  .text              ro code   0x800'35d8     0x4  startup_stm32f407xx.o [1]
  .text              ro code   0x800'35dc     0x4  startup_stm32f407xx.o [1]
  .text              ro code   0x800'35e0     0x4  startup_stm32f407xx.o [1]
  .text              ro code   0x800'35e4     0x4  startup_stm32f407xx.o [1]
  .text              ro code   0x800'35e8     0x4  startup_stm32f407xx.o [1]
  .text              ro code   0x800'35ec     0x4  startup_stm32f407xx.o [1]
  .text              ro code   0x800'35f0     0x4  startup_stm32f407xx.o [1]
  .text              ro code   0x800'35f4     0x4  startup_stm32f407xx.o [1]
  .text              ro code   0x800'35f8     0x4  startup_stm32f407xx.o [1]
  .text              ro code   0x800'35fc     0x4  startup_stm32f407xx.o [1]
  .text              ro code   0x800'3600     0x4  startup_stm32f407xx.o [1]
  .text              ro code   0x800'3604     0x4  startup_stm32f407xx.o [1]
  .text              ro code   0x800'3608     0x4  startup_stm32f407xx.o [1]
  .text              ro code   0x800'360c     0x4  startup_stm32f407xx.o [1]
  .text              ro code   0x800'3610     0x4  startup_stm32f407xx.o [1]
  .text              ro code   0x800'3614     0x4  startup_stm32f407xx.o [1]
  .text              ro code   0x800'3618     0x4  startup_stm32f407xx.o [1]
  .text              ro code   0x800'361c     0x4  startup_stm32f407xx.o [1]
  .text              ro code   0x800'3620     0x4  startup_stm32f407xx.o [1]
  .text              ro code   0x800'3624     0x4  startup_stm32f407xx.o [1]
  .text              ro code   0x800'3628     0x4  startup_stm32f407xx.o [1]
  .text              ro code   0x800'362c     0x4  startup_stm32f407xx.o [1]
  .text              ro code   0x800'3630     0x4  startup_stm32f407xx.o [1]
  .text              ro code   0x800'3634     0x4  startup_stm32f407xx.o [1]
  .text              ro code   0x800'3638     0x4  startup_stm32f407xx.o [1]
  .text              ro code   0x800'363c     0x4  startup_stm32f407xx.o [1]
  .text              ro code   0x800'3640     0x4  startup_stm32f407xx.o [1]
  .text              ro code   0x800'3644     0x4  startup_stm32f407xx.o [1]
  .rodata            const     0x800'3648     0x0  zero_init3.o [4]
  .rodata            const     0x800'3648     0x0  copy_init3.o [4]
                             - 0x800'3648  0x34c0

"P2", part 1 of 3:                            0xc
  P2-1                        0x2000'0000     0x9  <Init block>
    .data            inited   0x2000'0000     0x4  stm32f4xx_hal.o [1]
    .data            inited   0x2000'0004     0x4  system_stm32f4xx.o [1]
    .data            inited   0x2000'0008     0x1  stm32f4xx_hal.o [1]
                            - 0x2000'0009     0x9

"P2", part 2 of 3:                          0x294
  .bss               zero     0x2000'000c   0x110  interfaceUsine.o [1]
  .bss               zero     0x2000'011c    0x54  main.o [1]
  .bss               zero     0x2000'0170    0x40  main.o [1]
  .bss               zero     0x2000'01b0    0x40  main.o [1]
  .bss               zero     0x2000'01f0    0x28  main.o [1]
  .bss               zero     0x2000'0218    0x28  piloteCAN1.o [1]
  .bss               zero     0x2000'0240    0x18  piloteCAN1.o [1]
  .bss               zero     0x2000'0258     0x8  interfaceUsine.o [1]
  .bss               zero     0x2000'0260     0x8  serviceBaseDeTemps.o [1]
  .bss               zero     0x2000'0268     0x4  interfaceUsine.o [1]
  .bss               zero     0x2000'026c     0x4  interfaceUsine.o [1]
  .bss               zero     0x2000'0270     0x4  piloteTimer6Up.o [1]
  .bss               zero     0x2000'0274     0x4  processusUsine.o [1]
  .bss               zero     0x2000'0278     0x4  processusUsine.o [1]
  .bss               zero     0x2000'027c     0x4  processusUsine.o [1]
  .bss               zero     0x2000'0280     0x4  processusUsine.o [1]
  .bss               zero     0x2000'0284     0x4  processusUsine.o [1]
  .bss               zero     0x2000'0288     0x4  processusUsine.o [1]
  .bss               zero     0x2000'028c     0x4  processusUsine.o [1]
  .bss               zero     0x2000'0290     0x4  processusUsine.o [1]
  .bss               zero     0x2000'0294     0x4  stm32f4xx_hal.o [1]
  .bss               zero     0x2000'0298     0x1  interfaceUsine.o [1]
  .bss               zero     0x2000'0299     0x1  interfaceUsine.o [1]
  .bss               zero     0x2000'029a     0x1  interfaceUsine.o [1]
  .bss               zero     0x2000'029b     0x1  interfaceUsine.o [1]
  .bss               zero     0x2000'029c     0x1  processusUsine.o [1]
                            - 0x2000'029d   0x291

"P2", part 3 of 3:                          0x400
  CSTACK                      0x2000'02a0   0x400  <Block>
    CSTACK           uninit   0x2000'02a0   0x400  <Block tail>
                            - 0x2000'06a0   0x400

Unused ranges:

         From           To      Size
         ----           --      ----
   0x800'3648   0x80f'ffff  0xf'c9b8
  0x2000'06a0  0x2001'ffff  0x1'f960


*******************************************************************************
*** INIT TABLE
***

          Address      Size
          -------      ----
Zero (__iar_zero_init3)
    1 destination range, total size 0x291:
          0x2000'000c  0x291

Copy (__iar_copy_init3)
    1 source range, total size 0xc (133% of destination):
           0x800'34d4    0xc
    1 destination range, total size 0x9:
          0x2000'0000    0x9



*******************************************************************************
*** MODULE SUMMARY
***

    Module                  ro code  ro data  rw data
    ------                  -------  -------  -------
command line/config:
    -------------------------------------------------
    Total:

C:\Repos\Projet-5e-Session\Centre-De-Tri\CentreDeTriS5\EWARM\CentreDeTriS5\Obj: [1]
    interfaceT1.o                10
    interfaceT2.o                10
    interfaceT3.o                20
    interfaceT4.o                30
    interfaceUsine.o          1'036               292
    main.o                    1'162               252
    piloteCAN1.o                108                64
    piloteI2C.o                  60
    piloteIOB1.o                  2
    piloteIOT1.o                 40
    piloteIOT2.o                 40
    piloteIOT3.o                 40
    piloteIOT4.o                 40
    piloteTimer6Up.o             48                 4
    processusUsine.o          1'032                33
    serviceBaseDeTemps.o         80                 8
    startup_stm32f407xx.o       760
    stm32f4xx_hal.o             164        5        9
    stm32f4xx_hal_can.o         756
    stm32f4xx_hal_cortex.o      344
    stm32f4xx_hal_gpio.o        612
    stm32f4xx_hal_i2c.o       2'770
    stm32f4xx_hal_msp.o         468
    stm32f4xx_hal_rcc.o       1'444
    stm32f4xx_hal_tim.o         716
    stm32f4xx_hal_tim_ex.o       82
    stm32f4xx_hal_uart.o        872
    stm32f4xx_it.o               24
    system_stm32f4xx.o           96       28        4
    -------------------------------------------------
    Total:                   12'866       33      666

dl7M_tln.a: [2]
    exit.o                        4
    low_level_init.o              4
    -------------------------------------------------
    Total:                        8

m7M_tls.a: [3]
    fpinit_M.o                   34
    -------------------------------------------------
    Total:                       34

rt7M_tl.a: [4]
    ABImemset.o                 102
    I64DivMod.o                 560
    I64DivZer.o                   2
    cexit.o                      10
    cmain.o                      30
    copy_init3.o                 46
    cstartup_M.o                 12
    data_init.o                  40
    memset.o                     20
    zero_init3.o                 58
    -------------------------------------------------
    Total:                      880

shb_l.a: [5]
    exit.o                       20
    unwind_debug.o                         1
    -------------------------------------------------
    Total:                       20        1

    Gaps                         13        2
    Linker created                        39    1'024
-----------------------------------------------------
    Grand Total:             13'821       75    1'690


*******************************************************************************
*** ENTRY LIST
***

Entry                       Address   Size  Type      Object
-----                       -------   ----  ----      ------
.iar.init_table$$Base    0x800'340c          --   Gb  - Linker created -
.iar.init_table$$Limit   0x800'3430          --   Gb  - Linker created -
?main                    0x800'3431         Code  Gb  cmain.o [4]
AHBPrescTable            0x800'34a8   0x10  Data  Gb  system_stm32f4xx.o [1]
APBPrescTable            0x800'34e0    0x8  Data  Gb  system_stm32f4xx.o [1]
CSTACK$$Base            0x2000'02a0          --   Gb  - Linker created -
CSTACK$$Limit           0x2000'06a0          --   Gb  - Linker created -
Error_Handler            0x800'1c05    0x2  Code  Gb  main.o [1]
HAL_CAN_ConfigFilter     0x800'2b15  0x128  Code  Gb  stm32f4xx_hal_can.o [1]
HAL_CAN_Init             0x800'29a9  0x16c  Code  Gb  stm32f4xx_hal_can.o [1]
HAL_CAN_MspInit          0x800'0ccf   0x68  Code  Gb  stm32f4xx_hal_msp.o [1]
HAL_CAN_Start            0x800'2c3d   0x5c  Code  Gb  stm32f4xx_hal_can.o [1]
HAL_GPIO_Init            0x800'1205  0x210  Code  Gb  stm32f4xx_hal_gpio.o [1]
HAL_GPIO_WritePin        0x800'1415   0x1a  Code  Gb  stm32f4xx_hal_gpio.o [1]
HAL_GetTick              0x800'108d    0xc  Code  Wk  stm32f4xx_hal.o [1]
HAL_I2C_Init             0x800'0189  0x1ba  Code  Gb  stm32f4xx_hal_i2c.o [1]
HAL_I2C_Master_Receive   0x800'04ad  0x2f8  Code  Gb  stm32f4xx_hal_i2c.o [1]
HAL_I2C_Master_Transmit
                         0x800'0343  0x16a  Code  Gb  stm32f4xx_hal_i2c.o [1]
HAL_I2C_MspInit          0x800'0d37   0x6a  Code  Gb  stm32f4xx_hal_msp.o [1]
HAL_IncTick              0x800'3479   0x18  Code  Wk  stm32f4xx_hal.o [1]
HAL_Init                 0x800'25f5   0x30  Code  Gb  stm32f4xx_hal.o [1]
HAL_InitTick             0x800'1469   0x4c  Code  Wk  stm32f4xx_hal.o [1]
HAL_MspInit              0x800'0c95   0x3a  Code  Gb  stm32f4xx_hal_msp.o [1]
HAL_NVIC_EnableIRQ       0x800'11b7    0xe  Code  Gb  stm32f4xx_hal_cortex.o [1]
HAL_NVIC_SetPriority     0x800'118d   0x2a  Code  Gb  stm32f4xx_hal_cortex.o [1]
HAL_NVIC_SetPriorityGrouping
                         0x800'1181    0xc  Code  Gb  stm32f4xx_hal_cortex.o [1]
HAL_RCC_ClockConfig      0x800'0e69  0x13e  Code  Gb  stm32f4xx_hal_rcc.o [1]
HAL_RCC_GetHCLKFreq      0x800'0fa7    0x6  Code  Gb  stm32f4xx_hal_rcc.o [1]
HAL_RCC_GetPCLK1Freq     0x800'0fad   0x16  Code  Gb  stm32f4xx_hal_rcc.o [1]
HAL_RCC_GetPCLK2Freq     0x800'0fc3   0x16  Code  Gb  stm32f4xx_hal_rcc.o [1]
HAL_RCC_OscConfig        0x800'2629  0x380  Code  Wk  stm32f4xx_hal_rcc.o [1]
HAL_SYSTICK_Config       0x800'11c5    0xc  Code  Gb  stm32f4xx_hal_cortex.o [1]
HAL_TIMEx_BreakCallback
                         0x800'335b    0x2  Code  Wk  stm32f4xx_hal_tim_ex.o [1]
HAL_TIMEx_CommutCallback
                         0x800'335f    0x2  Code  Wk  stm32f4xx_hal_tim_ex.o [1]
HAL_TIMEx_MasterConfigSynchronization
                         0x800'2f61   0x4e  Code  Gb  stm32f4xx_hal_tim_ex.o [1]
HAL_TIM_Base_Init        0x800'2c9d   0x38  Code  Gb  stm32f4xx_hal_tim.o [1]
HAL_TIM_Base_MspInit     0x800'0da1   0x36  Code  Gb  stm32f4xx_hal_msp.o [1]
HAL_TIM_Base_Start_IT    0x800'2cd5   0x2a  Code  Gb  stm32f4xx_hal_tim.o [1]
HAL_TIM_IRQHandler       0x800'2cff  0x176  Code  Gb  stm32f4xx_hal_tim.o [1]
HAL_TIM_PeriodElapsedCallback
                         0x800'1c09   0x12  Code  Gb  piloteTimer6Up.o [1]
HAL_UART_Init            0x800'2fb1   0x76  Code  Gb  stm32f4xx_hal_uart.o [1]
HAL_UART_MspInit         0x800'0dd7   0x68  Code  Gb  stm32f4xx_hal_msp.o [1]
Region$$Table$$Base      0x800'340c          --   Gb  - Linker created -
Region$$Table$$Limit     0x800'3430          --   Gb  - Linker created -
SysTick_Handler          0x800'3491    0x8  Code  Gb  stm32f4xx_it.o [1]
SystemClock_Config()     0x800'17eb   0xa8  Code  Gb  main.o [1]
SystemCoreClock         0x2000'0004    0x4  Data  Gb  system_stm32f4xx.o [1]
SystemInit               0x800'3361   0x40  Code  Gb  system_stm32f4xx.o [1]
TIM6_DAC_IRQHandler      0x800'3499    0xa  Code  Gb  stm32f4xx_it.o [1]
TIM_Base_SetConfig       0x800'2e75   0xc0  Code  Gb  stm32f4xx_hal_tim.o [1]
[local to main_c]::MX_CAN1_Init()
                         0x800'1893   0x46  Code  Lc  main.o [1]
[local to main_c]::MX_GPIO_Init()
                         0x800'1991  0x226  Code  Lc  main.o [1]
[local to main_c]::MX_I2C1_Init()
                         0x800'18d9   0x38  Code  Lc  main.o [1]
[local to main_c]::MX_TIM6_Init()
                         0x800'1911   0x4c  Code  Lc  main.o [1]
[local to main_c]::MX_USART2_UART_Init()
                         0x800'195d   0x34  Code  Lc  main.o [1]
[local to stm32f4xx_hal_cortex_c]::NVIC_EncodePriority(unsigned int, unsigned int, unsigned int)
                         0x800'1111   0x40  Code  Lc  stm32f4xx_hal_cortex.o [1]
[local to stm32f4xx_hal_cortex_c]::SysTick_Config(unsigned int)
                         0x800'1151   0x30  Code  Lc  stm32f4xx_hal_cortex.o [1]
[local to stm32f4xx_hal_cortex_c]::__NVIC_EnableIRQ(IRQn_Type)
                         0x800'10c7   0x1e  Code  Lc  stm32f4xx_hal_cortex.o [1]
[local to stm32f4xx_hal_cortex_c]::__NVIC_GetPriorityGrouping()
                         0x800'10bb    0xc  Code  Lc  stm32f4xx_hal_cortex.o [1]
[local to stm32f4xx_hal_cortex_c]::__NVIC_SetPriority(IRQn_Type, unsigned int)
                         0x800'10e5   0x2c  Code  Lc  stm32f4xx_hal_cortex.o [1]
[local to stm32f4xx_hal_cortex_c]::__NVIC_SetPriorityGrouping(unsigned int)
                         0x800'1099   0x22  Code  Lc  stm32f4xx_hal_cortex.o [1]
[local to stm32f4xx_hal_i2c_c]::I2C_IsAcknowledgeFailed(__I2C_HandleTypeDef *)
                         0x800'0c23   0x38  Code  Lc  stm32f4xx_hal_i2c.o [1]
[local to stm32f4xx_hal_i2c_c]::I2C_MasterRequestRead(__I2C_HandleTypeDef *, unsigned short, unsigned int, unsigned int)
                         0x800'0885  0x126  Code  Lc  stm32f4xx_hal_i2c.o [1]
[local to stm32f4xx_hal_i2c_c]::I2C_MasterRequestWrite(__I2C_HandleTypeDef *, unsigned short, unsigned int, unsigned int)
                         0x800'07c9   0xb8  Code  Lc  stm32f4xx_hal_i2c.o [1]
[local to stm32f4xx_hal_i2c_c]::I2C_WaitOnBTFFlagUntilTimeout(__I2C_HandleTypeDef *, unsigned int, unsigned int)
                         0x800'0b59   0x58  Code  Lc  stm32f4xx_hal_i2c.o [1]
[local to stm32f4xx_hal_i2c_c]::I2C_WaitOnFlagUntilTimeout(__I2C_HandleTypeDef *, unsigned int, FlagStatus, unsigned int, unsigned int)
                         0x800'09b9   0x8c  Code  Lc  stm32f4xx_hal_i2c.o [1]
[local to stm32f4xx_hal_i2c_c]::I2C_WaitOnMasterAddressFlagUntilTimeout(__I2C_HandleTypeDef *, unsigned int, unsigned int, unsigned int)
                         0x800'0a45   0xbc  Code  Lc  stm32f4xx_hal_i2c.o [1]
[local to stm32f4xx_hal_i2c_c]::I2C_WaitOnRXNEFlagUntilTimeout(__I2C_HandleTypeDef *, unsigned int, unsigned int)
                         0x800'0bb1   0x72  Code  Lc  stm32f4xx_hal_i2c.o [1]
[local to stm32f4xx_hal_i2c_c]::I2C_WaitOnTXEFlagUntilTimeout(__I2C_HandleTypeDef *, unsigned int, unsigned int)
                         0x800'0b01   0x58  Code  Lc  stm32f4xx_hal_i2c.o [1]
[local to stm32f4xx_hal_uart_c]::UART_SetConfig(__UART_HandleTypeDef *)
                         0x800'3027  0x2e2  Code  Lc  stm32f4xx_hal_uart.o [1]
__aeabi_ldiv0            0x800'1779         Code  Gb  I64DivZer.o [4]
__aeabi_memset           0x800'16e5         Code  Gb  ABImemset.o [4]
__aeabi_uldivmod         0x800'14b5         Code  Gb  I64DivMod.o [4]
__cmain                  0x800'3431         Code  Gb  cmain.o [4]
__exit                   0x800'3465   0x14  Code  Gb  exit.o [5]
__iar_Memset             0x800'16e5         Code  Gb  ABImemset.o [4]
__iar_Memset_word        0x800'16ed         Code  Gb  ABImemset.o [4]
__iar_copy_init3         0x800'174b   0x2e  Code  Gb  copy_init3.o [4]
__iar_data_init3         0x800'33c1   0x28  Code  Gb  data_init.o [4]
__iar_debug_exceptions   0x800'177a    0x1  Data  Gb  unwind_debug.o [5]
__iar_init_vfp           0x800'33e9         Code  Gb  fpinit_M.o [3]
__iar_program_start      0x800'34c9         Code  Gb  cstartup_M.o [4]
__iar_zero_init3         0x800'0c5b   0x3a  Code  Gb  zero_init3.o [4]
__low_level_init         0x800'344f    0x4  Code  Gb  low_level_init.o [2]
__vector_table           0x800'0000         Data  Gb  startup_stm32f407xx.o [1]
_call_main               0x800'343d         Code  Gb  cmain.o [4]
_exit                    0x800'3459         Code  Gb  cexit.o [4]
_main                    0x800'344b         Code  Gb  cmain.o [4]
elementsDuCentreDeTri   0x2000'000c  0x110  Data  Gb  interfaceUsine.o [1]
exit                     0x800'3453    0x4  Code  Gb  exit.o [2]
hcan1                   0x2000'01f0   0x28  Data  Gb  main.o [1]
hi2c1                   0x2000'011c   0x54  Data  Gb  main.o [1]
htim6                   0x2000'0170   0x40  Data  Gb  main.o [1]
huart2                  0x2000'01b0   0x40  Data  Gb  main.o [1]
interfaceT1_initialise()
                         0x800'1d2d    0xa  Code  Gb  interfaceT1.o [1]
interfaceT2_initialise()
                         0x800'1d37    0xa  Code  Gb  interfaceT2.o [1]
interfaceT3_allume()     0x800'1d41    0xa  Code  Gb  interfaceT3.o [1]
interfaceT3_initialise()
                         0x800'1d4b    0xa  Code  Gb  interfaceT3.o [1]
interfaceT4_allume()     0x800'1d55    0xa  Code  Gb  interfaceT4.o [1]
interfaceT4_eteint()     0x800'1d5f    0xa  Code  Gb  interfaceT4.o [1]
interfaceT4_initialise()
                         0x800'1d69    0xa  Code  Gb  interfaceT4.o [1]
interfaceUsine_EcritUnElement(unsigned char, bool)
                         0x800'237f   0x70  Code  Gb  interfaceUsine.o [1]
interfaceUsine_Initialise()
                         0x800'23ef  0x170  Code  Gb  interfaceUsine.o [1]
interfaceUsine_LitUnElement(unsigned char)
                         0x800'2353   0x2c  Code  Gb  interfaceUsine.o [1]
interfaceUsine_gere()    0x800'217d  0x1d6  Code  Gb  interfaceUsine.o [1]
interfaceUsine_gere()::ackRecieved
                        0x2000'029b    0x1  Data  Lc  interfaceUsine.o [1]
interfaceUsine_gere()::compteurDeTransmission
                        0x2000'0268    0x4  Data  Lc  interfaceUsine.o [1]
interfaceUsine_gere()::compteurDelaiPont
                        0x2000'026c    0x4  Data  Lc  interfaceUsine.o [1]
interfaceUsine_gere()::flagDelaiPont
                        0x2000'029a    0x1  Data  Lc  interfaceUsine.o [1]
main                     0x800'17c3   0x28  Code  Gb  main.o [1]
main_initialiseApresLeHAL()
                         0x800'17b5    0xc  Code  Gb  main.o [1]
main_initialiseAvantLeHAL()
                         0x800'177d   0x38  Code  Gb  main.o [1]
memset                   0x800'11f1   0x14  Code  Gb  memset.o [4]
modeErreur()             0x800'2119   0x34  Code  Gb  processusUsine.o [1]
modeErreur()::compteurClignote
                        0x2000'0290    0x4  Data  Lc  processusUsine.o [1]
modeOperation_attendBlocAspire()
                         0x800'20e5   0x26  Code  Gb  processusUsine.o [1]
modeOperation_attendBlocChute()
                         0x800'207d   0x68  Code  Gb  processusUsine.o [1]
modeOperation_attendBlocChute()::compteurDelaiVentouseBas
                        0x2000'028c    0x4  Data  Lc  processusUsine.o [1]
modeOperation_attendBlocChute()::compteurTempsAttendChute
                        0x2000'0288    0x4  Data  Lc  processusUsine.o [1]
modeOperation_attendElevateurEnHaut()
                         0x800'1fdd   0x38  Code  Gb  processusUsine.o [1]
modeOperation_attendElevateurEnHaut()::compteurTempsElevateurEnHaut
                        0x2000'0284    0x4  Data  Lc  processusUsine.o [1]
modeOperation_attendFinInitialisation()
                         0x800'1de9   0xa6  Code  Gb  processusUsine.o [1]
modeOperation_attendFinInitialisation()::compteurTempsInitialisation
                        0x2000'0278    0x4  Data  Lc  processusUsine.o [1]
modeOperation_detecteLeBloc()
                         0x800'1ed9   0xd4  Code  Gb  processusUsine.o [1]
modeOperation_detecteLeBloc()::compteurTempsDetectionBloc
                        0x2000'0280    0x4  Data  Lc  processusUsine.o [1]
modeOperation_ejecteUnBloc()
                         0x800'2015   0x68  Code  Gb  processusUsine.o [1]
modeOperation_execute   0x2000'0274    0x4  Data  Gb  processusUsine.o [1]
modeOperation_lanceInitialisation()
                         0x800'1d99   0x4e  Code  Gb  processusUsine.o [1]
modeOperation_monteElevateur()
                         0x800'1fad   0x30  Code  Gb  processusUsine.o [1]
modeOperation_pousseUnBloc()
                         0x800'1e91   0x48  Code  Gb  processusUsine.o [1]
modeOperation_pousseUnBloc()::compteurTempsEjectionBloc
                        0x2000'027c    0x4  Data  Lc  processusUsine.o [1]
neFaitRien               0x800'17c1    0x2  Code  Gb  main.o [1]
piloteCAN1_filtre       0x2000'0218   0x28  Data  Gb  piloteCAN1.o [1]
piloteCAN1_initialise()
                         0x800'2589   0x5e  Code  Gb  piloteCAN1.o [1]
piloteCAN1_transmission
                        0x2000'0240   0x18  Data  Gb  piloteCAN1.o [1]
piloteI2C_Receive(unsigned char, unsigned char *)
                         0x800'3333   0x1c  Code  Gb  piloteI2C.o [1]
piloteI2C_Transmit(unsigned char, unsigned char)
                         0x800'3319   0x1a  Code  Gb  piloteI2C.o [1]
piloteIOB1_initialise()
                         0x800'1c39    0x2  Code  Gb  piloteIOB1.o [1]
piloteIOT1_initialise()
                         0x800'1c51   0x10  Code  Gb  piloteIOT1.o [1]
piloteIOT1_metLaSortieA(unsigned char)
                         0x800'1c3d   0x14  Code  Gb  piloteIOT1.o [1]
piloteIOT2_initialise()
                         0x800'1c79   0x10  Code  Gb  piloteIOT2.o [1]
piloteIOT2_metLaSortieA(unsigned char)
                         0x800'1c65   0x14  Code  Gb  piloteIOT2.o [1]
piloteIOT3_initialise()
                         0x800'1ca1   0x10  Code  Gb  piloteIOT3.o [1]
piloteIOT3_metLaSortieA(unsigned char)
                         0x800'1c8d   0x14  Code  Gb  piloteIOT3.o [1]
piloteIOT4_initialise()
                         0x800'1cc9   0x10  Code  Gb  piloteIOT4.o [1]
piloteIOT4_metLaSortieA(unsigned char)
                         0x800'1cb5   0x14  Code  Gb  piloteIOT4.o [1]
piloteTimer6Up_execute  0x2000'0270    0x4  Data  Gb  piloteTimer6Up.o [1]
piloteTimer6Up_initialise()
                         0x800'1c25    0x8  Code  Gb  piloteTimer6Up.o [1]
piloteTimer6Up_permetLesInterruptions()
                         0x800'1c1b    0xa  Code  Gb  piloteTimer6Up.o [1]
processusUsine_attente()
                         0x800'1d75   0x18  Code  Gb  processusUsine.o [1]
processusUsine_initialise()
                         0x800'210b    0xe  Code  Gb  processusUsine.o [1]
processusUsine_operation()
                         0x800'1d8d    0xc  Code  Gb  processusUsine.o [1]
serviceBaseDeTemps_execute
                        0x2000'0260    0x8  Data  Gb  serviceBaseDeTemps.o [1]
serviceBaseDeTemps_gere()
                         0x800'1cdd   0x1e  Code  Gb  serviceBaseDeTemps.o [1]
serviceBaseDeTemps_initialise()
                         0x800'1cfb   0x22  Code  Gb  serviceBaseDeTemps.o [1]
ucPostitonPont          0x2000'0298    0x1  Data  Gb  interfaceUsine.o [1]
ucRequetePont           0x2000'0299    0x1  Data  Gb  interfaceUsine.o [1]
ucTypeDeBloc            0x2000'029c    0x1  Data  Gb  processusUsine.o [1]
unionCartesI2CUsine     0x2000'0258    0x8  Data  Gb  interfaceUsine.o [1]
uwTick                  0x2000'0294    0x4  Data  Gb  stm32f4xx_hal.o [1]
uwTickFreq              0x2000'0008    0x1  Data  Gb  stm32f4xx_hal.o [1]
uwTickPrio              0x2000'0000    0x4  Data  Gb  stm32f4xx_hal.o [1]


[1] = C:\Repos\Projet-5e-Session\Centre-De-Tri\CentreDeTriS5\EWARM\CentreDeTriS5\Obj
[2] = dl7M_tln.a
[3] = m7M_tls.a
[4] = rt7M_tl.a
[5] = shb_l.a

  13'821 bytes of readonly  code memory
      75 bytes of readonly  data memory
   1'690 bytes of readwrite data memory

Errors: none
Warnings: none
