###############################################################################
#
# IAR ELF Linker V8.50.1.245/W32 for ARM                  12/Dec/2022  20:47:24
# Copyright 2007-2020 IAR Systems AB.
#
#    Output file  =
#        C:\Repos\Projet-5e-Session\Centre-De-Tri\CentreDeTriS5\EWARM\CentreDeTriS5\Exe\CentreDeTriS5.out
#    Map file     =
#        C:\Repos\Projet-5e-Session\Centre-De-Tri\CentreDeTriS5\EWARM\CentreDeTriS5\List\CentreDeTriS5.map
#    Command line =
#        -f C:\Users\2040227\AppData\Local\Temp\EWDAC9.tmp
#        (C:\Repos\Projet-5e-Session\Centre-De-Tri\CentreDeTriS5\EWARM\CentreDeTriS5\Obj\BRS_Lcd_Font.o
#        C:\Repos\Projet-5e-Session\Centre-De-Tri\CentreDeTriS5\EWARM\CentreDeTriS5\Obj\interfaceB1.o
#        C:\Repos\Projet-5e-Session\Centre-De-Tri\CentreDeTriS5\EWARM\CentreDeTriS5\Obj\interfaceCAN1.o
#        C:\Repos\Projet-5e-Session\Centre-De-Tri\CentreDeTriS5\EWARM\CentreDeTriS5\Obj\interfaceColonne.o
#        C:\Repos\Projet-5e-Session\Centre-De-Tri\CentreDeTriS5\EWARM\CentreDeTriS5\Obj\interfaceLcd.o
#        C:\Repos\Projet-5e-Session\Centre-De-Tri\CentreDeTriS5\EWARM\CentreDeTriS5\Obj\interfacePont.o
#        C:\Repos\Projet-5e-Session\Centre-De-Tri\CentreDeTriS5\EWARM\CentreDeTriS5\Obj\interfaceT1.o
#        C:\Repos\Projet-5e-Session\Centre-De-Tri\CentreDeTriS5\EWARM\CentreDeTriS5\Obj\interfaceT2.o
#        C:\Repos\Projet-5e-Session\Centre-De-Tri\CentreDeTriS5\EWARM\CentreDeTriS5\Obj\interfaceT3.o
#        C:\Repos\Projet-5e-Session\Centre-De-Tri\CentreDeTriS5\EWARM\CentreDeTriS5\Obj\interfaceT4.o
#        C:\Repos\Projet-5e-Session\Centre-De-Tri\CentreDeTriS5\EWARM\CentreDeTriS5\Obj\interfaceUsine.o
#        C:\Repos\Projet-5e-Session\Centre-De-Tri\CentreDeTriS5\EWARM\CentreDeTriS5\Obj\IO_BUS.o
#        C:\Repos\Projet-5e-Session\Centre-De-Tri\CentreDeTriS5\EWARM\CentreDeTriS5\Obj\main.o
#        C:\Repos\Projet-5e-Session\Centre-De-Tri\CentreDeTriS5\EWARM\CentreDeTriS5\Obj\piloteCAN1.o
#        C:\Repos\Projet-5e-Session\Centre-De-Tri\CentreDeTriS5\EWARM\CentreDeTriS5\Obj\piloteColonne.o
#        C:\Repos\Projet-5e-Session\Centre-De-Tri\CentreDeTriS5\EWARM\CentreDeTriS5\Obj\piloteI2C.o
#        C:\Repos\Projet-5e-Session\Centre-De-Tri\CentreDeTriS5\EWARM\CentreDeTriS5\Obj\piloteIOB1.o
#        C:\Repos\Projet-5e-Session\Centre-De-Tri\CentreDeTriS5\EWARM\CentreDeTriS5\Obj\piloteIOT1.o
#        C:\Repos\Projet-5e-Session\Centre-De-Tri\CentreDeTriS5\EWARM\CentreDeTriS5\Obj\piloteIOT2.o
#        C:\Repos\Projet-5e-Session\Centre-De-Tri\CentreDeTriS5\EWARM\CentreDeTriS5\Obj\piloteIOT3.o
#        C:\Repos\Projet-5e-Session\Centre-De-Tri\CentreDeTriS5\EWARM\CentreDeTriS5\Obj\piloteIOT4.o
#        C:\Repos\Projet-5e-Session\Centre-De-Tri\CentreDeTriS5\EWARM\CentreDeTriS5\Obj\piloteLcd.o
#        C:\Repos\Projet-5e-Session\Centre-De-Tri\CentreDeTriS5\EWARM\CentreDeTriS5\Obj\piloteTimer6Up.o
#        C:\Repos\Projet-5e-Session\Centre-De-Tri\CentreDeTriS5\EWARM\CentreDeTriS5\Obj\processusUsine.o
#        C:\Repos\Projet-5e-Session\Centre-De-Tri\CentreDeTriS5\EWARM\CentreDeTriS5\Obj\serviceBaseDeTemps.o
#        C:\Repos\Projet-5e-Session\Centre-De-Tri\CentreDeTriS5\EWARM\CentreDeTriS5\Obj\ServiceCommunication.o
#        C:\Repos\Projet-5e-Session\Centre-De-Tri\CentreDeTriS5\EWARM\CentreDeTriS5\Obj\startup_stm32f407xx.o
#        C:\Repos\Projet-5e-Session\Centre-De-Tri\CentreDeTriS5\EWARM\CentreDeTriS5\Obj\stm32f4xx_hal.o
#        C:\Repos\Projet-5e-Session\Centre-De-Tri\CentreDeTriS5\EWARM\CentreDeTriS5\Obj\stm32f4xx_hal_can.o
#        C:\Repos\Projet-5e-Session\Centre-De-Tri\CentreDeTriS5\EWARM\CentreDeTriS5\Obj\stm32f4xx_hal_cortex.o
#        C:\Repos\Projet-5e-Session\Centre-De-Tri\CentreDeTriS5\EWARM\CentreDeTriS5\Obj\stm32f4xx_hal_dma.o
#        C:\Repos\Projet-5e-Session\Centre-De-Tri\CentreDeTriS5\EWARM\CentreDeTriS5\Obj\stm32f4xx_hal_dma_ex.o
#        C:\Repos\Projet-5e-Session\Centre-De-Tri\CentreDeTriS5\EWARM\CentreDeTriS5\Obj\stm32f4xx_hal_exti.o
#        C:\Repos\Projet-5e-Session\Centre-De-Tri\CentreDeTriS5\EWARM\CentreDeTriS5\Obj\stm32f4xx_hal_flash.o
#        C:\Repos\Projet-5e-Session\Centre-De-Tri\CentreDeTriS5\EWARM\CentreDeTriS5\Obj\stm32f4xx_hal_flash_ex.o
#        C:\Repos\Projet-5e-Session\Centre-De-Tri\CentreDeTriS5\EWARM\CentreDeTriS5\Obj\stm32f4xx_hal_flash_ramfunc.o
#        C:\Repos\Projet-5e-Session\Centre-De-Tri\CentreDeTriS5\EWARM\CentreDeTriS5\Obj\stm32f4xx_hal_gpio.o
#        C:\Repos\Projet-5e-Session\Centre-De-Tri\CentreDeTriS5\EWARM\CentreDeTriS5\Obj\stm32f4xx_hal_i2c.o
#        C:\Repos\Projet-5e-Session\Centre-De-Tri\CentreDeTriS5\EWARM\CentreDeTriS5\Obj\stm32f4xx_hal_i2c_ex.o
#        C:\Repos\Projet-5e-Session\Centre-De-Tri\CentreDeTriS5\EWARM\CentreDeTriS5\Obj\stm32f4xx_hal_msp.o
#        C:\Repos\Projet-5e-Session\Centre-De-Tri\CentreDeTriS5\EWARM\CentreDeTriS5\Obj\stm32f4xx_hal_pwr.o
#        C:\Repos\Projet-5e-Session\Centre-De-Tri\CentreDeTriS5\EWARM\CentreDeTriS5\Obj\stm32f4xx_hal_pwr_ex.o
#        C:\Repos\Projet-5e-Session\Centre-De-Tri\CentreDeTriS5\EWARM\CentreDeTriS5\Obj\stm32f4xx_hal_rcc.o
#        C:\Repos\Projet-5e-Session\Centre-De-Tri\CentreDeTriS5\EWARM\CentreDeTriS5\Obj\stm32f4xx_hal_rcc_ex.o
#        C:\Repos\Projet-5e-Session\Centre-De-Tri\CentreDeTriS5\EWARM\CentreDeTriS5\Obj\stm32f4xx_hal_tim.o
#        C:\Repos\Projet-5e-Session\Centre-De-Tri\CentreDeTriS5\EWARM\CentreDeTriS5\Obj\stm32f4xx_hal_tim_ex.o
#        C:\Repos\Projet-5e-Session\Centre-De-Tri\CentreDeTriS5\EWARM\CentreDeTriS5\Obj\stm32f4xx_hal_uart.o
#        C:\Repos\Projet-5e-Session\Centre-De-Tri\CentreDeTriS5\EWARM\CentreDeTriS5\Obj\stm32f4xx_it.o
#        C:\Repos\Projet-5e-Session\Centre-De-Tri\CentreDeTriS5\EWARM\CentreDeTriS5\Obj\system_stm32f4xx.o
#        --redirect _Printf=_PrintfFull --redirect _Scanf=_ScanfFull
#        --no_out_extension -o
#        C:\Repos\Projet-5e-Session\Centre-De-Tri\CentreDeTriS5\EWARM\CentreDeTriS5\Exe\CentreDeTriS5.out
#        --map
#        C:\Repos\Projet-5e-Session\Centre-De-Tri\CentreDeTriS5\EWARM\CentreDeTriS5\List\CentreDeTriS5.map
#        --config
#        C:\Repos\Projet-5e-Session\Centre-De-Tri\CentreDeTriS5\EWARM/stm32f407xx_flash.icf
#        --semihosting --entry __iar_program_start --vfe --text_out locale)
#
###############################################################################

*******************************************************************************
*** RUNTIME MODEL ATTRIBUTES
***

CppFlavor        = *
__CPP_Exceptions = Disabled
__CPP_Language   = C++14
__SystemLibrary  = DLib
__dlib_version   = 6


*******************************************************************************
*** HEAP SELECTION
***

The basic heap was selected because no calls to memory allocation
functions were found in the application outside of system library
functions, and there are calls to deallocation functions in the
application.


*******************************************************************************
*** PLACEMENT SUMMARY
***

"A0":  place at address 0x800'0000 { ro section .intvec };
"P1":  place in [from 0x800'0000 to 0x80f'ffff] { ro };
define block CSTACK with size = 4K, alignment = 8 { };
define block HEAP with size = 4'352, alignment = 8 { };
"P2":  place in [from 0x2000'0000 to 0x2001'ffff] {
          rw, block CSTACK, block HEAP };
initialize by copy { rw };

  Section            Kind         Address    Size  Object
  -------            ----         -------    ----  ------
"A0":                                       0x188
  .intvec            ro code   0x800'0000   0x188  startup_stm32f407xx.o [1]
                             - 0x800'0188   0x188

"P1":                                      0x7c52
  .text              ro code   0x800'0188  0x16f0  processusUsine.o [1]
  .text              ro code   0x800'1878   0x738  main.o [1]
  .text              ro code   0x800'1fb0   0x128  interfaceColonne.o [1]
  .text              ro code   0x800'20d8   0x3e0  interfaceUsine.o [1]
  .text              ro code   0x800'24b8   0xf34  ServiceCommunication.o [1]
  .text              ro code   0x800'33ec   0x1f4  stm32f4xx_hal_gpio.o [1]
  .text              ro code   0x800'35e0   0x270  interfacePont.o [1]
  .text              ro code   0x800'3850    0x28  piloteTimer6Up.o [1]
  .text              ro code   0x800'3878    0x48  serviceBaseDeTemps.o [1]
  .text              ro code   0x800'38c0     0xe  piloteIOB1.o [1]
  .text              ro code   0x800'38ce    0x3a  zero_init3.o [4]
  .text              ro code   0x800'3908    0x1c  piloteIOT1.o [1]
  .text              ro code   0x800'3924    0x1c  piloteIOT2.o [1]
  .text              ro code   0x800'3940    0x1c  piloteIOT3.o [1]
  .text              ro code   0x800'395c    0x1c  piloteIOT4.o [1]
  .text              ro code   0x800'3978     0xc  interfaceT1.o [1]
  .text              ro code   0x800'3984     0xc  interfaceT2.o [1]
  .text              ro code   0x800'3990     0x6  interfaceT3.o [1]
  .text              ro code   0x800'3996    0x12  interfaceT4.o [1]
  .text              ro code   0x800'39a8    0x70  interfaceB1.o [1]
  .text              ro code   0x800'3a18    0x9c  piloteCAN1.o [1]
  .text              ro code   0x800'3ab4   0x3fc  piloteLcd.o [1]
  .text              ro code   0x800'3eb0   0x4c4  interfaceLcd.o [1]
  .text              ro code   0x800'4374    0x34  stm32f4xx_hal.o [1]
  .text              ro code   0x800'43a8    0x3a  ABImemset48.o [4]
  .rodata            const     0x800'43e2     0x1  unwind_debug.o [5]
  .text              ro code   0x800'43e4   0x2e8  stm32f4xx_hal_rcc.o [1]
  .text              ro code   0x800'46cc   0x1bc  stm32f4xx_hal_rcc.o [1]
  .text              ro code   0x800'4888   0x4a0  stm32f4xx_hal_can.o [1]
  .text              ro code   0x800'4d28   0x97c  stm32f4xx_hal_i2c.o [1]
  .text              ro code   0x800'56a4   0x284  stm32f4xx_hal_tim.o [1]
  .text              ro code   0x800'5928    0x40  stm32f4xx_hal_tim_ex.o [1]
  .text              ro code   0x800'5968   0x2e0  stm32f4xx_hal_uart.o [1]
  .text              ro code   0x800'5c48    0x64  piloteColonne.o [1]
  .text              ro code   0x800'5cac    0x30  piloteI2C.o [1]
  .text              ro code   0x800'5cdc     0xc  interfaceCAN1.o [1]
  .text              ro code   0x800'5ce8   0x598  IO_BUS.o [1]
  .text              ro code   0x800'6280    0x2e  DblCmpGe.o [3]
  .text              ro code   0x800'62b0    0x2e  DblCmpLe.o [3]
  .text              ro code   0x800'62e0    0x3a  DblToS32.o [3]
  .text              ro code   0x800'631c    0xe2  DblSub.o [3]
  .text              ro code   0x800'6400   0x1a2  DblMul.o [3]
  .text              ro code   0x800'65a4   0x17a  DblAdd.o [3]
  .text              ro code   0x800'6720   0x102  sqrt.o [3]
  .text              ro code   0x800'6824   0x246  DblDiv.o [3]
  .text              ro code   0x800'6a6c    0x1a  U32ToDbl.o [3]
  .text              ro code   0x800'6a88    0x66  ceil.o [3]
  .text              ro code   0x800'6af0    0x22  S32ToDbl.o [3]
  .text              ro code   0x800'6b14    0xf0  stm32f4xx_hal_cortex.o [1]
  .text              ro code   0x800'6c04    0x48  stm32f4xx_hal.o [1]
  .text              ro code   0x800'6c4c   0x1c8  stm32f4xx_hal_msp.o [1]
  .text              ro code   0x800'6e14     0xc  stm32f4xx_hal.o [1]
  .text              ro code   0x800'6e20   0x230  I64DivMod.o [4]
  .text              ro code   0x800'7050     0x2  stm32f4xx_hal_tim.o [1]
  .text              ro code   0x800'7052     0x2  stm32f4xx_hal_tim.o [1]
  .text              ro code   0x800'7054     0x2  stm32f4xx_hal_tim.o [1]
  .text              ro code   0x800'7056     0x2  stm32f4xx_hal_tim_ex.o [1]
  .text              ro code   0x800'7058     0x2  stm32f4xx_hal_tim.o [1]
  .text              ro code   0x800'705a     0x2  stm32f4xx_hal_tim_ex.o [1]
  .text              ro code   0x800'705c     0x2  I64DivZer.o [4]
  .rodata            const     0x800'7060   0x1a0  processusUsine.o [1]
  .rodata            const     0x800'7200    0x7c  processusUsine.o [1]
  .text              ro code   0x800'727c    0x78  lz77_init_single.o [4]
  .text              ro code   0x800'72f4    0x60  system_stm32f4xx.o [1]
  .rodata            const     0x800'7354    0x58  processusUsine.o [1]
  .rodata            const     0x800'73ac    0x50  processusUsine.o [1]
  .rodata            const     0x800'73fc    0x4c  processusUsine.o [1]
  .rodata            const     0x800'7448    0x4c  processusUsine.o [1]
  .rodata            const     0x800'7494    0x48  processusUsine.o [1]
  .rodata            const     0x800'74dc    0x2c  processusUsine.o [1]
  .rodata            const     0x800'7508    0x2c  processusUsine.o [1]
  .rodata            const     0x800'7534    0x2c  processusUsine.o [1]
  .rodata            const     0x800'7560    0x28  processusUsine.o [1]
  .rodata            const     0x800'7588    0x28  processusUsine.o [1]
  .rodata            const     0x800'75b0    0x28  processusUsine.o [1]
  .rodata            const     0x800'75d8    0x28  processusUsine.o [1]
  .text              ro code   0x800'7600    0x28  data_init.o [4]
  .rodata            const     0x800'7628    0x24  processusUsine.o [1]
  .rodata            const     0x800'764c    0x24  processusUsine.o [1]
  .rodata            const     0x800'7670    0x24  processusUsine.o [1]
  .rodata            const     0x800'7694    0x24  processusUsine.o [1]
  .rodata            const     0x800'76b8    0x24  processusUsine.o [1]
  .text              ro code   0x800'76dc    0x22  fpinit_M.o [3]
  .iar.init_table    const     0x800'7700    0x20  - Linker created -
  .text              ro code   0x800'7720    0x1e  cmain.o [4]
  .text              ro code   0x800'773e     0x4  low_level_init.o [2]
  .text              ro code   0x800'7742     0x4  exit.o [2]
  .text              ro code   0x800'7748     0xa  cexit.o [4]
  .text              ro code   0x800'7754    0x14  exit.o [5]
  .text              ro code   0x800'7768    0x10  startup_stm32f407xx.o [1]
  .text              ro code   0x800'7778    0x10  stm32f4xx_hal.o [1]
  .text              ro code   0x800'7788    0x10  stm32f4xx_it.o [1]
  .text              ro code   0x800'7798     0xc  cstartup_M.o [4]
  .rodata            const     0x800'77a4     0x8  system_stm32f4xx.o [1]
  .text              ro code   0x800'77ac     0x4  startup_stm32f407xx.o [1]
  .text              ro code   0x800'77b0     0x4  startup_stm32f407xx.o [1]
  .text              ro code   0x800'77b4     0x4  startup_stm32f407xx.o [1]
  .text              ro code   0x800'77b8     0x4  startup_stm32f407xx.o [1]
  .text              ro code   0x800'77bc     0x4  startup_stm32f407xx.o [1]
  .text              ro code   0x800'77c0     0x4  startup_stm32f407xx.o [1]
  .text              ro code   0x800'77c4     0x4  startup_stm32f407xx.o [1]
  .text              ro code   0x800'77c8     0x4  startup_stm32f407xx.o [1]
  .text              ro code   0x800'77cc     0x4  startup_stm32f407xx.o [1]
  .text              ro code   0x800'77d0     0x4  startup_stm32f407xx.o [1]
  .text              ro code   0x800'77d4     0x4  startup_stm32f407xx.o [1]
  .text              ro code   0x800'77d8     0x4  startup_stm32f407xx.o [1]
  .text              ro code   0x800'77dc     0x4  startup_stm32f407xx.o [1]
  .text              ro code   0x800'77e0     0x4  startup_stm32f407xx.o [1]
  .text              ro code   0x800'77e4     0x4  startup_stm32f407xx.o [1]
  .text              ro code   0x800'77e8     0x4  startup_stm32f407xx.o [1]
  .text              ro code   0x800'77ec     0x4  startup_stm32f407xx.o [1]
  .text              ro code   0x800'77f0     0x4  startup_stm32f407xx.o [1]
  .text              ro code   0x800'77f4     0x4  startup_stm32f407xx.o [1]
  .text              ro code   0x800'77f8     0x4  startup_stm32f407xx.o [1]
  .text              ro code   0x800'77fc     0x4  startup_stm32f407xx.o [1]
  .text              ro code   0x800'7800     0x4  startup_stm32f407xx.o [1]
  .text              ro code   0x800'7804     0x4  startup_stm32f407xx.o [1]
  .text              ro code   0x800'7808     0x4  startup_stm32f407xx.o [1]
  .text              ro code   0x800'780c     0x4  startup_stm32f407xx.o [1]
  .text              ro code   0x800'7810     0x4  startup_stm32f407xx.o [1]
  .text              ro code   0x800'7814     0x4  startup_stm32f407xx.o [1]
  .text              ro code   0x800'7818     0x4  startup_stm32f407xx.o [1]
  .text              ro code   0x800'781c     0x4  startup_stm32f407xx.o [1]
  .text              ro code   0x800'7820     0x4  startup_stm32f407xx.o [1]
  .text              ro code   0x800'7824     0x4  startup_stm32f407xx.o [1]
  .text              ro code   0x800'7828     0x4  startup_stm32f407xx.o [1]
  .text              ro code   0x800'782c     0x4  startup_stm32f407xx.o [1]
  .text              ro code   0x800'7830     0x4  startup_stm32f407xx.o [1]
  .text              ro code   0x800'7834     0x4  startup_stm32f407xx.o [1]
  .text              ro code   0x800'7838     0x4  startup_stm32f407xx.o [1]
  .text              ro code   0x800'783c     0x4  startup_stm32f407xx.o [1]
  .text              ro code   0x800'7840     0x4  startup_stm32f407xx.o [1]
  .text              ro code   0x800'7844     0x4  startup_stm32f407xx.o [1]
  .text              ro code   0x800'7848     0x4  startup_stm32f407xx.o [1]
  .text              ro code   0x800'784c     0x4  startup_stm32f407xx.o [1]
  .text              ro code   0x800'7850     0x4  startup_stm32f407xx.o [1]
  .text              ro code   0x800'7854     0x4  startup_stm32f407xx.o [1]
  .text              ro code   0x800'7858     0x4  startup_stm32f407xx.o [1]
  .text              ro code   0x800'785c     0x4  startup_stm32f407xx.o [1]
  .text              ro code   0x800'7860     0x4  startup_stm32f407xx.o [1]
  .text              ro code   0x800'7864     0x4  startup_stm32f407xx.o [1]
  .text              ro code   0x800'7868     0x4  startup_stm32f407xx.o [1]
  .text              ro code   0x800'786c     0x4  startup_stm32f407xx.o [1]
  .text              ro code   0x800'7870     0x4  startup_stm32f407xx.o [1]
  .text              ro code   0x800'7874     0x4  startup_stm32f407xx.o [1]
  .text              ro code   0x800'7878     0x4  startup_stm32f407xx.o [1]
  .text              ro code   0x800'787c     0x4  startup_stm32f407xx.o [1]
  .text              ro code   0x800'7880     0x4  startup_stm32f407xx.o [1]
  .text              ro code   0x800'7884     0x4  startup_stm32f407xx.o [1]
  .text              ro code   0x800'7888     0x4  startup_stm32f407xx.o [1]
  .text              ro code   0x800'788c     0x4  startup_stm32f407xx.o [1]
  .text              ro code   0x800'7890     0x4  startup_stm32f407xx.o [1]
  .text              ro code   0x800'7894     0x4  startup_stm32f407xx.o [1]
  .text              ro code   0x800'7898     0x4  startup_stm32f407xx.o [1]
  .text              ro code   0x800'789c     0x4  startup_stm32f407xx.o [1]
  .text              ro code   0x800'78a0     0x4  startup_stm32f407xx.o [1]
  .text              ro code   0x800'78a4     0x4  startup_stm32f407xx.o [1]
  .text              ro code   0x800'78a8     0x4  startup_stm32f407xx.o [1]
  .text              ro code   0x800'78ac     0x4  startup_stm32f407xx.o [1]
  .text              ro code   0x800'78b0     0x4  startup_stm32f407xx.o [1]
  .text              ro code   0x800'78b4     0x4  startup_stm32f407xx.o [1]
  .text              ro code   0x800'78b8     0x4  startup_stm32f407xx.o [1]
  .text              ro code   0x800'78bc     0x4  startup_stm32f407xx.o [1]
  .text              ro code   0x800'78c0     0x4  startup_stm32f407xx.o [1]
  .text              ro code   0x800'78c4     0x4  startup_stm32f407xx.o [1]
  .text              ro code   0x800'78c8     0x4  startup_stm32f407xx.o [1]
  .text              ro code   0x800'78cc     0x4  startup_stm32f407xx.o [1]
  .text              ro code   0x800'78d0     0x4  startup_stm32f407xx.o [1]
  .text              ro code   0x800'78d4     0x4  startup_stm32f407xx.o [1]
  .text              ro code   0x800'78d8     0x4  startup_stm32f407xx.o [1]
  .text              ro code   0x800'78dc     0x4  startup_stm32f407xx.o [1]
  .text              ro code   0x800'78e0     0x4  startup_stm32f407xx.o [1]
  .text              ro code   0x800'78e4     0x4  startup_stm32f407xx.o [1]
  .text              ro code   0x800'78e8     0x4  startup_stm32f407xx.o [1]
  .text              ro code   0x800'78ec     0x4  startup_stm32f407xx.o [1]
  .text              ro code   0x800'78f0     0x4  startup_stm32f407xx.o [1]
  .text              ro code   0x800'78f4     0x4  startup_stm32f407xx.o [1]
  .text              ro code   0x800'78f8     0x4  startup_stm32f407xx.o [1]
  .text              ro code   0x800'78fc     0x4  startup_stm32f407xx.o [1]
  .text              ro code   0x800'7900     0x4  startup_stm32f407xx.o [1]
  .text              ro code   0x800'7904     0x4  startup_stm32f407xx.o [1]
  .text              ro code   0x800'7908     0x4  startup_stm32f407xx.o [1]
  .rodata            const     0x800'790c     0x0  zero_init3.o [4]
  .rodata            const     0x800'790c     0x0  lz77_init_single.o [4]
  Initializer bytes  const     0x800'790c   0x4ce  <for P2-1>
                             - 0x800'7dda  0x7c52

"P2", part 1 of 3:                          0x564
  P2-1                        0x2000'0000   0x564  <Init block>
    .data            inited   0x2000'0000    0xc4  piloteLcd.o [1]
    .data            inited   0x2000'00c4   0x1e8  piloteLcd.o [1]
    .data            inited   0x2000'02ac   0x2a8  piloteLcd.o [1]
    .data            inited   0x2000'0554     0xc  stm32f4xx_hal.o [1]
    .data            inited   0x2000'0560     0x4  system_stm32f4xx.o [1]
                            - 0x2000'0564   0x564

"P2", part 2 of 3:                          0x858
  .bss               zero     0x2000'0564   0x400  piloteLcd.o [1]
  .bss               zero     0x2000'0964   0x110  interfaceUsine.o [1]
  .bss               zero     0x2000'0a74    0x5c  processusUsine.o [1]
  .bss               zero     0x2000'0ad0    0x58  ServiceCommunication.o [1]
  .bss               zero     0x2000'0b28    0x54  main.o [1]
  .bss               zero     0x2000'0b7c    0x44  piloteCAN1.o [1]
  .bss               zero     0x2000'0bc0    0x40  main.o [1]
  .bss               zero     0x2000'0c00    0x40  main.o [1]
  .bss               zero     0x2000'0c40    0x28  main.o [1]
  .bss               zero     0x2000'0c68    0x28  main.o [1]
  .bss               zero     0x2000'0c90    0x28  ServiceCommunication.o [1]
  .bss               zero     0x2000'0cb8    0x1c  piloteCAN1.o [1]
  .bss               zero     0x2000'0cd4    0x1c  serviceBaseDeTemps.o [1]
  .bss               zero     0x2000'0cf0    0x18  main.o [1]
  .bss               zero     0x2000'0d08    0x18  ServiceCommunication.o [1]
  .bss               zero     0x2000'0d20    0x18  ServiceCommunication.o [1]
  .bss               zero     0x2000'0d38    0x18  ServiceCommunication.o [1]
  .bss               zero     0x2000'0d50    0x14  main.o [1]
  .bss               zero     0x2000'0d64    0x10  interfaceUsine.o [1]
  .bss               zero     0x2000'0d74     0xc  interfaceB1.o [1]
  .bss               zero     0x2000'0d80     0xc  interfaceUsine.o [1]
  .bss               zero     0x2000'0d8c     0x8  interfaceColonne.o [1]
  .bss               zero     0x2000'0d94     0x8  interfacePont.o [1]
  .bss               zero     0x2000'0d9c     0x8  ServiceCommunication.o [1]
  .bss               zero     0x2000'0da4     0x4  interfaceUsine.o [1]
  .bss               zero     0x2000'0da8     0x4  interfaceUsine.o [1]
  .bss               zero     0x2000'0dac     0x4  piloteTimer6Up.o [1]
  .bss               zero     0x2000'0db0     0x4  processusUsine.o [1]
  .bss               zero     0x2000'0db4     0x4  processusUsine.o [1]
  .bss               zero     0x2000'0db8     0x4  processusUsine.o [1]
                            - 0x2000'0dbc   0x858

"P2", part 3 of 3:                         0x1000
  CSTACK                      0x2000'0dc0  0x1000  <Block>
    CSTACK           uninit   0x2000'0dc0  0x1000  <Block tail>
                            - 0x2000'1dc0  0x1000

Unused ranges:

         From           To      Size
         ----           --      ----
   0x800'7dda   0x80f'ffff  0xf'8226
  0x2000'0dbc  0x2000'0dbf       0x4
  0x2000'1dc0  0x2001'ffff  0x1'e240


*******************************************************************************
*** INIT TABLE
***

          Address      Size
          -------      ----
Zero (__iar_zero_init3)
    1 destination range, total size 0x858:
          0x2000'0564  0x858

Copy/lz77 (__iar_lz77_init_single3)
    1 source range, total size 0x4ce (89% of destination):
           0x800'790c  0x4ce
    1 destination range, total size 0x564:
          0x2000'0000  0x564



*******************************************************************************
*** MODULE SUMMARY
***

    Module                  ro code  ro data  rw data
    ------                  -------  -------  -------
command line/config:
    -------------------------------------------------
    Total:

C:\Repos\Projet-5e-Session\Centre-De-Tri\CentreDeTriS5\EWARM\CentreDeTriS5\Obj: [1]
    IO_BUS.o                  1'432
    ServiceCommunication.o    3'892               208
    interfaceB1.o               112                12
    interfaceCAN1.o              12
    interfaceColonne.o          296                 8
    interfaceLcd.o            1'220
    interfacePont.o             624                 8
    interfaceT1.o                12
    interfaceT2.o                12
    interfaceT3.o                 6
    interfaceT4.o                18
    interfaceUsine.o            992               308
    main.o                    1'848               336
    piloteCAN1.o                156                96
    piloteColonne.o             100
    piloteI2C.o                  48
    piloteIOB1.o                 14
    piloteIOT1.o                 28
    piloteIOT2.o                 28
    piloteIOT3.o                 28
    piloteIOT4.o                 28
    piloteLcd.o               1'020    1'215    2'388
    piloteTimer6Up.o             40                 4
    processusUsine.o          5'872    1'404      104
    serviceBaseDeTemps.o         72                28
    startup_stm32f407xx.o       760
    stm32f4xx_hal.o             152       11       12
    stm32f4xx_hal_can.o       1'184
    stm32f4xx_hal_cortex.o      240
    stm32f4xx_hal_gpio.o        500
    stm32f4xx_hal_i2c.o       2'428
    stm32f4xx_hal_msp.o         456
    stm32f4xx_hal_rcc.o       1'188
    stm32f4xx_hal_tim.o         652
    stm32f4xx_hal_tim_ex.o       68
    stm32f4xx_hal_uart.o        736
    stm32f4xx_it.o               16
    system_stm32f4xx.o           96       12        4
    -------------------------------------------------
    Total:                   26'386    2'642    3'516

dl7M_tlf.a: [2]
    exit.o                        4
    low_level_init.o              4
    -------------------------------------------------
    Total:                        8

m7M_tls.a: [3]
    DblAdd.o                    378
    DblCmpGe.o                   46
    DblCmpLe.o                   46
    DblDiv.o                    582
    DblMul.o                    418
    DblSub.o                    226
    DblToS32.o                   58
    S32ToDbl.o                   34
    U32ToDbl.o                   26
    ceil.o                      102
    fpinit_M.o                   34
    sqrt.o                      258
    -------------------------------------------------
    Total:                    2'208

rt7M_tl.a: [4]
    ABImemset48.o                58
    I64DivMod.o                 560
    I64DivZer.o                   2
    cexit.o                      10
    cmain.o                      30
    cstartup_M.o                 12
    data_init.o                  40
    lz77_init_single.o          120
    zero_init3.o                 58
    -------------------------------------------------
    Total:                      890

shb_l.a: [5]
    exit.o                       20
    unwind_debug.o                         1
    -------------------------------------------------
    Total:                       20        1

    Gaps                         27        4
    Linker created                        32    4'096
-----------------------------------------------------
    Grand Total:             29'539    2'679    7'612


*******************************************************************************
*** ENTRY LIST
***

Entry                       Address   Size  Type      Object
-----                       -------   ----  ----      ------
.iar.init_table$$Base    0x800'7700          --   Gb  - Linker created -
.iar.init_table$$Limit   0x800'7720          --   Gb  - Linker created -
?main                    0x800'7721         Code  Gb  cmain.o [4]
AHBPrescTable            0x800'7344   0x10  Data  Gb  system_stm32f4xx.o [1]
APBPrescTable            0x800'77a4    0x8  Data  Gb  system_stm32f4xx.o [1]
BRS_CurrentlyDrawnOnLCD
                        0x2000'0564  0x400  Data  Gb  piloteLcd.o [1]
CB_QueueDataInBuffer(unsigned char *, unsigned char, unsigned char *, unsigned char)
                         0x800'2511   0x28  Code  Gb  ServiceCommunication.o [1]
CB_UpdateBuffer(unsigned char *, unsigned char)
                         0x800'24cd   0x44  Code  Gb  ServiceCommunication.o [1]
CSTACK$$Base            0x2000'0dc0          --   Gb  - Linker created -
CSTACK$$Limit           0x2000'1dc0          --   Gb  - Linker created -
CheckIfUnused(unsigned char *, unsigned char)
                         0x800'2cfb    0xa  Code  Gb  ServiceCommunication.o [1]
CircularCommandsBuffer  0x2000'0d38   0x18  Data  Gb  ServiceCommunication.o [1]
CircularValuesBuffer    0x2000'0d20    0xc  Data  Gb  ServiceCommunication.o [1]
Commands                0x2000'0d08   0x18  Data  Gb  ServiceCommunication.o [1]
Error_Handler            0x800'1ee7    0xe  Code  Gb  main.o [1]
HAL_CAN_AddTxMessage     0x800'4b0d   0xd8  Code  Gb  stm32f4xx_hal_can.o [1]
HAL_CAN_ConfigFilter     0x800'49bb   0xf0  Code  Gb  stm32f4xx_hal_can.o [1]
HAL_CAN_GetRxFifoFillLevel
                         0x800'4d03   0x26  Code  Gb  stm32f4xx_hal_can.o [1]
HAL_CAN_GetRxMessage     0x800'4be5  0x11e  Code  Gb  stm32f4xx_hal_can.o [1]
HAL_CAN_Init             0x800'4889  0x132  Code  Gb  stm32f4xx_hal_can.o [1]
HAL_CAN_MspInit          0x800'6c85   0x66  Code  Gb  stm32f4xx_hal_msp.o [1]
HAL_CAN_Start            0x800'4aab   0x58  Code  Gb  stm32f4xx_hal_can.o [1]
HAL_GPIO_Init            0x800'33ed  0x1a8  Code  Gb  stm32f4xx_hal_gpio.o [1]
HAL_GPIO_ReadPin         0x800'3595   0x10  Code  Gb  stm32f4xx_hal_gpio.o [1]
HAL_GPIO_WritePin        0x800'35a5    0xe  Code  Gb  stm32f4xx_hal_gpio.o [1]
HAL_GetTick              0x800'6e15    0xc  Code  Wk  stm32f4xx_hal.o [1]
HAL_I2C_Init             0x800'4d29  0x166  Code  Gb  stm32f4xx_hal_i2c.o [1]
HAL_I2C_Master_Receive   0x800'4fcb  0x28e  Code  Gb  stm32f4xx_hal_i2c.o [1]
HAL_I2C_Master_Transmit
                         0x800'4e8f  0x13c  Code  Gb  stm32f4xx_hal_i2c.o [1]
HAL_I2C_MspInit          0x800'6ceb   0x68  Code  Gb  stm32f4xx_hal_msp.o [1]
HAL_IncTick              0x800'7779   0x10  Code  Wk  stm32f4xx_hal.o [1]
HAL_Init                 0x800'4375   0x30  Code  Gb  stm32f4xx_hal.o [1]
HAL_InitTick             0x800'6c05   0x48  Code  Wk  stm32f4xx_hal.o [1]
HAL_MspInit              0x800'6c4d   0x38  Code  Gb  stm32f4xx_hal_msp.o [1]
HAL_NVIC_EnableIRQ       0x800'6be7    0x2  Code  Gb  stm32f4xx_hal_cortex.o [1]
HAL_NVIC_SetPriority     0x800'6bc9   0x1e  Code  Gb  stm32f4xx_hal_cortex.o [1]
HAL_NVIC_SetPriorityGrouping
                         0x800'6bc7    0x2  Code  Gb  stm32f4xx_hal_cortex.o [1]
HAL_RCC_ClockConfig      0x800'46cd  0x10e  Code  Gb  stm32f4xx_hal_rcc.o [1]
HAL_RCC_GetHCLKFreq      0x800'47db    0x6  Code  Gb  stm32f4xx_hal_rcc.o [1]
HAL_RCC_GetPCLK1Freq     0x800'47e1   0x16  Code  Gb  stm32f4xx_hal_rcc.o [1]
HAL_RCC_GetPCLK2Freq     0x800'47f7   0x16  Code  Gb  stm32f4xx_hal_rcc.o [1]
HAL_RCC_OscConfig        0x800'43e5  0x2e8  Code  Wk  stm32f4xx_hal_rcc.o [1]
HAL_SYSTICK_Config       0x800'6be9    0x2  Code  Gb  stm32f4xx_hal_cortex.o [1]
HAL_TIMEx_BreakCallback
                         0x800'7057    0x2  Code  Wk  stm32f4xx_hal_tim_ex.o [1]
HAL_TIMEx_CommutCallback
                         0x800'705b    0x2  Code  Wk  stm32f4xx_hal_tim_ex.o [1]
HAL_TIMEx_MasterConfigSynchronization
                         0x800'5929   0x40  Code  Gb  stm32f4xx_hal_tim_ex.o [1]
HAL_TIM_Base_Init        0x800'56a5   0x32  Code  Gb  stm32f4xx_hal_tim.o [1]
HAL_TIM_Base_MspInit     0x800'6d53   0x38  Code  Gb  stm32f4xx_hal_msp.o [1]
HAL_TIM_Base_Start_IT    0x800'56d7   0x22  Code  Gb  stm32f4xx_hal_tim.o [1]
HAL_TIM_IRQHandler       0x800'56f9  0x152  Code  Gb  stm32f4xx_hal_tim.o [1]
HAL_TIM_PeriodElapsedCallback
                         0x800'3851    0xe  Code  Gb  piloteTimer6Up.o [1]
HAL_UART_Init            0x800'5969   0x5e  Code  Gb  stm32f4xx_hal_uart.o [1]
HAL_UART_MspInit         0x800'6d8b   0x66  Code  Gb  stm32f4xx_hal_msp.o [1]
Modes                   0x2000'0ca0    0x8  Data  Gb  ServiceCommunication.o [1]
ModuleData              0x2000'0ad0   0x58  Data  Gb  ServiceCommunication.o [1]
ModuleData_SetAll_ReceivedCommands(unsigned char)
                         0x800'2ed9   0xee  Code  Gb  ServiceCommunication.o [1]
ModuleData_SetAll_SentCommands(unsigned char)
                         0x800'2fcd   0xee  Code  Gb  ServiceCommunication.o [1]
ModuleData_SetAll_StatesReceived(unsigned char)
                         0x800'316f   0x9e  Code  Gb  ServiceCommunication.o [1]
ModuleData_SetAll_ValuesReceived(unsigned char)
                         0x800'310d   0x62  Code  Gb  ServiceCommunication.o [1]
ModuleData_SetAll_ValuesToSend(unsigned char)
                         0x800'30bb   0x52  Code  Gb  ServiceCommunication.o [1]
ModuleData_SetDiscColor(unsigned char)
                         0x800'2d05  0x1ca  Code  Gb  ServiceCommunication.o [1]
Parse_CanBusReceptions(unsigned char *)
                         0x800'2949  0x372  Code  Gb  ServiceCommunication.o [1]
Parse_CanBusReceptions(unsigned char *)::oldReceivedMode
                        0x2000'0caa    0x1  Data  Lc  ServiceCommunication.o [1]
Parse_Interrupts()       0x800'2cbb   0x40  Code  Gb  ServiceCommunication.o [1]
Parse_ModuleDataForTransmission()
                         0x800'2767  0x1e2  Code  Gb  ServiceCommunication.o [1]
Region$$Table$$Base      0x800'7700          --   Gb  - Linker created -
Region$$Table$$Limit     0x800'7720          --   Gb  - Linker created -
ServiceCommunication_RXParsingHandler()
                         0x800'3215   0x26  Code  Gb  ServiceCommunication.o [1]
ServiceCommunication_TXParsingHandler()
                         0x800'323b   0x3a  Code  Gb  ServiceCommunication.o [1]
ServiceCommunication_TXParsingHandler()::sent
                        0x2000'0cab    0x1  Data  Lc  ServiceCommunication.o [1]
ServiceCommunication_initialise()
                         0x800'3281  0x144  Code  Gb  ServiceCommunication.o [1]
States                  0x2000'0c90   0x10  Data  Gb  ServiceCommunication.o [1]
SysTick_Handler          0x800'7789    0x4  Code  Gb  stm32f4xx_it.o [1]
SystemClock_Config()     0x800'1aa7   0xaa  Code  Gb  main.o [1]
SystemCoreClock         0x2000'0560    0x4  Data  Gb  system_stm32f4xx.o [1]
SystemInit               0x800'72f5   0x3a  Code  Gb  system_stm32f4xx.o [1]
TIM6_DAC_IRQHandler      0x800'778d    0x6  Code  Gb  stm32f4xx_it.o [1]
TIM_Base_SetConfig       0x800'584b   0xb0  Code  Gb  stm32f4xx_hal_tim.o [1]
TX_BuildCANBuffer(unsigned char *)
                         0x800'2733   0x34  Code  Gb  ServiceCommunication.o [1]
TX_PutCommandQueueInBuffer(unsigned char *)
                         0x800'25e9  0x14a  Code  Gb  ServiceCommunication.o [1]
TX_PutValueQueueInBuffer(unsigned char *)
                         0x800'2539   0xae  Code  Gb  ServiceCommunication.o [1]
Utils_SetAll_Buffer(unsigned char *, unsigned char, unsigned char)
                         0x800'24b9   0x14  Code  Gb  ServiceCommunication.o [1]
Values                  0x2000'0d2c    0xc  Data  Gb  ServiceCommunication.o [1]
[local to main_c]::MX_CAN1_Init()
                         0x800'1b51   0x34  Code  Lc  main.o [1]
[local to main_c]::MX_GPIO_Init()
                         0x800'1c31  0x25e  Code  Lc  main.o [1]
[local to main_c]::MX_I2C1_Init()
                         0x800'1b85   0x32  Code  Lc  main.o [1]
[local to main_c]::MX_TIM6_Init()
                         0x800'1bb7   0x4a  Code  Lc  main.o [1]
[local to main_c]::MX_USART2_UART_Init()
                         0x800'1c01   0x30  Code  Lc  main.o [1]
[local to stm32f4xx_hal_cortex_c]::NVIC_EncodePriority(unsigned int, unsigned int, unsigned int)
                         0x800'6b69   0x36  Code  Lc  stm32f4xx_hal_cortex.o [1]
[local to stm32f4xx_hal_cortex_c]::SysTick_Config(unsigned int)
                         0x800'6b9f   0x28  Code  Lc  stm32f4xx_hal_cortex.o [1]
[local to stm32f4xx_hal_cortex_c]::__NVIC_EnableIRQ(IRQn_Type)
                         0x800'6b39   0x16  Code  Lc  stm32f4xx_hal_cortex.o [1]
[local to stm32f4xx_hal_cortex_c]::__NVIC_GetPriorityGrouping()
                         0x800'6b2f    0xa  Code  Lc  stm32f4xx_hal_cortex.o [1]
[local to stm32f4xx_hal_cortex_c]::__NVIC_SetPriority(IRQn_Type, unsigned int)
                         0x800'6b4f   0x1a  Code  Lc  stm32f4xx_hal_cortex.o [1]
[local to stm32f4xx_hal_cortex_c]::__NVIC_SetPriorityGrouping(unsigned int)
                         0x800'6b15   0x1a  Code  Lc  stm32f4xx_hal_cortex.o [1]
[local to stm32f4xx_hal_i2c_c]::I2C_IsAcknowledgeFailed(__I2C_HandleTypeDef *)
                         0x800'5675   0x30  Code  Lc  stm32f4xx_hal_i2c.o [1]
[local to stm32f4xx_hal_i2c_c]::I2C_MasterRequestRead(__I2C_HandleTypeDef *, unsigned short, unsigned int, unsigned int)
                         0x800'531f  0x102  Code  Lc  stm32f4xx_hal_i2c.o [1]
[local to stm32f4xx_hal_i2c_c]::I2C_MasterRequestWrite(__I2C_HandleTypeDef *, unsigned short, unsigned int, unsigned int)
                         0x800'527d   0xa2  Code  Lc  stm32f4xx_hal_i2c.o [1]
[local to stm32f4xx_hal_i2c_c]::I2C_WaitOnBTFFlagUntilTimeout(__I2C_HandleTypeDef *, unsigned int, unsigned int)
                         0x800'55b5   0x56  Code  Lc  stm32f4xx_hal_i2c.o [1]
[local to stm32f4xx_hal_i2c_c]::I2C_WaitOnFlagUntilTimeout(__I2C_HandleTypeDef *, unsigned int, FlagStatus, unsigned int, unsigned int)
                         0x800'542d   0x84  Code  Lc  stm32f4xx_hal_i2c.o [1]
[local to stm32f4xx_hal_i2c_c]::I2C_WaitOnMasterAddressFlagUntilTimeout(__I2C_HandleTypeDef *, unsigned int, unsigned int, unsigned int)
                         0x800'54b1   0xae  Code  Lc  stm32f4xx_hal_i2c.o [1]
[local to stm32f4xx_hal_i2c_c]::I2C_WaitOnRXNEFlagUntilTimeout(__I2C_HandleTypeDef *, unsigned int, unsigned int)
                         0x800'560b   0x6a  Code  Lc  stm32f4xx_hal_i2c.o [1]
[local to stm32f4xx_hal_i2c_c]::I2C_WaitOnTXEFlagUntilTimeout(__I2C_HandleTypeDef *, unsigned int, unsigned int)
                         0x800'555f   0x56  Code  Lc  stm32f4xx_hal_i2c.o [1]
[local to stm32f4xx_hal_uart_c]::UART_SetConfig(__UART_HandleTypeDef *)
                         0x800'59c7  0x274  Code  Lc  stm32f4xx_hal_uart.o [1]
__aeabi_cdcmple          0x800'62b1         Code  Gb  DblCmpLe.o [3]
__aeabi_cdrcmple         0x800'6281         Code  Gb  DblCmpGe.o [3]
__aeabi_d2iz             0x800'62e1         Code  Gb  DblToS32.o [3]
__aeabi_dadd             0x800'65a5         Code  Gb  DblAdd.o [3]
__aeabi_ddiv             0x800'6825         Code  Gb  DblDiv.o [3]
__aeabi_dmul             0x800'6401         Code  Gb  DblMul.o [3]
__aeabi_dsub             0x800'631d         Code  Gb  DblSub.o [3]
__aeabi_i2d              0x800'6af1         Code  Gb  S32ToDbl.o [3]
__aeabi_ldiv0            0x800'705d         Code  Gb  I64DivZer.o [4]
__aeabi_memset4          0x800'43a9         Code  Gb  ABImemset48.o [4]
__aeabi_memset8          0x800'43a9         Code  Gb  ABImemset48.o [4]
__aeabi_ui2d             0x800'6a6d         Code  Gb  U32ToDbl.o [3]
__aeabi_uldivmod         0x800'6e21         Code  Gb  I64DivMod.o [4]
__cmain                  0x800'7721         Code  Gb  cmain.o [4]
__exit                   0x800'7755   0x14  Code  Gb  exit.o [5]
__iar_Memset4_word       0x800'43b1         Code  Gb  ABImemset48.o [4]
__iar_Memset8_word       0x800'43b1         Code  Gb  ABImemset48.o [4]
__iar_ceil64             0x800'6a99         Code  Gb  ceil.o [3]
__iar_dadd               0x800'632d         Code  Gb  DblSub.o [3]
__iar_data_init3         0x800'7601   0x28  Code  Gb  data_init.o [4]
__iar_debug_exceptions   0x800'43e2    0x1  Data  Gb  unwind_debug.o [5]
__iar_dsub               0x800'65b5         Code  Gb  DblAdd.o [3]
__iar_dsubStart          0x800'65c7         Code  Gb  DblAdd.o [3]
__iar_init_vfp           0x800'76dd         Code  Gb  fpinit_M.o [3]
__iar_lz77_init_single3
                         0x800'727d   0x78  Code  Gb  lz77_init_single.o [4]
__iar_program_start      0x800'7799         Code  Gb  cstartup_M.o [4]
__iar_sqrt64             0x800'6731         Code  Gb  sqrt.o [3]
__iar_vfp___iar_ceil64   0x800'6a89         Code  Gb  ceil.o [3]
__iar_vfp___iar_sqrt64   0x800'6721         Code  Gb  sqrt.o [3]
__iar_vfp_ceil           0x800'6a89         Code  Gb  ceil.o [3]
__iar_vfp_ceill          0x800'6a89         Code  Gb  ceil.o [3]
__iar_vfp_sqrt           0x800'6721         Code  Gb  sqrt.o [3]
__iar_vfp_sqrtl          0x800'6721         Code  Gb  sqrt.o [3]
__iar_zero_init3         0x800'38cf   0x3a  Code  Gb  zero_init3.o [4]
__low_level_init         0x800'773f    0x4  Code  Gb  low_level_init.o [2]
__vector_table           0x800'0000         Data  Gb  startup_stm32f407xx.o [1]
_call_main               0x800'772d         Code  Gb  cmain.o [4]
_exit                    0x800'7749         Code  Gb  cexit.o [4]
_main                    0x800'773b         Code  Gb  cmain.o [4]
bFlagUpdateEtatEcran    0x2000'0d05    0x1  Data  Gb  main.o [1]
bFlagUpdateMessageEcran
                        0x2000'0d04    0x1  Data  Gb  main.o [1]
bFlagUpdateModeEcran    0x2000'0d06    0x1  Data  Gb  main.o [1]
ceil                     0x800'6a99         Code  Gb  ceil.o [3]
ceill                    0x800'6a99         Code  Gb  ceil.o [3]
compteurAntiRebond      0x2000'0d7c    0x4  Data  Gb  interfaceB1.o [1]
compteurAvantLecture    0x2000'0d78    0x4  Data  Gb  interfaceB1.o [1]
currentSlot             0x2000'0ca9    0x1  Data  Gb  ServiceCommunication.o [1]
delaiModeDeTest(bool)    0x800'1481   0x24  Code  Gb  processusUsine.o [1]
delaiModeDeTest(bool)::iCompteurDelaiTest
                        0x2000'0db0    0x4  Data  Lc  processusUsine.o [1]
elementsDuCentreDeTri   0x2000'0964  0x110  Data  Gb  interfaceUsine.o [1]
etatEcran               0x2000'0cf0   0x14  Data  Gb  main.o [1]
etatJaune               0x2000'0d8e    0x1  Data  Gb  interfaceColonne.o [1]
etatRouge               0x2000'0d8c    0x1  Data  Gb  interfaceColonne.o [1]
etatTraitementRequetePont
                        0x2000'0d83    0x1  Data  Gb  interfaceUsine.o [1]
etatVert                0x2000'0d8d    0x1  Data  Gb  interfaceColonne.o [1]
exit                     0x800'7743    0x4  Code  Gb  exit.o [2]
flagTexteFini           0x2000'0d07    0x1  Data  Gb  main.o [1]
gereLeBoutonRouge()      0x800'218b   0x4e  Code  Gb  interfaceUsine.o [1]
gereLeBoutonRouge()::compteurAntiRebondR
                        0x2000'0dab    0x1  Data  Lc  interfaceUsine.o [1]
gereLeBoutonRouge()::compteurAvantLectureR
                        0x2000'0daa    0x1  Data  Lc  interfaceUsine.o [1]
gereLeBoutonVert()       0x800'213b   0x50  Code  Gb  interfaceUsine.o [1]
gereLeBoutonVert()::compteurAntiRebondV
                        0x2000'0da7    0x1  Data  Lc  interfaceUsine.o [1]
gereLeBoutonVert()::compteurAvantLectureV
                        0x2000'0da6    0x1  Data  Lc  interfaceUsine.o [1]
gereLePont()             0x800'21d9  0x10c  Code  Gb  interfaceUsine.o [1]
gereLePont()::compteurDelaiPont
                        0x2000'0d88    0x4  Data  Lc  interfaceUsine.o [1]
gereLePont()::flagDelaiPont
                        0x2000'0d84    0x1  Data  Lc  interfaceUsine.o [1]
hcan1                   0x2000'0c40   0x28  Data  Gb  main.o [1]
hi2c1                   0x2000'0b28   0x54  Data  Gb  main.o [1]
htim6                   0x2000'0bc0   0x40  Data  Gb  main.o [1]
huart2                  0x2000'0c00   0x40  Data  Gb  main.o [1]
interfaceB1             0x2000'0d74    0x4  Data  Gb  interfaceB1.o [1]
interfaceB1_gere()       0x800'39a9   0x4a  Code  Gb  interfaceB1.o [1]
interfaceB1_initialise()
                         0x800'39f3   0x1a  Code  Gb  interfaceB1.o [1]
interfaceCAN1_litUnMessageRecu(unsigned char *)
                         0x800'5ce1    0x4  Code  Gb  interfaceCAN1.o [1]
interfaceCAN1_messageDisponible()
                         0x800'5cdd    0x4  Code  Gb  interfaceCAN1.o [1]
interfaceCAN1_transmetDesDonnes(unsigned int, unsigned char *, unsigned char)
                         0x800'5ce5    0x4  Code  Gb  interfaceCAN1.o [1]
interfaceColonne_allume(unsigned char)
                         0x800'2017   0x32  Code  Gb  interfaceColonne.o [1]
interfaceColonne_clignote(unsigned char)
                         0x800'207b   0x26  Code  Gb  interfaceColonne.o [1]
interfaceColonne_compteur
                        0x2000'0d90    0x4  Data  Gb  interfaceColonne.o [1]
interfaceColonne_eteint(unsigned char)
                         0x800'2049   0x32  Code  Gb  interfaceColonne.o [1]
interfaceColonne_gere()
                         0x800'1fb1   0x66  Code  Gb  interfaceColonne.o [1]
interfaceColonne_initialise()
                         0x800'20a1   0x2a  Code  Gb  interfaceColonne.o [1]
interfaceLcd_Clear_Swipe(unsigned char)
                         0x800'40dd  0x276  Code  Gb  interfaceLcd.o [1]
interfaceLcd_Draw_Line(double, double, double, double, bool)
                         0x800'3f33  0x126  Code  Gb  interfaceLcd.o [1]
interfaceLcd_Draw_Pixel(double, double, bool)
                         0x800'3eb1   0x82  Code  Gb  interfaceLcd.o [1]
interfaceLcd_Draw_Shape_RectF(unsigned char, unsigned char, unsigned char, unsigned char, bool)
                         0x800'4059   0x82  Code  Gb  interfaceLcd.o [1]
interfacePont_AckStart()
                         0x800'3811    0x6  Code  Gb  interfacePont.o [1]
interfacePont_Error()    0x800'382b    0x2  Code  Gb  interfacePont.o [1]
interfacePont_MotionComplete()
                         0x800'3817   0x14  Code  Gb  interfacePont.o [1]
interfacePont_Position0()
                         0x800'35e1   0x7a  Code  Gb  interfacePont.o [1]
interfacePont_Position1()
                         0x800'365b   0x7a  Code  Gb  interfacePont.o [1]
interfacePont_Position2()
                         0x800'36d5   0x76  Code  Gb  interfacePont.o [1]
interfacePont_ReadyForOperation()
                         0x800'380b    0x6  Code  Gb  interfacePont.o [1]
interfacePont_fini()     0x800'37dd   0x10  Code  Gb  interfacePont.o [1]
interfacePont_gere()     0x800'374b   0x82  Code  Gb  interfacePont.o [1]
interfacePont_gere()::ucCompteurTemps
                        0x2000'0d98    0x4  Data  Lc  interfacePont.o [1]
interfacePont_initialise()
                         0x800'382d   0x18  Code  Gb  interfacePont.o [1]
interfacePont_pos0()     0x800'37cd    0x8  Code  Gb  interfacePont.o [1]
interfacePont_pos2()     0x800'37d5    0x8  Code  Gb  interfacePont.o [1]
interfaceT1_eteint()     0x800'3979    0x6  Code  Gb  interfaceT1.o [1]
interfaceT1_initialise()
                         0x800'397f    0x6  Code  Gb  interfaceT1.o [1]
interfaceT2_eteint()     0x800'3985    0x6  Code  Gb  interfaceT2.o [1]
interfaceT2_initialise()
                         0x800'398b    0x6  Code  Gb  interfaceT2.o [1]
interfaceT3_initialise()
                         0x800'3991    0x6  Code  Gb  interfaceT3.o [1]
interfaceT4_allume()     0x800'3997    0x6  Code  Gb  interfaceT4.o [1]
interfaceT4_eteint()     0x800'399d    0x6  Code  Gb  interfaceT4.o [1]
interfaceT4_initialise()
                         0x800'39a3    0x6  Code  Gb  interfaceT4.o [1]
interfaceUsine_BR       0x2000'0da8    0x2  Data  Gb  interfaceUsine.o [1]
interfaceUsine_BV       0x2000'0da4    0x2  Data  Gb  interfaceUsine.o [1]
interfaceUsine_EcritUnElement(unsigned char, bool)
                         0x800'233d   0x36  Code  Gb  interfaceUsine.o [1]
interfaceUsine_EtatPont()
                         0x800'230b    0x6  Code  Gb  interfaceUsine.o [1]
interfaceUsine_Initialise()
                         0x800'237d  0x11c  Code  Gb  interfaceUsine.o [1]
interfaceUsine_LitADC()
                         0x800'2337    0x6  Code  Gb  interfaceUsine.o [1]
interfaceUsine_LitUnElement(unsigned char)
                         0x800'2311   0x26  Code  Gb  interfaceUsine.o [1]
interfaceUsine_PositionPont()
                         0x800'2305    0x6  Code  Gb  interfaceUsine.o [1]
interfaceUsine_RequetePont(unsigned char)
                         0x800'22e5   0x20  Code  Gb  interfaceUsine.o [1]
interfaceUsine_Reset()   0x800'2373    0xa  Code  Gb  interfaceUsine.o [1]
interfaceUsine_gere()    0x800'20d9   0x62  Code  Gb  interfaceUsine.o [1]
interfaceUsine_gere()::compteurDeTransmission
                        0x2000'0d70    0x4  Data  Lc  interfaceUsine.o [1]
interruptCount          0x2000'0cac    0x4  Data  Gb  ServiceCommunication.o [1]
main                     0x800'18d9  0x1ce  Code  Gb  main.o [1]
main_initialiseApresLeHAL()
                         0x800'18b7   0x20  Code  Gb  main.o [1]
main_initialiseAvantLeHAL()
                         0x800'1879   0x3e  Code  Gb  main.o [1]
messageEcran            0x2000'0c68   0x28  Data  Gb  main.o [1]
modeDeTests_activeEjecteur()
                         0x800'1131   0x5e  Code  Gb  processusUsine.o [1]
modeDeTests_activeEjecteur()::compteurTempsTimeout
                        0x2000'0ab4    0x4  Data  Lc  processusUsine.o [1]
modeDeTests_activeLaVentouse()
                         0x800'120d   0x30  Code  Gb  processusUsine.o [1]
modeDeTests_activeLeVerinDuMagasin()
                         0x800'0ef9   0x4e  Code  Gb  processusUsine.o [1]
modeDeTests_activeLeVerinDuMagasin()::compteurTempsEjectionBloc
                        0x2000'0aa4    0x4  Data  Lc  processusUsine.o [1]
modeDeTests_activeleConvoyeur()
                         0x800'10b5   0x30  Code  Gb  processusUsine.o [1]
modeDeTests_attFinInitPont()
                         0x800'1389   0x50  Code  Gb  processusUsine.o [1]
modeDeTests_attFinInitPont()::compteurTempsInitPont
                        0x2000'0ac4    0x4  Data  Lc  processusUsine.o [1]
modeDeTests_deplaceLaVentouse()
                         0x800'13e1   0x46  Code  Gb  processusUsine.o [1]
modeDeTests_deplaceLaVentouse()::compteurTempsTimeout
                        0x2000'0ac8    0x4  Data  Lc  processusUsine.o [1]
modeDeTests_desactiveEjecteur()
                         0x800'1195   0x78  Code  Gb  processusUsine.o [1]
modeDeTests_desactiveEjecteur()::compteurTempsTimeout
                        0x2000'0ab8    0x4  Data  Lc  processusUsine.o [1]
modeDeTests_desactiveLaVentouse()
                         0x800'1245   0x48  Code  Gb  processusUsine.o [1]
modeDeTests_desactiveLeConvoyeur()
                         0x800'10e9   0x48  Code  Gb  processusUsine.o [1]
modeDeTests_desactiveLeVerinDuMagasin()
                         0x800'0f4d   0x78  Code  Gb  processusUsine.o [1]
modeDeTests_desactiveLeVerinDuMagasin()::compteurTempsTimeout
                        0x2000'0aa8    0x4  Data  Lc  processusUsine.o [1]
modeDeTests_descendElevateur()
                         0x800'1035   0x78  Code  Gb  processusUsine.o [1]
modeDeTests_descendElevateur()::compteurTempsTimeout
                        0x2000'0ab0    0x4  Data  Lc  processusUsine.o [1]
modeDeTests_descendLaVentouse()
                         0x800'1291   0x5e  Code  Gb  processusUsine.o [1]
modeDeTests_descendLaVentouse()::compteurTempsTimeout
                        0x2000'0abc    0x4  Data  Lc  processusUsine.o [1]
modeDeTests_monteElevateur()
                         0x800'0fd1   0x5e  Code  Gb  processusUsine.o [1]
modeDeTests_monteElevateur()::compteurTempsTimeout
                        0x2000'0aac    0x4  Data  Lc  processusUsine.o [1]
modeDeTests_monteLaVentouse()
                         0x800'1301   0x84  Code  Gb  processusUsine.o [1]
modeDeTests_monteLaVentouse()::compteurTempsTimeout
                        0x2000'0ac0    0x4  Data  Lc  processusUsine.o [1]
modeDeTests_replaceLaventouse()
                         0x800'1435   0x48  Code  Gb  processusUsine.o [1]
modeDeTests_replaceLaventouse()::compteurTempsTimeout
                        0x2000'0acc    0x4  Data  Lc  processusUsine.o [1]
modeDeTests_testeLaColonneLumineuse()
                         0x800'0e67   0x54  Code  Gb  processusUsine.o [1]
modeDeTests_testeLaColonneLumineuse()::compteurDelai
                        0x2000'0aa0    0x4  Data  Lc  processusUsine.o [1]
modeDeTests_testeLesEntrees()
                         0x800'0ebd   0x3a  Code  Gb  processusUsine.o [1]
modeEcran               0x2000'0d50   0x14  Data  Gb  main.o [1]
modeOperation_attendBlocAspire()
                         0x800'0b2d   0x3a  Code  Gb  processusUsine.o [1]
modeOperation_attendBlocChute()
                         0x800'0a7d   0x66  Code  Gb  processusUsine.o [1]
modeOperation_attendBlocChute()::compteurDelaiVentouseBas
                        0x2000'0a98    0x4  Data  Lc  processusUsine.o [1]
modeOperation_attendBlocChute()::compteurTempsAttendChute
                        0x2000'0a94    0x4  Data  Lc  processusUsine.o [1]
modeOperation_attendElevateurEnHaut()
                         0x800'0959   0xa8  Code  Gb  processusUsine.o [1]
modeOperation_attendElevateurEnHaut()::compteurDelaiTpsADC
                        0x2000'0a8c    0x4  Data  Lc  processusUsine.o [1]
modeOperation_attendElevateurEnHaut()::compteurTempsElevateurEnHaut
                        0x2000'0a90    0x4  Data  Lc  processusUsine.o [1]
modeOperation_attendFinInitialisation()
                         0x800'0641   0xc6  Code  Gb  processusUsine.o [1]
modeOperation_attendFinInitialisation()::compteurTempsInitialisation
                        0x2000'0a80    0x4  Data  Lc  processusUsine.o [1]
modeOperation_attendFinJetteBloc()
                         0x800'0c8d   0xa4  Code  Gb  processusUsine.o [1]
modeOperation_attendFinJetteBloc()::flagSequenceFinie
                        0x2000'0a75    0x1  Data  Lc  processusUsine.o [1]
modeOperation_attendPontPos0()
                         0x800'0ae5   0x46  Code  Gb  processusUsine.o [1]
modeOperation_attendVentouseHaut()
                         0x800'0b69   0x8a  Code  Gb  processusUsine.o [1]
modeOperation_attendVentouseHaut()::compteurTempsMouvement
                        0x2000'0a9c    0x4  Data  Lc  processusUsine.o [1]
modeOperation_detecteLeBloc()
                         0x800'0779  0x18e  Code  Gb  processusUsine.o [1]
modeOperation_detecteLeBloc()::compteurTempsDetectionBloc
                        0x2000'0a88    0x4  Data  Lc  processusUsine.o [1]
modeOperation_ejecteUnBloc()
                         0x800'0a01   0x7c  Code  Gb  processusUsine.o [1]
modeOperation_execute   0x2000'0a78    0x4  Data  Gb  processusUsine.o [1]
modeOperation_lanceInitialisation()
                         0x800'05e5   0x58  Code  Gb  processusUsine.o [1]
modeOperation_monteElevateur()
                         0x800'0909   0x4e  Code  Gb  processusUsine.o [1]
modeOperation_pousseUnBloc()
                         0x800'0709   0x6e  Code  Gb  processusUsine.o [1]
modeOperation_pousseUnBloc()::compteurTempsEjectionBloc
                        0x2000'0a84    0x4  Data  Lc  processusUsine.o [1]
modeOperation_vaALAscenseur()
                         0x800'0c41   0x2e  Code  Gb  processusUsine.o [1]
modeOperation_vaALaFosse()
                         0x800'0c01   0x3a  Code  Gb  processusUsine.o [1]
modeTest_clignote()      0x800'14b1   0x2e  Code  Gb  processusUsine.o [1]
modeTest_clignote()::compteurTpsClignote
                        0x2000'0db4    0x4  Data  Lc  processusUsine.o [1]
modeTest_execute        0x2000'0a7c    0x4  Data  Gb  processusUsine.o [1]
neFaitRien               0x800'18d7    0x2  Code  Gb  main.o [1]
piloteCAN1_CasierPostal
                        0x2000'0bbc    0x4  Data  Gb  piloteCAN1.o [1]
piloteCAN1_filtre       0x2000'0b94   0x28  Data  Gb  piloteCAN1.o [1]
piloteCAN1_initialise()
                         0x800'3a57   0x50  Code  Gb  piloteCAN1.o [1]
piloteCAN1_litUnMessageRecu(unsigned char *)
                         0x800'3a21   0x16  Code  Gb  piloteCAN1.o [1]
piloteCAN1_messageDisponible()
                         0x800'3a19    0x8  Code  Gb  piloteCAN1.o [1]
piloteCAN1_reception    0x2000'0cb8   0x1c  Data  Gb  piloteCAN1.o [1]
piloteCAN1_transmetDesDonnes(unsigned int, unsigned char *, unsigned char)
                         0x800'3a37   0x20  Code  Gb  piloteCAN1.o [1]
piloteCAN1_transmission
                        0x2000'0b7c   0x18  Data  Gb  piloteCAN1.o [1]
piloteColonne_allume(unsigned char)
                         0x800'5c77   0x2e  Code  Gb  piloteColonne.o [1]
piloteColonne_eteint(unsigned char)
                         0x800'5c49   0x2e  Code  Gb  piloteColonne.o [1]
piloteI2C_Receive(unsigned char, unsigned char *)
                         0x800'5cc3   0x14  Code  Gb  piloteI2C.o [1]
piloteI2C_Transmit(unsigned char, unsigned char)
                         0x800'5cad   0x16  Code  Gb  piloteI2C.o [1]
piloteIOB1_initialise()
                         0x800'38cd    0x2  Code  Gb  piloteIOB1.o [1]
piloteIOB1_litLEntree()
                         0x800'38c1    0x8  Code  Gb  piloteIOB1.o [1]
piloteIOT1_initialise()
                         0x800'3915    0xc  Code  Gb  piloteIOT1.o [1]
piloteIOT1_metLaSortieA(unsigned char)
                         0x800'3909    0xc  Code  Gb  piloteIOT1.o [1]
piloteIOT2_initialise()
                         0x800'3931    0xc  Code  Gb  piloteIOT2.o [1]
piloteIOT2_metLaSortieA(unsigned char)
                         0x800'3925    0xc  Code  Gb  piloteIOT2.o [1]
piloteIOT3_initialise()
                         0x800'394d    0xc  Code  Gb  piloteIOT3.o [1]
piloteIOT3_metLaSortieA(unsigned char)
                         0x800'3941    0xc  Code  Gb  piloteIOT3.o [1]
piloteIOT4_initialise()
                         0x800'3969    0xc  Code  Gb  piloteIOT4.o [1]
piloteIOT4_metLaSortieA(unsigned char)
                         0x800'395d    0xc  Code  Gb  piloteIOT4.o [1]
piloteTimer6Up_execute  0x2000'0dac    0x4  Data  Gb  piloteTimer6Up.o [1]
piloteTimer6Up_initialise()
                         0x800'3865    0x8  Code  Gb  piloteTimer6Up.o [1]
piloteTimer6Up_permetLesInterruptions()
                         0x800'385f    0x6  Code  Gb  piloteTimer6Up.o [1]
processusUsine_arret()   0x800'0d41   0x4a  Code  Gb  processusUsine.o [1]
processusUsine_attente()
                         0x800'0189   0xf4  Code  Gb  processusUsine.o [1]
processusUsine_erreur()
                         0x800'14e1   0x4a  Code  Gb  processusUsine.o [1]
processusUsine_erreur()::compteurClignote
                        0x2000'0db8    0x4  Data  Lc  processusUsine.o [1]
processusUsine_initialise()
                         0x800'1671    0xe  Code  Gb  processusUsine.o [1]
processusUsine_operation()
                         0x800'0289  0x35c  Code  Gb  processusUsine.o [1]
processusUsine_tests()   0x800'0da9   0xbe  Code  Gb  processusUsine.o [1]
resetIOPositions()       0x800'37ed   0x1e  Code  Gb  interfacePont.o [1]
serviceBaseDeTemps_execute
                        0x2000'0cd4   0x1c  Data  Gb  serviceBaseDeTemps.o [1]
serviceBaseDeTemps_gere()
                         0x800'3879   0x1a  Code  Gb  serviceBaseDeTemps.o [1]
serviceBaseDeTemps_initialise()
                         0x800'3893   0x1e  Code  Gb  serviceBaseDeTemps.o [1]
serviceCommunication_ErrorState
                        0x2000'0ca8    0x1  Data  Gb  ServiceCommunication.o [1]
sqrt                     0x800'6731         Code  Gb  sqrt.o [3]
sqrtl                    0x800'6731         Code  Gb  sqrt.o [3]
temporaryCANTXBuffer    0x2000'0cb0    0x8  Data  Gb  ServiceCommunication.o [1]
temporaryModuleBuffer   0x2000'0d9c    0x8  Data  Gb  ServiceCommunication.o [1]
ucEtat                  0x2000'0d96    0x1  Data  Gb  interfacePont.o [1]
ucEtatPont              0x2000'0d80    0x1  Data  Gb  interfaceUsine.o [1]
ucFontSystem3x6         0x2000'0000   0xc4  Data  Gb  piloteLcd.o [1]
ucFontSystem5x8         0x2000'00c4  0x1e8  Data  Gb  piloteLcd.o [1]
ucFontSystem7x8         0x2000'02ac  0x2a8  Data  Gb  piloteLcd.o [1]
ucInputGLcd(unsigned char)
                         0x800'3ab5   0x30  Code  Gb  piloteLcd.o [1]
ucPosition              0x2000'0d94    0x1  Data  Gb  interfacePont.o [1]
ucPostitonPont          0x2000'0d81    0x1  Data  Gb  interfaceUsine.o [1]
ucReadIO(unsigned char, unsigned char, unsigned char)
                         0x800'5d29  0x25a  Code  Gb  IO_BUS.o [1]
ucRequetePont           0x2000'0d82    0x1  Data  Gb  interfaceUsine.o [1]
ucResultatDeplacement   0x2000'0d95    0x1  Data  Gb  interfacePont.o [1]
ucTypeDeBloc            0x2000'0a74    0x1  Data  Gb  processusUsine.o [1]
unionCartesI2CUsine     0x2000'0d64    0x8  Data  Gb  interfaceUsine.o [1]
updateDiscColor()        0x800'15a1   0xcc  Code  Gb  processusUsine.o [1]
updateEtatEcran          0x800'1ead   0x1c  Code  Gb  main.o [1]
updateMessageEcran       0x800'1e8f   0x1e  Code  Gb  main.o [1]
updateModeEcran          0x800'1ec9   0x1e  Code  Gb  main.o [1]
uwTick                  0x2000'0558    0x4  Data  Gb  stm32f4xx_hal.o [1]
uwTickFreq              0x2000'0554    0x1  Data  Gb  stm32f4xx_hal.o [1]
uwTickPrio              0x2000'055c    0x4  Data  Gb  stm32f4xx_hal.o [1]
vClearPixelGLcd(unsigned char, unsigned char)
                         0x800'3c4f   0xc6  Code  Gb  piloteLcd.o [1]
vData_IN()               0x800'5ce9   0x1e  Code  Gb  IO_BUS.o [1]
vData_OUT()              0x800'5d07   0x22  Code  Gb  IO_BUS.o [1]
vInitGLcd()              0x800'3b1b   0x78  Code  Gb  piloteLcd.o [1]
vOutputGLcd(unsigned char, unsigned char)
                         0x800'3ae5   0x36  Code  Gb  piloteLcd.o [1]
vPutCharGLcd(unsigned char, unsigned char, unsigned char, unsigned char)
                         0x800'3d15  0x11c  Code  Gb  piloteLcd.o [1]
vPutPixelGLcd(unsigned char, unsigned char)
                         0x800'3b93   0xbc  Code  Gb  piloteLcd.o [1]
vPutStringGLcd(char const *, signed char, unsigned char)
                         0x800'3e31   0x6e  Code  Gb  piloteLcd.o [1]
vWriteIO(unsigned char, unsigned char, unsigned char, unsigned char)
                         0x800'5f85  0x2f0  Code  Gb  IO_BUS.o [1]
valeurDuADC             0x2000'0d6c    0x1  Data  Gb  interfaceUsine.o [1]


[1] = C:\Repos\Projet-5e-Session\Centre-De-Tri\CentreDeTriS5\EWARM\CentreDeTriS5\Obj
[2] = dl7M_tlf.a
[3] = m7M_tls.a
[4] = rt7M_tl.a
[5] = shb_l.a

  29'539 bytes of readonly  code memory
   2'679 bytes of readonly  data memory
   7'612 bytes of readwrite data memory

Errors: none
Warnings: none
