###############################################################################
#
# IAR ELF Linker V8.50.1.245/W32 for ARM                  17/Nov/2022  13:01:46
# Copyright 2007-2020 IAR Systems AB.
#
#    Output file  =
#        C:\Repos\Projet-5e-Session\Centre-De-Tri\Programmes\STM32\247-637
#        S-0010 V7\EWARM\CentreDeTriS5\Exe\CentreDeTriS5.out
#    Map file     =
#        C:\Repos\Projet-5e-Session\Centre-De-Tri\Programmes\STM32\247-637
#        S-0010 V7\EWARM\CentreDeTriS5\List\CentreDeTriS5.map
#    Command line =
#        -f C:\Users\2040227\AppData\Local\Temp\EW7EA6.tmp
#        ("C:\Repos\Projet-5e-Session\Centre-De-Tri\Programmes\STM32\247-637
#        S-0010 V7\EWARM\CentreDeTriS5\Obj\main.o"
#        "C:\Repos\Projet-5e-Session\Centre-De-Tri\Programmes\STM32\247-637
#        S-0010 V7\EWARM\CentreDeTriS5\Obj\startup_stm32f407xx.o"
#        "C:\Repos\Projet-5e-Session\Centre-De-Tri\Programmes\STM32\247-637
#        S-0010 V7\EWARM\CentreDeTriS5\Obj\stm32f4xx_hal.o"
#        "C:\Repos\Projet-5e-Session\Centre-De-Tri\Programmes\STM32\247-637
#        S-0010 V7\EWARM\CentreDeTriS5\Obj\stm32f4xx_hal_can.o"
#        "C:\Repos\Projet-5e-Session\Centre-De-Tri\Programmes\STM32\247-637
#        S-0010 V7\EWARM\CentreDeTriS5\Obj\stm32f4xx_hal_cortex.o"
#        "C:\Repos\Projet-5e-Session\Centre-De-Tri\Programmes\STM32\247-637
#        S-0010 V7\EWARM\CentreDeTriS5\Obj\stm32f4xx_hal_dma.o"
#        "C:\Repos\Projet-5e-Session\Centre-De-Tri\Programmes\STM32\247-637
#        S-0010 V7\EWARM\CentreDeTriS5\Obj\stm32f4xx_hal_dma_ex.o"
#        "C:\Repos\Projet-5e-Session\Centre-De-Tri\Programmes\STM32\247-637
#        S-0010 V7\EWARM\CentreDeTriS5\Obj\stm32f4xx_hal_exti.o"
#        "C:\Repos\Projet-5e-Session\Centre-De-Tri\Programmes\STM32\247-637
#        S-0010 V7\EWARM\CentreDeTriS5\Obj\stm32f4xx_hal_flash.o"
#        "C:\Repos\Projet-5e-Session\Centre-De-Tri\Programmes\STM32\247-637
#        S-0010 V7\EWARM\CentreDeTriS5\Obj\stm32f4xx_hal_flash_ex.o"
#        "C:\Repos\Projet-5e-Session\Centre-De-Tri\Programmes\STM32\247-637
#        S-0010 V7\EWARM\CentreDeTriS5\Obj\stm32f4xx_hal_flash_ramfunc.o"
#        "C:\Repos\Projet-5e-Session\Centre-De-Tri\Programmes\STM32\247-637
#        S-0010 V7\EWARM\CentreDeTriS5\Obj\stm32f4xx_hal_gpio.o"
#        "C:\Repos\Projet-5e-Session\Centre-De-Tri\Programmes\STM32\247-637
#        S-0010 V7\EWARM\CentreDeTriS5\Obj\stm32f4xx_hal_i2c.o"
#        "C:\Repos\Projet-5e-Session\Centre-De-Tri\Programmes\STM32\247-637
#        S-0010 V7\EWARM\CentreDeTriS5\Obj\stm32f4xx_hal_i2c_ex.o"
#        "C:\Repos\Projet-5e-Session\Centre-De-Tri\Programmes\STM32\247-637
#        S-0010 V7\EWARM\CentreDeTriS5\Obj\stm32f4xx_hal_msp.o"
#        "C:\Repos\Projet-5e-Session\Centre-De-Tri\Programmes\STM32\247-637
#        S-0010 V7\EWARM\CentreDeTriS5\Obj\stm32f4xx_hal_pwr.o"
#        "C:\Repos\Projet-5e-Session\Centre-De-Tri\Programmes\STM32\247-637
#        S-0010 V7\EWARM\CentreDeTriS5\Obj\stm32f4xx_hal_pwr_ex.o"
#        "C:\Repos\Projet-5e-Session\Centre-De-Tri\Programmes\STM32\247-637
#        S-0010 V7\EWARM\CentreDeTriS5\Obj\stm32f4xx_hal_rcc.o"
#        "C:\Repos\Projet-5e-Session\Centre-De-Tri\Programmes\STM32\247-637
#        S-0010 V7\EWARM\CentreDeTriS5\Obj\stm32f4xx_hal_rcc_ex.o"
#        "C:\Repos\Projet-5e-Session\Centre-De-Tri\Programmes\STM32\247-637
#        S-0010 V7\EWARM\CentreDeTriS5\Obj\stm32f4xx_hal_tim.o"
#        "C:\Repos\Projet-5e-Session\Centre-De-Tri\Programmes\STM32\247-637
#        S-0010 V7\EWARM\CentreDeTriS5\Obj\stm32f4xx_hal_tim_ex.o"
#        "C:\Repos\Projet-5e-Session\Centre-De-Tri\Programmes\STM32\247-637
#        S-0010 V7\EWARM\CentreDeTriS5\Obj\stm32f4xx_hal_uart.o"
#        "C:\Repos\Projet-5e-Session\Centre-De-Tri\Programmes\STM32\247-637
#        S-0010 V7\EWARM\CentreDeTriS5\Obj\stm32f4xx_it.o"
#        "C:\Repos\Projet-5e-Session\Centre-De-Tri\Programmes\STM32\247-637
#        S-0010 V7\EWARM\CentreDeTriS5\Obj\system_stm32f4xx.o" --redirect
#        _Printf=_PrintfFull --redirect _Scanf=_ScanfFull --no_out_extension -o
#        "C:\Repos\Projet-5e-Session\Centre-De-Tri\Programmes\STM32\247-637
#        S-0010 V7\EWARM\CentreDeTriS5\Exe\CentreDeTriS5.out" --map
#        "C:\Repos\Projet-5e-Session\Centre-De-Tri\Programmes\STM32\247-637
#        S-0010 V7\EWARM\CentreDeTriS5\List\CentreDeTriS5.map" --config
#        "C:\Repos\Projet-5e-Session\Centre-De-Tri\Programmes\STM32\247-637
#        S-0010 V7\EWARM/stm32f407xx_flash.icf" --semihosting --entry
#        __iar_program_start --vfe --text_out locale)
#
###############################################################################

*******************************************************************************
*** MESSAGES
***

Error[Li005]: no definition for "piloteCAN1_initialise" [referenced from
          C:\Repos\Projet-5e-Session\Centre-De-Tri\Programmes\STM32\247-637
          S-0010 V7\EWARM\CentreDeTriS5\Obj\main.o]
Error[Li005]: no definition for "piloteTimer6Up_permetLesInterruptions"
          [referenced from
          C:\Repos\Projet-5e-Session\Centre-De-Tri\Programmes\STM32\247-637
          S-0010 V7\EWARM\CentreDeTriS5\Obj\main.o]
Error[Li005]: no definition for "piloteTimer6Up_initialise" [referenced from
          C:\Repos\Projet-5e-Session\Centre-De-Tri\Programmes\STM32\247-637
          S-0010 V7\EWARM\CentreDeTriS5\Obj\main.o]
Error[Li005]: no definition for "piloteUSART2_initialise" [referenced from
          C:\Repos\Projet-5e-Session\Centre-De-Tri\Programmes\STM32\247-637
          S-0010 V7\EWARM\CentreDeTriS5\Obj\main.o]
Error[Li005]: no definition for "piloteIOB1_initialise" [referenced from
          C:\Repos\Projet-5e-Session\Centre-De-Tri\Programmes\STM32\247-637
          S-0010 V7\EWARM\CentreDeTriS5\Obj\main.o]
Error[Li005]: no definition for "piloteIOT1_initialise" [referenced from
          C:\Repos\Projet-5e-Session\Centre-De-Tri\Programmes\STM32\247-637
          S-0010 V7\EWARM\CentreDeTriS5\Obj\main.o]
Error[Li005]: no definition for "piloteIOT2_initialise" [referenced from
          C:\Repos\Projet-5e-Session\Centre-De-Tri\Programmes\STM32\247-637
          S-0010 V7\EWARM\CentreDeTriS5\Obj\main.o]
Error[Li005]: no definition for "piloteIOT3_initialise" [referenced from
          C:\Repos\Projet-5e-Session\Centre-De-Tri\Programmes\STM32\247-637
          S-0010 V7\EWARM\CentreDeTriS5\Obj\main.o]
Error[Li005]: no definition for "piloteIOT4_initialise" [referenced from
          C:\Repos\Projet-5e-Session\Centre-De-Tri\Programmes\STM32\247-637
          S-0010 V7\EWARM\CentreDeTriS5\Obj\main.o]
Error[Li005]: no definition for "serviceBaseDeTemps_initialise" [referenced
          from
          C:\Repos\Projet-5e-Session\Centre-De-Tri\Programmes\STM32\247-637
          S-0010 V7\EWARM\CentreDeTriS5\Obj\main.o]
Error[Li005]: no definition for "serviceProtocole637_initialise" [referenced
          from
          C:\Repos\Projet-5e-Session\Centre-De-Tri\Programmes\STM32\247-637
          S-0010 V7\EWARM\CentreDeTriS5\Obj\main.o]
Error[Li005]: no definition for "interfaceT1_initialise" [referenced from
          C:\Repos\Projet-5e-Session\Centre-De-Tri\Programmes\STM32\247-637
          S-0010 V7\EWARM\CentreDeTriS5\Obj\main.o]
Error[Li005]: no definition for "interfaceT2_initialise" [referenced from
          C:\Repos\Projet-5e-Session\Centre-De-Tri\Programmes\STM32\247-637
          S-0010 V7\EWARM\CentreDeTriS5\Obj\main.o]
Error[Li005]: no definition for "interfaceT3_initialise" [referenced from
          C:\Repos\Projet-5e-Session\Centre-De-Tri\Programmes\STM32\247-637
          S-0010 V7\EWARM\CentreDeTriS5\Obj\main.o]
Error[Li005]: no definition for "interfaceT4_initialise" [referenced from
          C:\Repos\Projet-5e-Session\Centre-De-Tri\Programmes\STM32\247-637
          S-0010 V7\EWARM\CentreDeTriS5\Obj\main.o]
Error[Li005]: no definition for "processusPasserelle_initialise" [referenced
          from
          C:\Repos\Projet-5e-Session\Centre-De-Tri\Programmes\STM32\247-637
          S-0010 V7\EWARM\CentreDeTriS5\Obj\main.o]


*******************************************************************************
*** RUNTIME MODEL ATTRIBUTES
***

CppFlavor       = *
__SystemLibrary = DLib
__dlib_version  = 6


*******************************************************************************
*** HEAP SELECTION
***

The basic heap was selected because no calls to memory allocation
functions were found in the application outside of system library
functions, and there are calls to deallocation functions in the
application.


*******************************************************************************
*** PLACEMENT SUMMARY
***

"A0":  place at address 0x800'0000 { ro section .intvec };
"P1":  place in [from 0x800'0000 to 0x80f'ffff] { ro };
define block CSTACK with size = 1K, alignment = 8 { };
define block HEAP with size = 512, alignment = 8 { };
"P2":  place in [from 0x2000'0000 to 0x2001'ffff] {
          rw, block CSTACK, block HEAP };
initialize by copy { rw };

  Section            Kind         Address    Size  Object
  -------            ----         -------    ----  ------
"A0":                                       0x188
  .intvec            ro code   0x800'0000   0x188  startup_stm32f407xx.o [1]
                             - 0x800'0188   0x188

"P1":                                      0x1c44
  .text              ro code   0x800'0188   0x456  main.o [1]
  .text              ro code   0x800'05de    0x3a  zero_init3.o [4]
  .text              ro code   0x800'0618    0x34  stm32f4xx_hal.o [1]
  .text              ro code   0x800'064c    0x14  memset.o [4]
  .text              ro code   0x800'0660   0x2e8  stm32f4xx_hal_rcc.o [1]
  .text              ro code   0x800'0948   0x1bc  stm32f4xx_hal_rcc.o [1]
  .text              ro code   0x800'0b04   0x132  stm32f4xx_hal_can.o [1]
  .text              ro code   0x800'0c36    0x2e  copy_init3.o [4]
  .text              ro code   0x800'0c64   0x180  stm32f4xx_hal_i2c.o [1]
  .text              ro code   0x800'0de4   0x260  stm32f4xx_hal_tim.o [1]
  .text              ro code   0x800'1044    0x40  stm32f4xx_hal_tim_ex.o [1]
  .text              ro code   0x800'1084   0x2e0  stm32f4xx_hal_uart.o [1]
  .text              ro code   0x800'1364   0x1e4  stm32f4xx_hal_gpio.o [1]
  .text              ro code   0x800'1548    0xf0  stm32f4xx_hal_cortex.o [1]
  .text              ro code   0x800'1638    0x48  stm32f4xx_hal.o [1]
  .text              ro code   0x800'1680   0x1c8  stm32f4xx_hal_msp.o [1]
  .text              ro code   0x800'1848    0x66  ABImemset.o [4]
  .text              ro code   0x800'18b0     0xc  stm32f4xx_hal.o [1]
  .text              ro code   0x800'18bc   0x230  I64DivMod.o [4]
  .text              ro code   0x800'1aec     0x2  stm32f4xx_hal_tim.o [1]
  .text              ro code   0x800'1aee     0x2  stm32f4xx_hal_tim.o [1]
  .text              ro code   0x800'1af0     0x2  stm32f4xx_hal_tim.o [1]
  .text              ro code   0x800'1af2     0x2  stm32f4xx_hal_tim.o [1]
  .text              ro code   0x800'1af4     0x2  stm32f4xx_hal_tim_ex.o [1]
  .text              ro code   0x800'1af6     0x2  stm32f4xx_hal_tim.o [1]
  .text              ro code   0x800'1af8     0x2  stm32f4xx_hal_tim_ex.o [1]
  .text              ro code   0x800'1afc     0x2  I64DivZer.o [4]
  .text              ro code   0x800'1b00    0x60  system_stm32f4xx.o [1]
  .text              ro code   0x800'1b60    0x28  data_init.o [4]
  .text              ro code   0x800'1b88    0x22  fpinit_M.o [3]
  .iar.init_table    const     0x800'1bac    0x24  - Linker created -
  .text              ro code   0x800'1bd0    0x1e  cmain.o [4]
  .text              ro code   0x800'1bee     0x4  low_level_init.o [2]
  .text              ro code   0x800'1bf2     0x4  exit.o [2]
  .text              ro code   0x800'1bf8     0xa  cexit.o [4]
  .text              ro code   0x800'1c04    0x14  exit.o [5]
  .text              ro code   0x800'1c18    0x10  startup_stm32f407xx.o [1]
  .text              ro code   0x800'1c28    0x10  stm32f4xx_hal.o [1]
  .text              ro code   0x800'1c38    0x10  stm32f4xx_it.o [1]
  Initializer bytes  const     0x800'1c48    0x10  <for P2-1> (used: 0x0)
  .text              ro code   0x800'1c58     0xc  cstartup_M.o [4]
  .rodata            const     0x800'1c64     0x8  system_stm32f4xx.o [1]
  .text              ro code   0x800'1c6c     0x4  startup_stm32f407xx.o [1]
  .text              ro code   0x800'1c70     0x4  startup_stm32f407xx.o [1]
  .text              ro code   0x800'1c74     0x4  startup_stm32f407xx.o [1]
  .text              ro code   0x800'1c78     0x4  startup_stm32f407xx.o [1]
  .text              ro code   0x800'1c7c     0x4  startup_stm32f407xx.o [1]
  .text              ro code   0x800'1c80     0x4  startup_stm32f407xx.o [1]
  .text              ro code   0x800'1c84     0x4  startup_stm32f407xx.o [1]
  .text              ro code   0x800'1c88     0x4  startup_stm32f407xx.o [1]
  .text              ro code   0x800'1c8c     0x4  startup_stm32f407xx.o [1]
  .text              ro code   0x800'1c90     0x4  startup_stm32f407xx.o [1]
  .text              ro code   0x800'1c94     0x4  startup_stm32f407xx.o [1]
  .text              ro code   0x800'1c98     0x4  startup_stm32f407xx.o [1]
  .text              ro code   0x800'1c9c     0x4  startup_stm32f407xx.o [1]
  .text              ro code   0x800'1ca0     0x4  startup_stm32f407xx.o [1]
  .text              ro code   0x800'1ca4     0x4  startup_stm32f407xx.o [1]
  .text              ro code   0x800'1ca8     0x4  startup_stm32f407xx.o [1]
  .text              ro code   0x800'1cac     0x4  startup_stm32f407xx.o [1]
  .text              ro code   0x800'1cb0     0x4  startup_stm32f407xx.o [1]
  .text              ro code   0x800'1cb4     0x4  startup_stm32f407xx.o [1]
  .text              ro code   0x800'1cb8     0x4  startup_stm32f407xx.o [1]
  .text              ro code   0x800'1cbc     0x4  startup_stm32f407xx.o [1]
  .text              ro code   0x800'1cc0     0x4  startup_stm32f407xx.o [1]
  .text              ro code   0x800'1cc4     0x4  startup_stm32f407xx.o [1]
  .text              ro code   0x800'1cc8     0x4  startup_stm32f407xx.o [1]
  .text              ro code   0x800'1ccc     0x4  startup_stm32f407xx.o [1]
  .text              ro code   0x800'1cd0     0x4  startup_stm32f407xx.o [1]
  .text              ro code   0x800'1cd4     0x4  startup_stm32f407xx.o [1]
  .text              ro code   0x800'1cd8     0x4  startup_stm32f407xx.o [1]
  .text              ro code   0x800'1cdc     0x4  startup_stm32f407xx.o [1]
  .text              ro code   0x800'1ce0     0x4  startup_stm32f407xx.o [1]
  .text              ro code   0x800'1ce4     0x4  startup_stm32f407xx.o [1]
  .text              ro code   0x800'1ce8     0x4  startup_stm32f407xx.o [1]
  .text              ro code   0x800'1cec     0x4  startup_stm32f407xx.o [1]
  .text              ro code   0x800'1cf0     0x4  startup_stm32f407xx.o [1]
  .text              ro code   0x800'1cf4     0x4  startup_stm32f407xx.o [1]
  .text              ro code   0x800'1cf8     0x4  startup_stm32f407xx.o [1]
  .text              ro code   0x800'1cfc     0x4  startup_stm32f407xx.o [1]
  .text              ro code   0x800'1d00     0x4  startup_stm32f407xx.o [1]
  .text              ro code   0x800'1d04     0x4  startup_stm32f407xx.o [1]
  .text              ro code   0x800'1d08     0x4  startup_stm32f407xx.o [1]
  .text              ro code   0x800'1d0c     0x4  startup_stm32f407xx.o [1]
  .text              ro code   0x800'1d10     0x4  startup_stm32f407xx.o [1]
  .text              ro code   0x800'1d14     0x4  startup_stm32f407xx.o [1]
  .text              ro code   0x800'1d18     0x4  startup_stm32f407xx.o [1]
  .text              ro code   0x800'1d1c     0x4  startup_stm32f407xx.o [1]
  .text              ro code   0x800'1d20     0x4  startup_stm32f407xx.o [1]
  .text              ro code   0x800'1d24     0x4  startup_stm32f407xx.o [1]
  .text              ro code   0x800'1d28     0x4  startup_stm32f407xx.o [1]
  .text              ro code   0x800'1d2c     0x4  startup_stm32f407xx.o [1]
  .text              ro code   0x800'1d30     0x4  startup_stm32f407xx.o [1]
  .text              ro code   0x800'1d34     0x4  startup_stm32f407xx.o [1]
  .text              ro code   0x800'1d38     0x4  startup_stm32f407xx.o [1]
  .text              ro code   0x800'1d3c     0x4  startup_stm32f407xx.o [1]
  .text              ro code   0x800'1d40     0x4  startup_stm32f407xx.o [1]
  .text              ro code   0x800'1d44     0x4  startup_stm32f407xx.o [1]
  .text              ro code   0x800'1d48     0x4  startup_stm32f407xx.o [1]
  .text              ro code   0x800'1d4c     0x4  startup_stm32f407xx.o [1]
  .text              ro code   0x800'1d50     0x4  startup_stm32f407xx.o [1]
  .text              ro code   0x800'1d54     0x4  startup_stm32f407xx.o [1]
  .text              ro code   0x800'1d58     0x4  startup_stm32f407xx.o [1]
  .text              ro code   0x800'1d5c     0x4  startup_stm32f407xx.o [1]
  .text              ro code   0x800'1d60     0x4  startup_stm32f407xx.o [1]
  .text              ro code   0x800'1d64     0x4  startup_stm32f407xx.o [1]
  .text              ro code   0x800'1d68     0x4  startup_stm32f407xx.o [1]
  .text              ro code   0x800'1d6c     0x4  startup_stm32f407xx.o [1]
  .text              ro code   0x800'1d70     0x4  startup_stm32f407xx.o [1]
  .text              ro code   0x800'1d74     0x4  startup_stm32f407xx.o [1]
  .text              ro code   0x800'1d78     0x4  startup_stm32f407xx.o [1]
  .text              ro code   0x800'1d7c     0x4  startup_stm32f407xx.o [1]
  .text              ro code   0x800'1d80     0x4  startup_stm32f407xx.o [1]
  .text              ro code   0x800'1d84     0x4  startup_stm32f407xx.o [1]
  .text              ro code   0x800'1d88     0x4  startup_stm32f407xx.o [1]
  .text              ro code   0x800'1d8c     0x4  startup_stm32f407xx.o [1]
  .text              ro code   0x800'1d90     0x4  startup_stm32f407xx.o [1]
  .text              ro code   0x800'1d94     0x4  startup_stm32f407xx.o [1]
  .text              ro code   0x800'1d98     0x4  startup_stm32f407xx.o [1]
  .text              ro code   0x800'1d9c     0x4  startup_stm32f407xx.o [1]
  .text              ro code   0x800'1da0     0x4  startup_stm32f407xx.o [1]
  .text              ro code   0x800'1da4     0x4  startup_stm32f407xx.o [1]
  .text              ro code   0x800'1da8     0x4  startup_stm32f407xx.o [1]
  .text              ro code   0x800'1dac     0x4  startup_stm32f407xx.o [1]
  .text              ro code   0x800'1db0     0x4  startup_stm32f407xx.o [1]
  .text              ro code   0x800'1db4     0x4  startup_stm32f407xx.o [1]
  .text              ro code   0x800'1db8     0x4  startup_stm32f407xx.o [1]
  .text              ro code   0x800'1dbc     0x4  startup_stm32f407xx.o [1]
  .text              ro code   0x800'1dc0     0x4  startup_stm32f407xx.o [1]
  .text              ro code   0x800'1dc4     0x4  startup_stm32f407xx.o [1]
  .text              ro code   0x800'1dc8     0x4  startup_stm32f407xx.o [1]
  .rodata            const     0x800'1dcc     0x0  zero_init3.o [4]
  .rodata            const     0x800'1dcc     0x0  copy_init3.o [4]
                             - 0x800'1dcc  0x1c44

"P2", part 1 of 3:                           0x10
  P2-1                        0x2000'0000    0x10  <Init block>
    .data            inited   0x2000'0000     0xc  stm32f4xx_hal.o [1]
    .data            inited   0x2000'000c     0x4  system_stm32f4xx.o [1]
                            - 0x2000'0010    0x10

"P2", part 2 of 3:                           0xfc
  .bss               zero     0x2000'0010    0x54  main.o [1]
  .bss               zero     0x2000'0064    0x40  main.o [1]
  .bss               zero     0x2000'00a4    0x40  main.o [1]
  .bss               zero     0x2000'00e4    0x28  main.o [1]
                            - 0x2000'010c    0xfc

"P2", part 3 of 3:                          0x400
  CSTACK                      0x2000'0110   0x400  <Block>
    CSTACK           uninit   0x2000'0110   0x400  <Block tail>
                            - 0x2000'0510   0x400

Unused ranges:

         From           To      Size
         ----           --      ----
   0x800'1dcc   0x80f'ffff  0xf'e234
  0x2000'010c  0x2000'010f       0x4
  0x2000'0510  0x2001'ffff  0x1'faf0


*******************************************************************************
*** INIT TABLE
***

          Address      Size
          -------      ----
Zero (__iar_zero_init3)
    1 destination range, total size 0xfc:
          0x2000'0010  0xfc

Copy (__iar_copy_init3)
    1 source range, total size 0x10:
           0x800'1c48  0x10
    1 destination range, total size 0x10:
          0x2000'0000  0x10



*******************************************************************************
*** MODULE SUMMARY
***

    Module                  ro code  ro data  rw data
    ------                  -------  -------  -------
command line/config:
    -------------------------------------------------
    Total:

C:\Repos\Projet-5e-Session\Centre-De-Tri\Programmes\STM32\247-637 S-0010 V7\EWARM\CentreDeTriS5\Obj: [1]
    main.o                    1'110               252
    startup_stm32f407xx.o       760
    stm32f4xx_hal.o             152       12       12
    stm32f4xx_hal_can.o         306
    stm32f4xx_hal_cortex.o      240
    stm32f4xx_hal_gpio.o        484
    stm32f4xx_hal_i2c.o         384
    stm32f4xx_hal_msp.o         456
    stm32f4xx_hal_rcc.o       1'188
    stm32f4xx_hal_tim.o         618
    stm32f4xx_hal_tim_ex.o       68
    stm32f4xx_hal_uart.o        736
    stm32f4xx_it.o               16
    system_stm32f4xx.o           96       12        4
    -------------------------------------------------
    Total:                    6'614       24      268

dl7M_tln.a: [2]
    exit.o                        4
    low_level_init.o              4
    -------------------------------------------------
    Total:                        8

m7M_tls.a: [3]
    fpinit_M.o                   34
    -------------------------------------------------
    Total:                       34

rt7M_tl.a: [4]
    ABImemset.o                 102
    I64DivMod.o                 560
    I64DivZer.o                   2
    cexit.o                      10
    cmain.o                      30
    copy_init3.o                 46
    cstartup_M.o                 12
    data_init.o                  40
    memset.o                     20
    zero_init3.o                 58
    -------------------------------------------------
    Total:                      880

shb_l.a: [5]
    exit.o                       20
    -------------------------------------------------
    Total:                       20

    Gaps                         10        2
    Linker created                        36    1'024
-----------------------------------------------------
    Grand Total:              7'566       62    1'292


*******************************************************************************
*** ENTRY LIST
***

Entry                       Address   Size  Type      Object
-----                       -------   ----  ----      ------
.iar.init_table$$Base    0x800'1bac          --   Gb  - Linker created -
.iar.init_table$$Limit   0x800'1bd0          --   Gb  - Linker created -
?main                    0x800'1bd1         Code  Gb  cmain.o [4]
AHBPrescTable            0x800'1b50   0x10  Data  Gb  system_stm32f4xx.o [1]
APBPrescTable            0x800'1c64    0x8  Data  Gb  system_stm32f4xx.o [1]
CSTACK$$Base            0x2000'0110          --   Gb  - Linker created -
CSTACK$$Limit           0x2000'0510          --   Gb  - Linker created -
Error_Handler            0x800'05dd    0x2  Code  Gb  main.o [1]
HAL_CAN_Init             0x800'0b05  0x132  Code  Gb  stm32f4xx_hal_can.o [1]
HAL_CAN_MspInit          0x800'16b9   0x66  Code  Gb  stm32f4xx_hal_msp.o [1]
HAL_GPIO_Init            0x800'1365  0x1a8  Code  Gb  stm32f4xx_hal_gpio.o [1]
HAL_GPIO_WritePin        0x800'150d    0xe  Code  Gb  stm32f4xx_hal_gpio.o [1]
HAL_GetTick              0x800'18b1    0xc  Code  Wk  stm32f4xx_hal.o [1]
HAL_I2C_Init             0x800'0c65  0x166  Code  Gb  stm32f4xx_hal_i2c.o [1]
HAL_I2C_MspInit          0x800'171f   0x68  Code  Gb  stm32f4xx_hal_msp.o [1]
HAL_IncTick              0x800'1c29   0x10  Code  Wk  stm32f4xx_hal.o [1]
HAL_Init                 0x800'0619   0x30  Code  Gb  stm32f4xx_hal.o [1]
HAL_InitTick             0x800'1639   0x48  Code  Wk  stm32f4xx_hal.o [1]
HAL_MspInit              0x800'1681   0x38  Code  Gb  stm32f4xx_hal_msp.o [1]
HAL_NVIC_EnableIRQ       0x800'161b    0x2  Code  Gb  stm32f4xx_hal_cortex.o [1]
HAL_NVIC_SetPriority     0x800'15fd   0x1e  Code  Gb  stm32f4xx_hal_cortex.o [1]
HAL_NVIC_SetPriorityGrouping
                         0x800'15fb    0x2  Code  Gb  stm32f4xx_hal_cortex.o [1]
HAL_RCC_ClockConfig      0x800'0949  0x10e  Code  Gb  stm32f4xx_hal_rcc.o [1]
HAL_RCC_GetHCLKFreq      0x800'0a57    0x6  Code  Gb  stm32f4xx_hal_rcc.o [1]
HAL_RCC_GetPCLK1Freq     0x800'0a5d   0x16  Code  Gb  stm32f4xx_hal_rcc.o [1]
HAL_RCC_GetPCLK2Freq     0x800'0a73   0x16  Code  Gb  stm32f4xx_hal_rcc.o [1]
HAL_RCC_OscConfig        0x800'0661  0x2e8  Code  Wk  stm32f4xx_hal_rcc.o [1]
HAL_SYSTICK_Config       0x800'161d    0x2  Code  Gb  stm32f4xx_hal_cortex.o [1]
HAL_TIMEx_BreakCallback
                         0x800'1af5    0x2  Code  Wk  stm32f4xx_hal_tim_ex.o [1]
HAL_TIMEx_CommutCallback
                         0x800'1af9    0x2  Code  Wk  stm32f4xx_hal_tim_ex.o [1]
HAL_TIMEx_MasterConfigSynchronization
                         0x800'1045   0x40  Code  Gb  stm32f4xx_hal_tim_ex.o [1]
HAL_TIM_Base_Init        0x800'0de5   0x32  Code  Gb  stm32f4xx_hal_tim.o [1]
HAL_TIM_Base_MspInit     0x800'1787   0x38  Code  Gb  stm32f4xx_hal_msp.o [1]
HAL_TIM_IRQHandler       0x800'0e17  0x152  Code  Gb  stm32f4xx_hal_tim.o [1]
HAL_UART_Init            0x800'1085   0x5e  Code  Gb  stm32f4xx_hal_uart.o [1]
HAL_UART_MspInit         0x800'17bf   0x66  Code  Gb  stm32f4xx_hal_msp.o [1]
MX_CAN1_Init             0x800'02a3   0x34  Code  Lc  main.o [1]
MX_GPIO_Init             0x800'0383  0x20c  Code  Lc  main.o [1]
MX_I2C1_Init             0x800'02d7   0x32  Code  Lc  main.o [1]
MX_TIM6_Init             0x800'0309   0x4a  Code  Lc  main.o [1]
MX_USART2_UART_Init      0x800'0353   0x30  Code  Lc  main.o [1]
NVIC_EncodePriority      0x800'159d   0x36  Code  Lc  stm32f4xx_hal_cortex.o [1]
Region$$Table$$Base      0x800'1bac          --   Gb  - Linker created -
Region$$Table$$Limit     0x800'1bd0          --   Gb  - Linker created -
SysTick_Config           0x800'15d3   0x28  Code  Lc  stm32f4xx_hal_cortex.o [1]
SysTick_Handler          0x800'1c39    0x4  Code  Gb  stm32f4xx_it.o [1]
SystemClock_Config       0x800'01fd   0xa6  Code  Gb  main.o [1]
SystemCoreClock         0x2000'000c    0x4  Data  Gb  system_stm32f4xx.o [1]
SystemInit               0x800'1b01   0x3a  Code  Gb  system_stm32f4xx.o [1]
TIM6_DAC_IRQHandler      0x800'1c3d    0x6  Code  Gb  stm32f4xx_it.o [1]
TIM_Base_SetConfig       0x800'0f69   0xb0  Code  Gb  stm32f4xx_hal_tim.o [1]
UART_SetConfig           0x800'10e3  0x274  Code  Lc  stm32f4xx_hal_uart.o [1]
__NVIC_EnableIRQ         0x800'156d   0x16  Code  Lc  stm32f4xx_hal_cortex.o [1]
__NVIC_GetPriorityGrouping
                         0x800'1563    0xa  Code  Lc  stm32f4xx_hal_cortex.o [1]
__NVIC_SetPriority       0x800'1583   0x1a  Code  Lc  stm32f4xx_hal_cortex.o [1]
__NVIC_SetPriorityGrouping
                         0x800'1549   0x1a  Code  Lc  stm32f4xx_hal_cortex.o [1]
__aeabi_ldiv0            0x800'1afd         Code  Gb  I64DivZer.o [4]
__aeabi_memset           0x800'1849         Code  Gb  ABImemset.o [4]
__aeabi_uldivmod         0x800'18bd         Code  Gb  I64DivMod.o [4]
__cmain                  0x800'1bd1         Code  Gb  cmain.o [4]
__exit                   0x800'1c05   0x14  Code  Gb  exit.o [5]
__iar_Memset             0x800'1849         Code  Gb  ABImemset.o [4]
__iar_Memset_word        0x800'1851         Code  Gb  ABImemset.o [4]
__iar_copy_init3         0x800'0c37   0x2e  Code  Gb  copy_init3.o [4]
__iar_data_init3         0x800'1b61   0x28  Code  Gb  data_init.o [4]
__iar_init_vfp           0x800'1b89         Code  Gb  fpinit_M.o [3]
__iar_program_start      0x800'1c59         Code  Gb  cstartup_M.o [4]
__iar_zero_init3         0x800'05df   0x3a  Code  Gb  zero_init3.o [4]
__low_level_init         0x800'1bef    0x4  Code  Gb  low_level_init.o [2]
__vector_table           0x800'0000         Data  Gb  startup_stm32f407xx.o [1]
_call_main               0x800'1bdd         Code  Gb  cmain.o [4]
_exit                    0x800'1bf9         Code  Gb  cexit.o [4]
_main                    0x800'1beb         Code  Gb  cmain.o [4]
exit                     0x800'1bf3    0x4  Code  Gb  exit.o [2]
hcan1                   0x2000'00e4   0x28  Data  Gb  main.o [1]
hi2c1                   0x2000'0010   0x54  Data  Gb  main.o [1]
htim6                   0x2000'0064   0x40  Data  Gb  main.o [1]
huart2                  0x2000'00a4   0x40  Data  Gb  main.o [1]
main                     0x800'01d5   0x28  Code  Gb  main.o [1]
main_initialiseApresLeHAL
                         0x800'01c7    0xe  Code  Gb  main.o [1]
main_initialiseAvantLeHAL
                         0x800'0189   0x3e  Code  Gb  main.o [1]
memset                   0x800'064d   0x14  Code  Gb  memset.o [4]
uwTick                  0x2000'0004    0x4  Data  Gb  stm32f4xx_hal.o [1]
uwTickFreq              0x2000'0000    0x1  Data  Gb  stm32f4xx_hal.o [1]
uwTickPrio              0x2000'0008    0x4  Data  Gb  stm32f4xx_hal.o [1]


[1] = C:\Repos\Projet-5e-Session\Centre-De-Tri\Programmes\STM32\247-637 S-0010 V7\EWARM\CentreDeTriS5\Obj
[2] = dl7M_tln.a
[3] = m7M_tls.a
[4] = rt7M_tl.a
[5] = shb_l.a

  7'566 bytes of readonly  code memory
     62 bytes of readonly  data memory
  1'292 bytes of readwrite data memory

Errors: 16
Warnings: none
